Archive member included to satisfy reference by file (symbol)

FreeRTOS_kernel/libfreertos_kernel.a(port.c.obj)
                              CMakeFiles/RTOSDemo.dir/startup.c.obj (vPortSVCHandler)
FreeRTOS_kernel/libfreertos_kernel.a(queue.c.obj)
                              CMakeFiles/RTOSDemo.dir/main.c.obj (xQueueGenericCreate)
FreeRTOS_kernel/libfreertos_kernel.a(tasks.c.obj)
                              FreeRTOS_kernel/libfreertos_kernel.a(port.c.obj) (pxCurrentTCB)
FreeRTOS_kernel/libfreertos_kernel.a(timers.c.obj)
                              FreeRTOS_kernel/libfreertos_kernel.a(tasks.c.obj) (xTimerCreateTimerTask)
FreeRTOS_kernel/libfreertos_kernel.a(heap_4.c.obj)
                              FreeRTOS_kernel/libfreertos_kernel.a(queue.c.obj) (pvPortMalloc)
FreeRTOS_kernel/libfreertos_kernel.a(list.c.obj)
                              FreeRTOS_kernel/libfreertos_kernel.a(queue.c.obj) (vListInitialise)
/home/caspar/embedded/CORTEX_LM3S6965_GCC_QEMU/driver/arm-none-eabi-gcc/libdriver.a(gpio.o)
                              CMakeFiles/RTOSDemo.dir/LocalDemoFiles/osram128x64x4.c.obj (GPIODirModeSet)
/home/caspar/embedded/CORTEX_LM3S6965_GCC_QEMU/driver/arm-none-eabi-gcc/libdriver.a(interrupt.o)
                              /home/caspar/embedded/CORTEX_LM3S6965_GCC_QEMU/driver/arm-none-eabi-gcc/libdriver.a(gpio.o) (IntRegister)
/home/caspar/embedded/CORTEX_LM3S6965_GCC_QEMU/driver/arm-none-eabi-gcc/libdriver.a(ssi.o)
                              CMakeFiles/RTOSDemo.dir/LocalDemoFiles/osram128x64x4.c.obj (SSIConfigSetExpClk)
/home/caspar/embedded/CORTEX_LM3S6965_GCC_QEMU/driver/arm-none-eabi-gcc/libdriver.a(sysctl.o)
                              CMakeFiles/RTOSDemo.dir/main.c.obj (SysCtlPeripheralEnable)
/home/caspar/embedded/CORTEX_LM3S6965_GCC_QEMU/driver/arm-none-eabi-gcc/libdriver.a(uart.o)
                              CMakeFiles/RTOSDemo.dir/main.c.obj (UARTEnable)
/home/caspar/embedded/CORTEX_LM3S6965_GCC_QEMU/driver/arm-none-eabi-gcc/libdriver.a(cpu.o)
                              /home/caspar/embedded/CORTEX_LM3S6965_GCC_QEMU/driver/arm-none-eabi-gcc/libdriver.a(interrupt.o) (CPUcpsid)
/usr/lib/gcc/arm-none-eabi/13.2.1/../../../arm-none-eabi/lib/thumb/v7-m/nofp/libg_nano.a(libc_a-rand.o)
                              CMakeFiles/RTOSDemo.dir/main.c.obj (rand)
/usr/lib/gcc/arm-none-eabi/13.2.1/../../../arm-none-eabi/lib/thumb/v7-m/nofp/libg_nano.a(libc_a-assert.o)
                              /usr/lib/gcc/arm-none-eabi/13.2.1/../../../arm-none-eabi/lib/thumb/v7-m/nofp/libg_nano.a(libc_a-rand.o) (__assert_func)
/usr/lib/gcc/arm-none-eabi/13.2.1/../../../arm-none-eabi/lib/thumb/v7-m/nofp/libg_nano.a(libc_a-strlen-stub.o)
                              FreeRTOS_kernel/libfreertos_kernel.a(tasks.c.obj) (strlen)
/usr/lib/gcc/arm-none-eabi/13.2.1/../../../arm-none-eabi/lib/thumb/v7-m/nofp/libg_nano.a(libc_a-strcpy.o)
                              FreeRTOS_kernel/libfreertos_kernel.a(tasks.c.obj) (strcpy)
/usr/lib/gcc/arm-none-eabi/13.2.1/../../../arm-none-eabi/lib/thumb/v7-m/nofp/libg_nano.a(libc_a-impure.o)
                              /usr/lib/gcc/arm-none-eabi/13.2.1/../../../arm-none-eabi/lib/thumb/v7-m/nofp/libg_nano.a(libc_a-rand.o) (_impure_ptr)
/usr/lib/gcc/arm-none-eabi/13.2.1/../../../arm-none-eabi/lib/thumb/v7-m/nofp/libg_nano.a(libc_a-abort.o)
                              /usr/lib/gcc/arm-none-eabi/13.2.1/../../../arm-none-eabi/lib/thumb/v7-m/nofp/libg_nano.a(libc_a-assert.o) (abort)
/usr/lib/gcc/arm-none-eabi/13.2.1/../../../arm-none-eabi/lib/thumb/v7-m/nofp/libg_nano.a(libc_a-memset.o)
                              FreeRTOS_kernel/libfreertos_kernel.a(tasks.c.obj) (memset)
/usr/lib/gcc/arm-none-eabi/13.2.1/../../../arm-none-eabi/lib/thumb/v7-m/nofp/libg_nano.a(libc_a-putchar.o)
                              CMakeFiles/RTOSDemo.dir/syscalls.c.obj (putchar)
/usr/lib/gcc/arm-none-eabi/13.2.1/../../../arm-none-eabi/lib/thumb/v7-m/nofp/libg_nano.a(libc_a-errno.o)
                              CMakeFiles/RTOSDemo.dir/syscalls.c.obj (__errno)
/usr/lib/gcc/arm-none-eabi/13.2.1/../../../arm-none-eabi/lib/thumb/v7-m/nofp/libg_nano.a(libc_a-memcpy.o)
                              CMakeFiles/RTOSDemo.dir/main.c.obj (memcpy)
/usr/lib/gcc/arm-none-eabi/13.2.1/../../../arm-none-eabi/lib/thumb/v7-m/nofp/libg_nano.a(libc_a-malloc.o)
                              /usr/lib/gcc/arm-none-eabi/13.2.1/../../../arm-none-eabi/lib/thumb/v7-m/nofp/libg_nano.a(libc_a-rand.o) (malloc)
/usr/lib/gcc/arm-none-eabi/13.2.1/../../../arm-none-eabi/lib/thumb/v7-m/nofp/libg_nano.a(libc_a-strncpy.o)
                              CMakeFiles/RTOSDemo.dir/driver/ustdlib.c.obj (strncpy)
/usr/lib/gcc/arm-none-eabi/13.2.1/../../../arm-none-eabi/lib/thumb/v7-m/nofp/libg_nano.a(libc_a-putc.o)
                              /usr/lib/gcc/arm-none-eabi/13.2.1/../../../arm-none-eabi/lib/thumb/v7-m/nofp/libg_nano.a(libc_a-putchar.o) (_putc_r)
[...]
Memory Configuration

Name             Origin             Length             Attributes
FLASH            0x00000000         0x00040000         xr
SRAM             0x20000000         0x00010000         xrw
*default*        0x00000000         0xffffffff

Linker script and memory map

START GROUP
LOAD /usr/lib/gcc/arm-none-eabi/13.2.1/../../../arm-none-eabi/lib/thumb/v7-m/nofp/libc_nano.a
LOAD /usr/lib/gcc/arm-none-eabi/13.2.1/../../../arm-none-eabi/lib/thumb/v7-m/nofp/libm.a
END GROUP
LOAD CMakeFiles/RTOSDemo.dir/startup.c.obj
LOAD CMakeFiles/RTOSDemo.dir/main.c.obj
LOAD CMakeFiles/RTOSDemo.dir/LocalDemoFiles/osram128x64x4.c.obj
LOAD CMakeFiles/RTOSDemo.dir/driver/ustdlib.c.obj
LOAD CMakeFiles/RTOSDemo.dir/syscalls.c.obj
LOAD CMakeFiles/RTOSDemo.dir/isr_weak.c.obj
LOAD FreeRTOS_kernel/libfreertos_kernel.a
LOAD /home/caspar/embedded/CORTEX_LM3S6965_GCC_QEMU/driver/arm-none-eabi-gcc/libdriver.a
LOAD /home/caspar/embedded/CORTEX_LM3S6965_GCC_QEMU/driver/arm-none-eabi-gcc/libgr.a
START GROUP
LOAD /usr/lib/gcc/arm-none-eabi/13.2.1/thumb/v7-m/nofp/libgcc.a
LOAD /usr/lib/gcc/arm-none-eabi/13.2.1/../../../arm-none-eabi/lib/thumb/v7-m/nofp/libg_nano.a
LOAD /usr/lib/gcc/arm-none-eabi/13.2.1/../../../arm-none-eabi/lib/thumb/v7-m/nofp/libc_nano.a
END GROUP
START GROUP
LOAD /usr/lib/gcc/arm-none-eabi/13.2.1/thumb/v7-m/nofp/libgcc.a
LOAD /usr/lib/gcc/arm-none-eabi/13.2.1/../../../arm-none-eabi/lib/thumb/v7-m/nofp/libc_nano.a
END GROUP

.text           0x00000000     0xa31d
 *(.isr_vector)
 .isr_vector    0x00000000       0xf0 CMakeFiles/RTOSDemo.dir/startup.c.obj
                0x00000000                g_pfnVectors
 *(.text*)
 .text          0x000000f0       0x9c CMakeFiles/RTOSDemo.dir/startup.c.obj
                0x000000f0                ResetISR
                0x00000178                uipprintf
 .text          0x0000018c      0x6ec CMakeFiles/RTOSDemo.dir/main.c.obj
                0x0000018c                spawnFood
                0x000001d0                vKeyboardTask
                0x0000029c                vDrawTask
                0x000003b4                vSnakeTask
                0x00000648                vRestart
                0x000006fc                prvSetupHardware
                0x00000724                main
                0x000007c0                vAssertCalled
                0x000007cc                vApplicationTickHook
                0x000007d8                vApplicationStackOverflowHook
                0x000007e4                vApplicationGetIdleTaskMemory
                0x00000814                vApplicationGetTimerTaskMemory
 .text          0x00000878      0x6a0 CMakeFiles/RTOSDemo.dir/LocalDemoFiles/osram128x64x4.c.obj
                0x00000938                OSRAM128x64x4Clear
                0x0000099c                OSRAM128x64x4StringDraw
                0x00000b00                OSRAM128x64x4ImageDraw
                0x00000b9c                OSRAM128x64x4Enable
                0x00000c0c                OSRAM128x64x4Disable
                0x00000c68                OSRAM128x64x4Init
                0x00000d38                OSRAM128x64x4DisplayOn
                0x00000d84                OSRAM128x64x4DisplayOff
                0x00000d98                DefaultBlockDraw
 .text          0x00000f18      0x138 CMakeFiles/RTOSDemo.dir/syscalls.c.obj
                0x00000f18                _sbrk
                0x00000f68                _write
                0x00000fa0                _read
                0x00000fb8                _close
                0x00000fce                _fstat
                0x00000fec                _isatty
                0x00001000                _lseek
                0x00001018                _kill
                0x00001038                _getpid
                0x00001046                _exit
 .text          0x00001050        0x6 CMakeFiles/RTOSDemo.dir/isr_weak.c.obj
                0x00001050                Timer0IntHandler
                0x00001050                IntDefaultHandler
                0x00001050                vT3InterruptHandler
                0x00001050                vT2InterruptHandler
 *fill*         0x00001056        0x2 
 .text          0x00001058      0x41c FreeRTOS_kernel/libfreertos_kernel.a(port.c.obj)
                0x00001058                pxPortInitialiseStack
                0x000010fc                vPortSVCHandler
                0x00001142                xPortStartScheduler
                0x0000128c                vPortEndScheduler
                0x000012b0                vPortEnterCritical
                0x00001304                vPortExitCritical
                0x0000134c                xPortPendSVHandler
                0x00001392                xPortSysTickHandler
                0x000013d8                vPortSetupTimerInterrupt
                0x0000140c                vPortValidateInterruptPriority
 .text          0x00001474     0x190c FreeRTOS_kernel/libfreertos_kernel.a(queue.c.obj)
                0x00001474                xQueueGenericReset
                0x00001580                xQueueGenericCreateStatic
                0x0000161c                xQueueGenericGetStaticBuffers
                0x00001684                xQueueGenericCreate
                0x000017a0                xQueueCreateMutex
                0x000017d0                xQueueCreateMutexStatic
                0x00001806                xQueueGetMutexHolder
                0x0000184c                xQueueGetMutexHolderFromISR
                0x00001888                xQueueGiveMutexRecursive
                0x000018e8                xQueueTakeMutexRecursive
                0x00001970                xQueueCreateCountingSemaphoreStatic
                0x000019cc                xQueueCreateCountingSemaphore
                0x00001a20                xQueueGenericSend
                0x00001c28                xQueueGenericSendFromISR
                0x00001d90                xQueueGiveFromISR
                0x00001ecc                xQueueReceive
                0x0000206c                xQueueSemaphoreTake
                0x00002248                xQueuePeek
                0x000023ec                xQueueReceiveFromISR
                0x000024fc                xQueuePeekFromISR
                0x000025b0                uxQueueMessagesWaiting
                0x000025e4                uxQueueSpacesAvailable
                0x00002624                uxQueueMessagesWaitingFromISR
                0x00002654                vQueueDelete
                0x00002694                uxQueueGetQueueNumber
                0x000026aa                vQueueSetQueueNumber
                0x000026c4                ucQueueGetQueueType
                0x000026dc                uxQueueGetQueueItemSize
                0x000026f2                uxQueueGetQueueLength
                0x00002940                xQueueIsQueueEmptyFromISR
                0x000029ac                xQueueIsQueueFullFromISR
                0x000029ec                vQueueAddToRegistry
                0x00002a7c                pcQueueGetName
                0x00002ad8                vQueueUnregisterQueue
                0x00002b3c                vQueueWaitForMessageRestricted
                0x00002ba4                xQueueCreateSet
                0x00002bc2                xQueueCreateSetStatic
                0x00002bea                xQueueAddToSet
                0x00002c2c                xQueueRemoveFromSet
                0x00002c74                xQueueSelectFromSet
                0x00002c9a                xQueueSelectFromSetFromISR
 .text          0x00002d80     0x35e4 FreeRTOS_kernel/libfreertos_kernel.a(tasks.c.obj)
                0x00002e1c                xTaskCreateStatic
                0x00002ee4                xTaskCreate
                0x0000319a                vTaskDelete
                0x000032e4                xTaskDelayUntil
                0x000033c0                vTaskDelay
                0x00003420                eTaskGetState
                0x00003524                uxTaskPriorityGet
                0x0000356c                uxTaskPriorityGetFromISR
                0x000035d8                uxTaskBasePriorityGet
                0x00003620                uxTaskBasePriorityGetFromISR
                0x0000368c                vTaskPrioritySet
                0x00003848                vTaskSuspend
                0x00003a14                vTaskResume
                0x00003b1c                xTaskResumeFromISR
                0x00003d3c                vTaskStartScheduler
                0x00003dbc                vTaskEndScheduler
                0x00003e20                vTaskSuspendAll
                0x00003e3c                xTaskResumeAll
                0x00004044                xTaskGetTickCount
                0x00004060                xTaskGetTickCountFromISR
                0x00004084                uxTaskGetNumberOfTasks
                0x00004098                pcTaskGetName
                0x00004174                xTaskGetHandle
                0x00004238                xTaskGetStaticBuffers
                0x000042d8                uxTaskGetSystemState
                0x000043f4                xTaskGetIdleTaskHandle
                0x0000441c                xTaskGetIdleTaskHandleForCore
                0x00004464                xTaskCatchUpTicks
                0x000044b4                xTaskIncrementTick
                0x000046ec                vTaskSwitchContext
                0x000047f8                vTaskPlaceOnEventList
                0x00004838                vTaskPlaceOnUnorderedEventList
                0x000048d0                vTaskPlaceOnEventListRestricted
                0x00004954                xTaskRemoveFromEventList
                0x00004af8                vTaskRemoveFromUnorderedEventList
                0x00004c64                vTaskSetTimeOutState
                0x00004ca8                vTaskInternalSetTimeOutState
                0x00004cd4                xTaskCheckForTimeOut
                0x00004d8c                vTaskMissedYield
                0x00004da4                uxTaskGetTaskNumber
                0x00004dce                vTaskSetTaskNumber
                0x00004edc                vTaskGetInfo
                0x0000509e                uxTaskGetStackHighWaterMark
                0x00005174                xTaskGetCurrentTaskHandle
                0x00005190                xTaskGetCurrentTaskHandleForCore
                0x000051c0                xTaskGetSchedulerState
                0x000051fc                xTaskPriorityInherit
                0x0000533c                xTaskPriorityDisinherit
                0x00005474                vTaskPriorityDisinheritAfterTimeout
                0x0000561e                vTaskListTasks
                0x000057a4                uxTaskResetEventItemValue
                0x000057d4                pvTaskIncrementMutexHeldCount
                0x00005800                ulTaskGenericNotifyTake
                0x000058fc                xTaskGenericNotifyWait
                0x00005a28                xTaskGenericNotify
                0x00005c44                xTaskGenericNotifyFromISR
                0x00005ed4                vTaskGenericNotifyGiveFromISR
                0x000060c4                xTaskGenericNotifyStateClear
                0x00006140                ulTaskGenericNotifyValueClear
                0x000062c4                vTaskResetState
 .text          0x00006364      0xadc FreeRTOS_kernel/libfreertos_kernel.a(timers.c.obj)
                0x00006364                xTimerCreateTimerTask
                0x000063ec                xTimerCreate
                0x0000642e                xTimerCreateStatic
                0x00006500                xTimerGenericCommandFromTask
                0x00006584                xTimerGenericCommandFromISR
                0x000065ec                xTimerGetTimerDaemonTaskHandle
                0x00006614                xTimerGetPeriod
                0x00006640                vTimerSetReloadMode
                0x000066a0                xTimerGetReloadMode
                0x000066ec                uxTimerGetReloadMode
                0x00006708                xTimerGetExpiryTime
                0x00006738                xTimerGetStaticBuffer
                0x00006784                pcTimerGetName
                0x00006c9c                xTimerIsTimerActive
                0x00006ce8                pvTimerGetTimerID
                0x00006d20                vTimerSetTimerID
                0x00006d58                xTimerPendFunctionCallFromISR
                0x00006d98                xTimerPendFunctionCall
                0x00006df0                uxTimerGetTimerNumber
                0x00006e06                vTimerSetTimerNumber
                0x00006e20                vTimerResetState
 .text          0x00006e40      0x62c FreeRTOS_kernel/libfreertos_kernel.a(heap_4.c.obj)
                0x00006e40                pvPortMalloc
                0x0000705c                vPortFree
                0x00007124                xPortGetFreeHeapSize
                0x00007138                xPortGetMinimumEverFreeHeapSize
                0x0000714c                xPortResetHeapMinimumEverFreeHeapSize
                0x00007168                vPortInitialiseBlocks
                0x00007174                pvPortCalloc
                0x00007370                vPortGetHeapStats
                0x0000742c                vPortHeapResetState
 .text          0x0000746c      0x15e FreeRTOS_kernel/libfreertos_kernel.a(list.c.obj)
                0x0000746c                vListInitialise
                0x000074aa                vListInitialiseItem
                0x000074c2                vListInsertEnd
                0x00007508                vListInsert
                0x00007578                uxListRemove
 *fill*         0x000075ca        0x2 
 .text.GPIODirModeSet
                0x000075cc       0x44 /home/caspar/embedded/CORTEX_LM3S6965_GCC_QEMU/driver/arm-none-eabi-gcc/libdriver.a(gpio.o)
                0x000075cc                GPIODirModeSet
 .text.GPIOPadConfigSet
                0x00007610      0x130 /home/caspar/embedded/CORTEX_LM3S6965_GCC_QEMU/driver/arm-none-eabi-gcc/libdriver.a(gpio.o)
                0x00007610                GPIOPadConfigSet
 .text.GPIOPinWrite
                0x00007740        0x8 /home/caspar/embedded/CORTEX_LM3S6965_GCC_QEMU/driver/arm-none-eabi-gcc/libdriver.a(gpio.o)
                0x00007740                GPIOPinWrite
 .text.GPIOPinTypeSSI
                0x00007748       0x1c /home/caspar/embedded/CORTEX_LM3S6965_GCC_QEMU/driver/arm-none-eabi-gcc/libdriver.a(gpio.o)
                0x00007748                GPIOPinTypeSSI
 .text.SSIConfigSetExpClk
                0x00007764       0x48 /home/caspar/embedded/CORTEX_LM3S6965_GCC_QEMU/driver/arm-none-eabi-gcc/libdriver.a(ssi.o)
                0x00007764                SSIConfigSetExpClk
 .text.SSIEnable
                0x000077ac        0xc /home/caspar/embedded/CORTEX_LM3S6965_GCC_QEMU/driver/arm-none-eabi-gcc/libdriver.a(ssi.o)
                0x000077ac                SSIEnable
 .text.SSIDisable
                0x000077b8        0xc /home/caspar/embedded/CORTEX_LM3S6965_GCC_QEMU/driver/arm-none-eabi-gcc/libdriver.a(ssi.o)
                0x000077b8                SSIDisable
 .text.SSIDataPut
                0x000077c4       0x10 /home/caspar/embedded/CORTEX_LM3S6965_GCC_QEMU/driver/arm-none-eabi-gcc/libdriver.a(ssi.o)
                0x000077c4                SSIDataPut
 .text.SSIDataGet
                0x000077d4       0x14 /home/caspar/embedded/CORTEX_LM3S6965_GCC_QEMU/driver/arm-none-eabi-gcc/libdriver.a(ssi.o)
                0x000077d4                SSIDataGet
 .text.SSIDataGetNonBlocking
                0x000077e8       0x14 /home/caspar/embedded/CORTEX_LM3S6965_GCC_QEMU/driver/arm-none-eabi-gcc/libdriver.a(ssi.o)
                0x000077e8                SSIDataGetNonBlocking
 .text.SysCtlPeripheralEnable
                0x000077fc       0x24 /home/caspar/embedded/CORTEX_LM3S6965_GCC_QEMU/driver/arm-none-eabi-gcc/libdriver.a(sysctl.o)
                0x000077fc                SysCtlPeripheralEnable
 .text.SysCtlDelay
                0x00007820        0x8 /home/caspar/embedded/CORTEX_LM3S6965_GCC_QEMU/driver/arm-none-eabi-gcc/libdriver.a(sysctl.o)
                0x00007820                SysCtlDelay
 .text.SysCtlClockSet
                0x00007828      0x168 /home/caspar/embedded/CORTEX_LM3S6965_GCC_QEMU/driver/arm-none-eabi-gcc/libdriver.a(sysctl.o)
                0x00007828                SysCtlClockSet
 .text.SysCtlClockGet
                0x00007990      0x150 /home/caspar/embedded/CORTEX_LM3S6965_GCC_QEMU/driver/arm-none-eabi-gcc/libdriver.a(sysctl.o)
                0x00007990                SysCtlClockGet
 .text.UARTEnable
                0x00007ae0       0x18 /home/caspar/embedded/CORTEX_LM3S6965_GCC_QEMU/driver/arm-none-eabi-gcc/libdriver.a(uart.o)
                0x00007ae0                UARTEnable
 .text.UARTCharsAvail
                0x00007af8       0x10 /home/caspar/embedded/CORTEX_LM3S6965_GCC_QEMU/driver/arm-none-eabi-gcc/libdriver.a(uart.o)
                0x00007af8                UARTCharsAvail
 .text.UARTCharGetNonBlocking
                0x00007b08       0x10 /home/caspar/embedded/CORTEX_LM3S6965_GCC_QEMU/driver/arm-none-eabi-gcc/libdriver.a(uart.o)
                0x00007b08                UARTCharGetNonBlocking
 .text.UARTCharPut
                0x00007b18       0x10 /home/caspar/embedded/CORTEX_LM3S6965_GCC_QEMU/driver/arm-none-eabi-gcc/libdriver.a(uart.o)
                0x00007b18                UARTCharPut
 .text          0x00007b28       0xf0 /usr/lib/gcc/arm-none-eabi/13.2.1/../../../arm-none-eabi/lib/thumb/v7-m/nofp/libg_nano.a(libc_a-rand.o)
                0x00007b28                srand
                0x00007b8c                rand
 .text          0x00007c18       0x4c /usr/lib/gcc/arm-none-eabi/13.2.1/../../../arm-none-eabi/lib/thumb/v7-m/nofp/libg_nano.a(libc_a-assert.o)
                0x00007c18                __assert_func
                0x00007c58                __assert
 .text          0x00007c64       0x5c /usr/lib/gcc/arm-none-eabi/13.2.1/../../../arm-none-eabi/lib/thumb/v7-m/nofp/libg_nano.a(libc_a-strlen-stub.o)
                0x00007c64                strlen
 .text          0x00007cc0       0xbc /usr/lib/gcc/arm-none-eabi/13.2.1/../../../arm-none-eabi/lib/thumb/v7-m/nofp/libg_nano.a(libc_a-strcpy.o)
                0x00007cc0                strcpy
 .text          0x00007d7c       0x10 /usr/lib/gcc/arm-none-eabi/13.2.1/../../../arm-none-eabi/lib/thumb/v7-m/nofp/libg_nano.a(libc_a-abort.o)
                0x00007d7c                abort
 .text          0x00007d8c       0xa0 /usr/lib/gcc/arm-none-eabi/13.2.1/../../../arm-none-eabi/lib/thumb/v7-m/nofp/libg_nano.a(libc_a-memset.o)
                0x00007d8c                memset
 .text          0x00007e2c       0x18 /usr/lib/gcc/arm-none-eabi/13.2.1/../../../arm-none-eabi/lib/thumb/v7-m/nofp/libg_nano.a(libc_a-putchar.o)
                0x00007e2c                _putchar_r
                0x00007e34                putchar
 .text          0x00007e44        0xc /usr/lib/gcc/arm-none-eabi/13.2.1/../../../arm-none-eabi/lib/thumb/v7-m/nofp/libg_nano.a(libc_a-errno.o)
                0x00007e44                __errno
 .text          0x00007e50       0xec /usr/lib/gcc/arm-none-eabi/13.2.1/../../../arm-none-eabi/lib/thumb/v7-m/nofp/libg_nano.a(libc_a-memcpy.o)
                0x00007e50                memcpy
 .text          0x00007f3c       0x20 /usr/lib/gcc/arm-none-eabi/13.2.1/../../../arm-none-eabi/lib/thumb/v7-m/nofp/libg_nano.a(libc_a-malloc.o)
                0x00007f3c                malloc
                0x00007f4c                free
 .text          0x00007f5c       0xa4 /usr/lib/gcc/arm-none-eabi/13.2.1/../../../arm-none-eabi/lib/thumb/v7-m/nofp/libg_nano.a(libc_a-putc.o)
                0x00007f5c                _putc_r
                0x00007fa8                putc
 .text          0x00008000       0x44 /usr/lib/gcc/arm-none-eabi/13.2.1/../../../arm-none-eabi/lib/thumb/v7-m/nofp/libg_nano.a(libc_a-fprintf.o)
                0x00008000                _fprintf_r
                0x00008000                _fiprintf_r
                0x0000801c                fprintf
                0x0000801c                fiprintf
 .text          0x00008044      0x10c /usr/lib/gcc/arm-none-eabi/13.2.1/../../../arm-none-eabi/lib/thumb/v7-m/nofp/libg_nano.a(libc_a-snprintf.o)
                0x00008044                _sniprintf_r
                0x00008044                _snprintf_r
                0x000080c4                snprintf
                0x000080c4                sniprintf
 .text          0x00008150      0x2ec /usr/lib/gcc/arm-none-eabi/13.2.1/../../../arm-none-eabi/lib/thumb/v7-m/nofp/libg_nano.a(libc_a-nano-vfprintf.o)
                0x00008178                __sfputs_r
                0x000081a8                __sprint_r
                0x000081c8                _vfiprintf_r
                0x000081c8                _vfprintf_r
                0x00008420                vfiprintf
                0x00008420                vfprintf
 .text          0x0000843c       0x9c /usr/lib/gcc/arm-none-eabi/13.2.1/../../../arm-none-eabi/lib/thumb/v7-m/nofp/libg_nano.a(libc_a-wbuf.o)
                0x0000843c                __swbuf_r
                0x000084c4                __swbuf
 .text          0x000084d8      0x400 /usr/lib/gcc/arm-none-eabi/13.2.1/../../../arm-none-eabi/lib/thumb/v7-m/nofp/libg_nano.a(libc_a-nano-svfprintf.o)
                0x000084d8                __ssputs_r
                0x00008598                __ssprint_r
                0x000086a8                _svfprintf_r
                0x000086a8                _svfiprintf_r
 .text          0x000088d8      0x2ec /usr/lib/gcc/arm-none-eabi/13.2.1/../../../arm-none-eabi/lib/thumb/v7-m/nofp/libg_nano.a(libc_a-fvwrite.o)
                0x000088d8                __sfvwrite_r
 .text          0x00008bc4      0x264 /usr/lib/gcc/arm-none-eabi/13.2.1/../../../arm-none-eabi/lib/thumb/v7-m/nofp/libg_nano.a(libc_a-signal.o)
                0x00008bc4                _init_signal_r
                0x00008bf0                _signal_r
                0x00008c3c                _raise_r
                0x00008c8c                __sigtramp_r
                0x00008cf0                raise
                0x00008d44                signal
                0x00008d90                _init_signal
                0x00008dc4                __sigtramp
 .text          0x00008e28      0x224 /usr/lib/gcc/arm-none-eabi/13.2.1/../../../arm-none-eabi/lib/thumb/v7-m/nofp/libg_nano.a(libc_a-findfp.o)
                0x00008f58                __sfp
                0x00008ffc                __sinit
                0x0000901c                __sfp_lock_acquire
                0x00009020                __sfp_lock_release
                0x00009024                __fp_lock_all
                0x00009038                __fp_unlock_all
 .text          0x0000904c      0x198 /usr/lib/gcc/arm-none-eabi/13.2.1/../../../arm-none-eabi/lib/thumb/v7-m/nofp/libg_nano.a(libc_a-fflush.o)
                0x0000904c                __sflush_r
                0x00009160                _fflush_r
                0x00009198                fflush
 .text          0x000091e4      0x14c /usr/lib/gcc/arm-none-eabi/13.2.1/../../../arm-none-eabi/lib/thumb/v7-m/nofp/libg_nano.a(libc_a-mallocr.o)
                0x00009230                _malloc_r
 .text          0x00009330       0xbc /usr/lib/gcc/arm-none-eabi/13.2.1/../../../arm-none-eabi/lib/thumb/v7-m/nofp/libg_nano.a(libc_a-freer.o)
                0x00009330                _free_r
 .text          0x000093ec       0xfc /usr/lib/gcc/arm-none-eabi/13.2.1/../../../arm-none-eabi/lib/thumb/v7-m/nofp/libg_nano.a(libc_a-memmove.o)
                0x000093ec                memmove
 .text          0x000094e8       0x44 /usr/lib/gcc/arm-none-eabi/13.2.1/../../../arm-none-eabi/lib/thumb/v7-m/nofp/libg_nano.a(libc_a-fwalk.o)
                0x000094e8                _fwalk_sglue
 .text          0x0000952c       0xc4 /usr/lib/gcc/arm-none-eabi/13.2.1/../../../arm-none-eabi/lib/thumb/v7-m/nofp/libg_nano.a(libc_a-wsetup.o)
                0x0000952c                __swsetup_r
 .text          0x000095f0       0x64 /usr/lib/gcc/arm-none-eabi/13.2.1/../../../arm-none-eabi/lib/thumb/v7-m/nofp/libg_nano.a(libc_a-reallocr.o)
                0x000095f0                _realloc_r
 .text          0x00009654      0x3a8 /usr/lib/gcc/arm-none-eabi/13.2.1/../../../arm-none-eabi/lib/thumb/v7-m/nofp/libg_nano.a(libc_a-nano-vfprintf_i.o)
                0x00009654                _printf_common
                0x00009778                _printf_i
 .text          0x000099fc        0x8 /usr/lib/gcc/arm-none-eabi/13.2.1/../../../arm-none-eabi/lib/thumb/v7-m/nofp/libg_nano.a(libc_a-mlock.o)
                0x000099fc                __malloc_lock
                0x00009a00                __malloc_unlock
 .text          0x00009a04      0x110 /usr/lib/gcc/arm-none-eabi/13.2.1/../../../arm-none-eabi/lib/thumb/v7-m/nofp/libg_nano.a(libc_a-makebuf.o)
                0x00009a04                __smakebuf_r
                0x00009ac8                __swhatbuf_r
 .text          0x00009b14       0x98 /usr/lib/gcc/arm-none-eabi/13.2.1/../../../arm-none-eabi/lib/thumb/v7-m/nofp/libg_nano.a(libc_a-memchr-stub.o)
                0x00009b14                memchr
 .text          0x00009bac       0x24 /usr/lib/gcc/arm-none-eabi/13.2.1/../../../arm-none-eabi/lib/thumb/v7-m/nofp/libg_nano.a(libc_a-isattyr.o)
                0x00009bac                _isatty_r
 .text          0x00009bd0       0x24 /usr/lib/gcc/arm-none-eabi/13.2.1/../../../arm-none-eabi/lib/thumb/v7-m/nofp/libg_nano.a(libc_a-sbrkr.o)
                0x00009bd0                _sbrk_r
 .text          0x00009bf4       0x94 /usr/lib/gcc/arm-none-eabi/13.2.1/../../../arm-none-eabi/lib/thumb/v7-m/nofp/libg_nano.a(libc_a-stdio.o)
                0x00009bf4                __sread
                0x00009c18                __seofread
                0x00009c1c                __swrite
                0x00009c5c                __sseek
                0x00009c80                __sclose
 .text          0x00009c88       0x10 /usr/lib/gcc/arm-none-eabi/13.2.1/../../../arm-none-eabi/lib/thumb/v7-m/nofp/libg_nano.a(libc_a-msizer.o)
                0x00009c88                _malloc_usable_size_r
 .text          0x00009c98       0x2c /usr/lib/gcc/arm-none-eabi/13.2.1/../../../arm-none-eabi/lib/thumb/v7-m/nofp/libg_nano.a(libc_a-signalr.o)
                0x00009c98                _kill_r
                0x00009cc0                _getpid_r
 .text          0x00009cc4       0x24 /usr/lib/gcc/arm-none-eabi/13.2.1/../../../arm-none-eabi/lib/thumb/v7-m/nofp/libg_nano.a(libc_a-closer.o)
                0x00009cc4                _close_r
 .text          0x00009ce8       0x2c /usr/lib/gcc/arm-none-eabi/13.2.1/../../../arm-none-eabi/lib/thumb/v7-m/nofp/libg_nano.a(libc_a-readr.o)
                0x00009ce8                _read_r
 .text          0x00009d14       0x28 /usr/lib/gcc/arm-none-eabi/13.2.1/../../../arm-none-eabi/lib/thumb/v7-m/nofp/libg_nano.a(libc_a-fstatr.o)
                0x00009d14                _fstat_r
 .text          0x00009d3c       0x2c /usr/lib/gcc/arm-none-eabi/13.2.1/../../../arm-none-eabi/lib/thumb/v7-m/nofp/libg_nano.a(libc_a-lseekr.o)
                0x00009d3c                _lseek_r
 .text          0x00009d68       0x2c /usr/lib/gcc/arm-none-eabi/13.2.1/../../../arm-none-eabi/lib/thumb/v7-m/nofp/libg_nano.a(libc_a-writer.o)
                0x00009d68                _write_r
 *(.rodata*)
 .rodata        0x00009d94       0x39 CMakeFiles/RTOSDemo.dir/startup.c.obj
 *fill*         0x00009dcd        0x3 
 .rodata        0x00009dd0       0x49 CMakeFiles/RTOSDemo.dir/main.c.obj
 *fill*         0x00009e19        0x3 
 .rodata        0x00009e1c      0x243 CMakeFiles/RTOSDemo.dir/LocalDemoFiles/osram128x64x4.c.obj
 *fill*         0x0000a05f        0x1 
 .rodata        0x0000a060       0x56 FreeRTOS_kernel/libfreertos_kernel.a(port.c.obj)
 *fill*         0x0000a0b6        0x2 
 .rodata        0x0000a0b8       0x3e FreeRTOS_kernel/libfreertos_kernel.a(queue.c.obj)
 *fill*         0x0000a0f6        0x2 
 .rodata        0x0000a0f8       0x5b FreeRTOS_kernel/libfreertos_kernel.a(tasks.c.obj)
 *fill*         0x0000a153        0x1 
 .rodata        0x0000a154       0x4d FreeRTOS_kernel/libfreertos_kernel.a(timers.c.obj)
 *fill*         0x0000a1a1        0x3 
 .rodata        0x0000a1a4       0x54 FreeRTOS_kernel/libfreertos_kernel.a(heap_4.c.obj)
 .rodata.g_pulXtals
                0x0000a1f8       0x5c /home/caspar/embedded/CORTEX_LM3S6965_GCC_QEMU/driver/arm-none-eabi-gcc/libdriver.a(sysctl.o)
 .rodata.g_pulRCGCRegs
                0x0000a254        0xc /home/caspar/embedded/CORTEX_LM3S6965_GCC_QEMU/driver/arm-none-eabi-gcc/libdriver.a(sysctl.o)
 .rodata.str1.4
                0x0000a260       0xbd /usr/lib/gcc/arm-none-eabi/13.2.1/../../../arm-none-eabi/lib/thumb/v7-m/nofp/libg_nano.a(libc_a-rand.o)
                                 0x44 (size before relaxing)
 .rodata.str1.4
                0x0000a31d       0x43 /usr/lib/gcc/arm-none-eabi/13.2.1/../../../arm-none-eabi/lib/thumb/v7-m/nofp/libg_nano.a(libc_a-assert.o)
 .rodata.str1.4
                0x0000a31d       0x13 /usr/lib/gcc/arm-none-eabi/13.2.1/../../../arm-none-eabi/lib/thumb/v7-m/nofp/libg_nano.a(libc_a-nano-vfprintf.o)
 .rodata.str1.4
                0x0000a31d       0x13 /usr/lib/gcc/arm-none-eabi/13.2.1/../../../arm-none-eabi/lib/thumb/v7-m/nofp/libg_nano.a(libc_a-nano-svfprintf.o)
 .rodata.str1.4
                0x0000a31d       0x25 /usr/lib/gcc/arm-none-eabi/13.2.1/../../../arm-none-eabi/lib/thumb/v7-m/nofp/libg_nano.a(libc_a-nano-vfprintf_i.o)
                0x0000a31d                        _etext = .

.glue_7         0x0000a320        0x0
 .glue_7        0x0000a320        0x0 linker stubs

.glue_7t        0x0000a320        0x0
 .glue_7t       0x0000a320        0x0 linker stubs

.vfp11_veneer   0x0000a320        0x0
 .vfp11_veneer  0x0000a320        0x0 linker stubs

.v4_bx          0x0000a320        0x0
 .v4_bx         0x0000a320        0x0 linker stubs

.iplt           0x0000a320        0x0
 .iplt          0x0000a320        0x0 CMakeFiles/RTOSDemo.dir/startup.c.obj

.rel.dyn        0x0000a320        0x0
 .rel.iplt      0x0000a320        0x0 CMakeFiles/RTOSDemo.dir/startup.c.obj

.data           0x20000000       0x78 load address 0x0000a31d
                0x20000000                        _data = .
 *(vtable)
 *(.data*)
 .data          0x20000000       0x14 CMakeFiles/RTOSDemo.dir/main.c.obj
                0x20000010                vOLEDStringDraw
 .data          0x20000014        0x4 CMakeFiles/RTOSDemo.dir/syscalls.c.obj
 .data          0x20000018        0x4 FreeRTOS_kernel/libfreertos_kernel.a(port.c.obj)
 .data          0x2000001c       0x50 /usr/lib/gcc/arm-none-eabi/13.2.1/../../../arm-none-eabi/lib/thumb/v7-m/nofp/libg_nano.a(libc_a-impure.o)
                0x2000001c                _impure_ptr
                0x20000020                _impure_data
 .data          0x2000006c        0xc /usr/lib/gcc/arm-none-eabi/13.2.1/../../../arm-none-eabi/lib/thumb/v7-m/nofp/libg_nano.a(libc_a-findfp.o)
                0x2000006c                __sglue
                0x20000078                        _edata = .

.igot.plt       0x20000078        0x0 load address 0x0000a398
 .igot.plt      0x20000078        0x0 CMakeFiles/RTOSDemo.dir/startup.c.obj

.bss            0x20000078     0xea38 load address 0x0000a398
                0x20000078                        _bss = .
 *(.bss*)
 .bss           0x20000078      0x1e0 CMakeFiles/RTOSDemo.dir/startup.c.obj
 .bss           0x20000258      0xb98 CMakeFiles/RTOSDemo.dir/main.c.obj
                0x20000258                xKeyQueue
                0x2000025c                xGameStateMutex
 .bss           0x20000df0       0x1c CMakeFiles/RTOSDemo.dir/LocalDemoFiles/osram128x64x4.c.obj
 .bss           0x20000e0c     0x1000 CMakeFiles/RTOSDemo.dir/syscalls.c.obj
 .bss           0x20001e0c        0x8 FreeRTOS_kernel/libfreertos_kernel.a(port.c.obj)
 .bss           0x20001e14       0x50 FreeRTOS_kernel/libfreertos_kernel.a(queue.c.obj)
                0x20001e14                xQueueRegistry
 .bss           0x20001e64      0x118 FreeRTOS_kernel/libfreertos_kernel.a(tasks.c.obj)
                0x20001e64                pxCurrentTCB
 .bss           0x20001f7c      0x1d0 FreeRTOS_kernel/libfreertos_kernel.a(timers.c.obj)
 .bss           0x2000214c     0xc81c FreeRTOS_kernel/libfreertos_kernel.a(heap_4.c.obj)
 .bss           0x2000e968      0x13c /usr/lib/gcc/arm-none-eabi/13.2.1/../../../arm-none-eabi/lib/thumb/v7-m/nofp/libg_nano.a(libc_a-findfp.o)
                0x2000e968                __sf
                0x2000eaa0                __stdio_exit_handler
 .bss           0x2000eaa4        0x8 /usr/lib/gcc/arm-none-eabi/13.2.1/../../../arm-none-eabi/lib/thumb/v7-m/nofp/libg_nano.a(libc_a-mallocr.o)
                0x2000eaa4                __malloc_sbrk_start
                0x2000eaa8                __malloc_free_list
 .bss           0x2000eaac        0x4 /usr/lib/gcc/arm-none-eabi/13.2.1/../../../arm-none-eabi/lib/thumb/v7-m/nofp/libg_nano.a(libc_a-reent.o)
                0x2000eaac                errno
 *(COMMON)
                0x2000eab0                        _ebss = .

/DISCARD/
 *(.ARM.exidx)
OUTPUT(RTOSDemo.elf elf32-littlearm)
LOAD linker stubs

.debug_info     0x00000000    0x1c5a7
 .debug_info    0x00000000      0x1aa CMakeFiles/RTOSDemo.dir/startup.c.obj
 .debug_info    0x000001aa      0x9b6 CMakeFiles/RTOSDemo.dir/main.c.obj
 .debug_info    0x00000b60      0x5c6 CMakeFiles/RTOSDemo.dir/LocalDemoFiles/osram128x64x4.c.obj
 .debug_info    0x00001126      0x4f7 CMakeFiles/RTOSDemo.dir/syscalls.c.obj
 .debug_info    0x0000161d       0x7f CMakeFiles/RTOSDemo.dir/isr_weak.c.obj
 .debug_info    0x0000169c      0x41a FreeRTOS_kernel/libfreertos_kernel.a(port.c.obj)
 .debug_info    0x00001ab6     0x1a26 FreeRTOS_kernel/libfreertos_kernel.a(queue.c.obj)
 .debug_info    0x000034dc     0x2926 FreeRTOS_kernel/libfreertos_kernel.a(tasks.c.obj)
 .debug_info    0x00005e02     0x13ac FreeRTOS_kernel/libfreertos_kernel.a(timers.c.obj)
 .debug_info    0x000071ae      0x4d1 FreeRTOS_kernel/libfreertos_kernel.a(heap_4.c.obj)
 .debug_info    0x0000767f      0x29a FreeRTOS_kernel/libfreertos_kernel.a(list.c.obj)
 .debug_info    0x00007919      0x851 /usr/lib/gcc/arm-none-eabi/13.2.1/../../../arm-none-eabi/lib/thumb/v7-m/nofp/libg_nano.a(libc_a-rand.o)
 .debug_info    0x0000816a      0x825 /usr/lib/gcc/arm-none-eabi/13.2.1/../../../arm-none-eabi/lib/thumb/v7-m/nofp/libg_nano.a(libc_a-assert.o)
 .debug_info    0x0000898f       0xbd /usr/lib/gcc/arm-none-eabi/13.2.1/../../../arm-none-eabi/lib/thumb/v7-m/nofp/libg_nano.a(libc_a-strlen-stub.o)
 .debug_info    0x00008a4c       0xc3 /usr/lib/gcc/arm-none-eabi/13.2.1/../../../arm-none-eabi/lib/thumb/v7-m/nofp/libg_nano.a(libc_a-strcpy.o)
 .debug_info    0x00008b0f      0x70b /usr/lib/gcc/arm-none-eabi/13.2.1/../../../arm-none-eabi/lib/thumb/v7-m/nofp/libg_nano.a(libc_a-impure.o)
 .debug_info    0x0000921a       0xd8 /usr/lib/gcc/arm-none-eabi/13.2.1/../../../arm-none-eabi/lib/thumb/v7-m/nofp/libg_nano.a(libc_a-abort.o)
 .debug_info    0x000092f2      0x135 /usr/lib/gcc/arm-none-eabi/13.2.1/../../../arm-none-eabi/lib/thumb/v7-m/nofp/libg_nano.a(libc_a-memset.o)
 .debug_info    0x00009427      0x7bf /usr/lib/gcc/arm-none-eabi/13.2.1/../../../arm-none-eabi/lib/thumb/v7-m/nofp/libg_nano.a(libc_a-putchar.o)
 .debug_info    0x00009be6      0x6f1 /usr/lib/gcc/arm-none-eabi/13.2.1/../../../arm-none-eabi/lib/thumb/v7-m/nofp/libg_nano.a(libc_a-errno.o)
 .debug_info    0x0000a2d7       0x33 /usr/lib/gcc/arm-none-eabi/13.2.1/../../../arm-none-eabi/lib/thumb/v7-m/nofp/libg_nano.a(libc_a-memcpy.o)
 .debug_info    0x0000a30a      0x796 /usr/lib/gcc/arm-none-eabi/13.2.1/../../../arm-none-eabi/lib/thumb/v7-m/nofp/libg_nano.a(libc_a-malloc.o)
 .debug_info    0x0000aaa0      0x908 /usr/lib/gcc/arm-none-eabi/13.2.1/../../../arm-none-eabi/lib/thumb/v7-m/nofp/libg_nano.a(libc_a-putc.o)
 .debug_info    0x0000b3a8      0x85d /usr/lib/gcc/arm-none-eabi/13.2.1/../../../arm-none-eabi/lib/thumb/v7-m/nofp/libg_nano.a(libc_a-fprintf.o)
 .debug_info    0x0000bc05      0x8ff /usr/lib/gcc/arm-none-eabi/13.2.1/../../../arm-none-eabi/lib/thumb/v7-m/nofp/libg_nano.a(libc_a-snprintf.o)
 .debug_info    0x0000c504     0x108a /usr/lib/gcc/arm-none-eabi/13.2.1/../../../arm-none-eabi/lib/thumb/v7-m/nofp/libg_nano.a(libc_a-nano-vfprintf.o)
 .debug_info    0x0000d58e      0x863 /usr/lib/gcc/arm-none-eabi/13.2.1/../../../arm-none-eabi/lib/thumb/v7-m/nofp/libg_nano.a(libc_a-wbuf.o)
 .debug_info    0x0000ddf1     0x1094 /usr/lib/gcc/arm-none-eabi/13.2.1/../../../arm-none-eabi/lib/thumb/v7-m/nofp/libg_nano.a(libc_a-nano-svfprintf.o)
 .debug_info    0x0000ee85      0xb1e /usr/lib/gcc/arm-none-eabi/13.2.1/../../../arm-none-eabi/lib/thumb/v7-m/nofp/libg_nano.a(libc_a-fvwrite.o)
 .debug_info    0x0000f9a3      0xc39 /usr/lib/gcc/arm-none-eabi/13.2.1/../../../arm-none-eabi/lib/thumb/v7-m/nofp/libg_nano.a(libc_a-signal.o)
 .debug_info    0x000105dc      0xe8c /usr/lib/gcc/arm-none-eabi/13.2.1/../../../arm-none-eabi/lib/thumb/v7-m/nofp/libg_nano.a(libc_a-findfp.o)
 .debug_info    0x00011468      0xa30 /usr/lib/gcc/arm-none-eabi/13.2.1/../../../arm-none-eabi/lib/thumb/v7-m/nofp/libg_nano.a(libc_a-fflush.o)
 .debug_info    0x00011e98      0x9b6 /usr/lib/gcc/arm-none-eabi/13.2.1/../../../arm-none-eabi/lib/thumb/v7-m/nofp/libg_nano.a(libc_a-mallocr.o)
 .debug_info    0x0001284e      0x87f /usr/lib/gcc/arm-none-eabi/13.2.1/../../../arm-none-eabi/lib/thumb/v7-m/nofp/libg_nano.a(libc_a-freer.o)
 .debug_info    0x000130cd      0x148 /usr/lib/gcc/arm-none-eabi/13.2.1/../../../arm-none-eabi/lib/thumb/v7-m/nofp/libg_nano.a(libc_a-memmove.o)
 .debug_info    0x00013215      0x7c8 /usr/lib/gcc/arm-none-eabi/13.2.1/../../../arm-none-eabi/lib/thumb/v7-m/nofp/libg_nano.a(libc_a-fwalk.o)
 .debug_info    0x000139dd      0x7b1 /usr/lib/gcc/arm-none-eabi/13.2.1/../../../arm-none-eabi/lib/thumb/v7-m/nofp/libg_nano.a(libc_a-wsetup.o)
 .debug_info    0x0001418e      0x8cd /usr/lib/gcc/arm-none-eabi/13.2.1/../../../arm-none-eabi/lib/thumb/v7-m/nofp/libg_nano.a(libc_a-reallocr.o)
 .debug_info    0x00014a5b      0xdd7 /usr/lib/gcc/arm-none-eabi/13.2.1/../../../arm-none-eabi/lib/thumb/v7-m/nofp/libg_nano.a(libc_a-nano-vfprintf_i.o)
 .debug_info    0x00015832      0x71c /usr/lib/gcc/arm-none-eabi/13.2.1/../../../arm-none-eabi/lib/thumb/v7-m/nofp/libg_nano.a(libc_a-mlock.o)
 .debug_info    0x00015f4e      0xbe6 /usr/lib/gcc/arm-none-eabi/13.2.1/../../../arm-none-eabi/lib/thumb/v7-m/nofp/libg_nano.a(libc_a-makebuf.o)
 .debug_info    0x00016b34      0x14a /usr/lib/gcc/arm-none-eabi/13.2.1/../../../arm-none-eabi/lib/thumb/v7-m/nofp/libg_nano.a(libc_a-memchr-stub.o)
 .debug_info    0x00016c7e      0x752 /usr/lib/gcc/arm-none-eabi/13.2.1/../../../arm-none-eabi/lib/thumb/v7-m/nofp/libg_nano.a(libc_a-isattyr.o)
 .debug_info    0x000173d0      0x778 /usr/lib/gcc/arm-none-eabi/13.2.1/../../../arm-none-eabi/lib/thumb/v7-m/nofp/libg_nano.a(libc_a-sbrkr.o)
 .debug_info    0x00017b48      0xa80 /usr/lib/gcc/arm-none-eabi/13.2.1/../../../arm-none-eabi/lib/thumb/v7-m/nofp/libg_nano.a(libc_a-stdio.o)
 .debug_info    0x000185c8      0x78a /usr/lib/gcc/arm-none-eabi/13.2.1/../../../arm-none-eabi/lib/thumb/v7-m/nofp/libg_nano.a(libc_a-msizer.o)
 .debug_info    0x00018d52      0x7df /usr/lib/gcc/arm-none-eabi/13.2.1/../../../arm-none-eabi/lib/thumb/v7-m/nofp/libg_nano.a(libc_a-signalr.o)
 .debug_info    0x00019531      0x752 /usr/lib/gcc/arm-none-eabi/13.2.1/../../../arm-none-eabi/lib/thumb/v7-m/nofp/libg_nano.a(libc_a-closer.o)
 .debug_info    0x00019c83      0x7b5 /usr/lib/gcc/arm-none-eabi/13.2.1/../../../arm-none-eabi/lib/thumb/v7-m/nofp/libg_nano.a(libc_a-readr.o)
 .debug_info    0x0001a438      0x89f /usr/lib/gcc/arm-none-eabi/13.2.1/../../../arm-none-eabi/lib/thumb/v7-m/nofp/libg_nano.a(libc_a-reent.o)
 .debug_info    0x0001acd7      0x977 /usr/lib/gcc/arm-none-eabi/13.2.1/../../../arm-none-eabi/lib/thumb/v7-m/nofp/libg_nano.a(libc_a-fstatr.o)
 .debug_info    0x0001b64e      0x79e /usr/lib/gcc/arm-none-eabi/13.2.1/../../../arm-none-eabi/lib/thumb/v7-m/nofp/libg_nano.a(libc_a-lseekr.o)
 .debug_info    0x0001bdec      0x7bb /usr/lib/gcc/arm-none-eabi/13.2.1/../../../arm-none-eabi/lib/thumb/v7-m/nofp/libg_nano.a(libc_a-writer.o)

.debug_abbrev   0x00000000     0x65bd
 .debug_abbrev  0x00000000      0x13b CMakeFiles/RTOSDemo.dir/startup.c.obj
 .debug_abbrev  0x0000013b      0x304 CMakeFiles/RTOSDemo.dir/main.c.obj
 .debug_abbrev  0x0000043f      0x178 CMakeFiles/RTOSDemo.dir/LocalDemoFiles/osram128x64x4.c.obj
 .debug_abbrev  0x000005b7      0x196 CMakeFiles/RTOSDemo.dir/syscalls.c.obj
 .debug_abbrev  0x0000074d       0x41 CMakeFiles/RTOSDemo.dir/isr_weak.c.obj
 .debug_abbrev  0x0000078e      0x252 FreeRTOS_kernel/libfreertos_kernel.a(port.c.obj)
 .debug_abbrev  0x000009e0      0x372 FreeRTOS_kernel/libfreertos_kernel.a(queue.c.obj)
 .debug_abbrev  0x00000d52      0x3d5 FreeRTOS_kernel/libfreertos_kernel.a(tasks.c.obj)
 .debug_abbrev  0x00001127      0x332 FreeRTOS_kernel/libfreertos_kernel.a(timers.c.obj)
 .debug_abbrev  0x00001459      0x21f FreeRTOS_kernel/libfreertos_kernel.a(heap_4.c.obj)
 .debug_abbrev  0x00001678       0xec FreeRTOS_kernel/libfreertos_kernel.a(list.c.obj)
 .debug_abbrev  0x00001764      0x220 /usr/lib/gcc/arm-none-eabi/13.2.1/../../../arm-none-eabi/lib/thumb/v7-m/nofp/libg_nano.a(libc_a-rand.o)
 .debug_abbrev  0x00001984      0x1ea /usr/lib/gcc/arm-none-eabi/13.2.1/../../../arm-none-eabi/lib/thumb/v7-m/nofp/libg_nano.a(libc_a-assert.o)
 .debug_abbrev  0x00001b6e       0x78 /usr/lib/gcc/arm-none-eabi/13.2.1/../../../arm-none-eabi/lib/thumb/v7-m/nofp/libg_nano.a(libc_a-strlen-stub.o)
 .debug_abbrev  0x00001be6       0x7b /usr/lib/gcc/arm-none-eabi/13.2.1/../../../arm-none-eabi/lib/thumb/v7-m/nofp/libg_nano.a(libc_a-strcpy.o)
 .debug_abbrev  0x00001c61      0x149 /usr/lib/gcc/arm-none-eabi/13.2.1/../../../arm-none-eabi/lib/thumb/v7-m/nofp/libg_nano.a(libc_a-impure.o)
 .debug_abbrev  0x00001daa       0x99 /usr/lib/gcc/arm-none-eabi/13.2.1/../../../arm-none-eabi/lib/thumb/v7-m/nofp/libg_nano.a(libc_a-abort.o)
 .debug_abbrev  0x00001e43       0xb7 /usr/lib/gcc/arm-none-eabi/13.2.1/../../../arm-none-eabi/lib/thumb/v7-m/nofp/libg_nano.a(libc_a-memset.o)
 .debug_abbrev  0x00001efa      0x1d0 /usr/lib/gcc/arm-none-eabi/13.2.1/../../../arm-none-eabi/lib/thumb/v7-m/nofp/libg_nano.a(libc_a-putchar.o)
 .debug_abbrev  0x000020ca      0x15e /usr/lib/gcc/arm-none-eabi/13.2.1/../../../arm-none-eabi/lib/thumb/v7-m/nofp/libg_nano.a(libc_a-errno.o)
 .debug_abbrev  0x00002228       0x28 /usr/lib/gcc/arm-none-eabi/13.2.1/../../../arm-none-eabi/lib/thumb/v7-m/nofp/libg_nano.a(libc_a-memcpy.o)
 .debug_abbrev  0x00002250      0x1cf /usr/lib/gcc/arm-none-eabi/13.2.1/../../../arm-none-eabi/lib/thumb/v7-m/nofp/libg_nano.a(libc_a-malloc.o)
 .debug_abbrev  0x0000241f      0x26a /usr/lib/gcc/arm-none-eabi/13.2.1/../../../arm-none-eabi/lib/thumb/v7-m/nofp/libg_nano.a(libc_a-putc.o)
 .debug_abbrev  0x00002689      0x21d /usr/lib/gcc/arm-none-eabi/13.2.1/../../../arm-none-eabi/lib/thumb/v7-m/nofp/libg_nano.a(libc_a-fprintf.o)
 .debug_abbrev  0x000028a6      0x23c /usr/lib/gcc/arm-none-eabi/13.2.1/../../../arm-none-eabi/lib/thumb/v7-m/nofp/libg_nano.a(libc_a-snprintf.o)
 .debug_abbrev  0x00002ae2      0x36e /usr/lib/gcc/arm-none-eabi/13.2.1/../../../arm-none-eabi/lib/thumb/v7-m/nofp/libg_nano.a(libc_a-nano-vfprintf.o)
 .debug_abbrev  0x00002e50      0x236 /usr/lib/gcc/arm-none-eabi/13.2.1/../../../arm-none-eabi/lib/thumb/v7-m/nofp/libg_nano.a(libc_a-wbuf.o)
 .debug_abbrev  0x00003086      0x32f /usr/lib/gcc/arm-none-eabi/13.2.1/../../../arm-none-eabi/lib/thumb/v7-m/nofp/libg_nano.a(libc_a-nano-svfprintf.o)
 .debug_abbrev  0x000033b5      0x224 /usr/lib/gcc/arm-none-eabi/13.2.1/../../../arm-none-eabi/lib/thumb/v7-m/nofp/libg_nano.a(libc_a-fvwrite.o)
 .debug_abbrev  0x000035d9      0x2d7 /usr/lib/gcc/arm-none-eabi/13.2.1/../../../arm-none-eabi/lib/thumb/v7-m/nofp/libg_nano.a(libc_a-signal.o)
 .debug_abbrev  0x000038b0      0x408 /usr/lib/gcc/arm-none-eabi/13.2.1/../../../arm-none-eabi/lib/thumb/v7-m/nofp/libg_nano.a(libc_a-findfp.o)
 .debug_abbrev  0x00003cb8      0x2e1 /usr/lib/gcc/arm-none-eabi/13.2.1/../../../arm-none-eabi/lib/thumb/v7-m/nofp/libg_nano.a(libc_a-fflush.o)
 .debug_abbrev  0x00003f99      0x24a /usr/lib/gcc/arm-none-eabi/13.2.1/../../../arm-none-eabi/lib/thumb/v7-m/nofp/libg_nano.a(libc_a-mallocr.o)
 .debug_abbrev  0x000041e3      0x249 /usr/lib/gcc/arm-none-eabi/13.2.1/../../../arm-none-eabi/lib/thumb/v7-m/nofp/libg_nano.a(libc_a-freer.o)
 .debug_abbrev  0x0000442c       0xc3 /usr/lib/gcc/arm-none-eabi/13.2.1/../../../arm-none-eabi/lib/thumb/v7-m/nofp/libg_nano.a(libc_a-memmove.o)
 .debug_abbrev  0x000044ef      0x19b /usr/lib/gcc/arm-none-eabi/13.2.1/../../../arm-none-eabi/lib/thumb/v7-m/nofp/libg_nano.a(libc_a-fwalk.o)
 .debug_abbrev  0x0000468a      0x1e2 /usr/lib/gcc/arm-none-eabi/13.2.1/../../../arm-none-eabi/lib/thumb/v7-m/nofp/libg_nano.a(libc_a-wsetup.o)
 .debug_abbrev  0x0000486c      0x20c /usr/lib/gcc/arm-none-eabi/13.2.1/../../../arm-none-eabi/lib/thumb/v7-m/nofp/libg_nano.a(libc_a-reallocr.o)
 .debug_abbrev  0x00004a78      0x284 /usr/lib/gcc/arm-none-eabi/13.2.1/../../../arm-none-eabi/lib/thumb/v7-m/nofp/libg_nano.a(libc_a-nano-vfprintf_i.o)
 .debug_abbrev  0x00004cfc      0x192 /usr/lib/gcc/arm-none-eabi/13.2.1/../../../arm-none-eabi/lib/thumb/v7-m/nofp/libg_nano.a(libc_a-mlock.o)
 .debug_abbrev  0x00004e8e      0x29d /usr/lib/gcc/arm-none-eabi/13.2.1/../../../arm-none-eabi/lib/thumb/v7-m/nofp/libg_nano.a(libc_a-makebuf.o)
 .debug_abbrev  0x0000512b       0xc7 /usr/lib/gcc/arm-none-eabi/13.2.1/../../../arm-none-eabi/lib/thumb/v7-m/nofp/libg_nano.a(libc_a-memchr-stub.o)
 .debug_abbrev  0x000051f2      0x1b0 /usr/lib/gcc/arm-none-eabi/13.2.1/../../../arm-none-eabi/lib/thumb/v7-m/nofp/libg_nano.a(libc_a-isattyr.o)
 .debug_abbrev  0x000053a2      0x1da /usr/lib/gcc/arm-none-eabi/13.2.1/../../../arm-none-eabi/lib/thumb/v7-m/nofp/libg_nano.a(libc_a-sbrkr.o)
 .debug_abbrev  0x0000557c      0x224 /usr/lib/gcc/arm-none-eabi/13.2.1/../../../arm-none-eabi/lib/thumb/v7-m/nofp/libg_nano.a(libc_a-stdio.o)
 .debug_abbrev  0x000057a0      0x196 /usr/lib/gcc/arm-none-eabi/13.2.1/../../../arm-none-eabi/lib/thumb/v7-m/nofp/libg_nano.a(libc_a-msizer.o)
 .debug_abbrev  0x00005936      0x1fd /usr/lib/gcc/arm-none-eabi/13.2.1/../../../arm-none-eabi/lib/thumb/v7-m/nofp/libg_nano.a(libc_a-signalr.o)
 .debug_abbrev  0x00005b33      0x1b0 /usr/lib/gcc/arm-none-eabi/13.2.1/../../../arm-none-eabi/lib/thumb/v7-m/nofp/libg_nano.a(libc_a-closer.o)
 .debug_abbrev  0x00005ce3      0x1b0 /usr/lib/gcc/arm-none-eabi/13.2.1/../../../arm-none-eabi/lib/thumb/v7-m/nofp/libg_nano.a(libc_a-readr.o)
 .debug_abbrev  0x00005e93      0x1ee /usr/lib/gcc/arm-none-eabi/13.2.1/../../../arm-none-eabi/lib/thumb/v7-m/nofp/libg_nano.a(libc_a-reent.o)
 .debug_abbrev  0x00006081      0x1c3 /usr/lib/gcc/arm-none-eabi/13.2.1/../../../arm-none-eabi/lib/thumb/v7-m/nofp/libg_nano.a(libc_a-fstatr.o)
 .debug_abbrev  0x00006244      0x1c4 /usr/lib/gcc/arm-none-eabi/13.2.1/../../../arm-none-eabi/lib/thumb/v7-m/nofp/libg_nano.a(libc_a-lseekr.o)
 .debug_abbrev  0x00006408      0x1b5 /usr/lib/gcc/arm-none-eabi/13.2.1/../../../arm-none-eabi/lib/thumb/v7-m/nofp/libg_nano.a(libc_a-writer.o)

.debug_aranges  0x00000000      0x698
 .debug_aranges
                0x00000000       0x20 CMakeFiles/RTOSDemo.dir/startup.c.obj
 .debug_aranges
                0x00000020       0x20 CMakeFiles/RTOSDemo.dir/main.c.obj
 .debug_aranges
                0x00000040       0x20 CMakeFiles/RTOSDemo.dir/LocalDemoFiles/osram128x64x4.c.obj
 .debug_aranges
                0x00000060       0x20 CMakeFiles/RTOSDemo.dir/syscalls.c.obj
 .debug_aranges
                0x00000080       0x20 CMakeFiles/RTOSDemo.dir/isr_weak.c.obj
 .debug_aranges
                0x000000a0       0x20 FreeRTOS_kernel/libfreertos_kernel.a(port.c.obj)
 .debug_aranges
                0x000000c0       0x20 FreeRTOS_kernel/libfreertos_kernel.a(queue.c.obj)
 .debug_aranges
                0x000000e0       0x20 FreeRTOS_kernel/libfreertos_kernel.a(tasks.c.obj)
 .debug_aranges
                0x00000100       0x20 FreeRTOS_kernel/libfreertos_kernel.a(timers.c.obj)
 .debug_aranges
                0x00000120       0x20 FreeRTOS_kernel/libfreertos_kernel.a(heap_4.c.obj)
 .debug_aranges
                0x00000140       0x20 FreeRTOS_kernel/libfreertos_kernel.a(list.c.obj)
 .debug_aranges
                0x00000160       0x20 /usr/lib/gcc/arm-none-eabi/13.2.1/../../../arm-none-eabi/lib/thumb/v7-m/nofp/libg_nano.a(libc_a-rand.o)
 .debug_aranges
                0x00000180       0x20 /usr/lib/gcc/arm-none-eabi/13.2.1/../../../arm-none-eabi/lib/thumb/v7-m/nofp/libg_nano.a(libc_a-assert.o)
 .debug_aranges
                0x000001a0       0x20 /usr/lib/gcc/arm-none-eabi/13.2.1/../../../arm-none-eabi/lib/thumb/v7-m/nofp/libg_nano.a(libc_a-strlen-stub.o)
 .debug_aranges
                0x000001c0       0x20 /usr/lib/gcc/arm-none-eabi/13.2.1/../../../arm-none-eabi/lib/thumb/v7-m/nofp/libg_nano.a(libc_a-strcpy.o)
 .debug_aranges
                0x000001e0       0x18 /usr/lib/gcc/arm-none-eabi/13.2.1/../../../arm-none-eabi/lib/thumb/v7-m/nofp/libg_nano.a(libc_a-impure.o)
 .debug_aranges
                0x000001f8       0x20 /usr/lib/gcc/arm-none-eabi/13.2.1/../../../arm-none-eabi/lib/thumb/v7-m/nofp/libg_nano.a(libc_a-abort.o)
 .debug_aranges
                0x00000218       0x20 /usr/lib/gcc/arm-none-eabi/13.2.1/../../../arm-none-eabi/lib/thumb/v7-m/nofp/libg_nano.a(libc_a-memset.o)
 .debug_aranges
                0x00000238       0x20 /usr/lib/gcc/arm-none-eabi/13.2.1/../../../arm-none-eabi/lib/thumb/v7-m/nofp/libg_nano.a(libc_a-putchar.o)
 .debug_aranges
                0x00000258       0x20 /usr/lib/gcc/arm-none-eabi/13.2.1/../../../arm-none-eabi/lib/thumb/v7-m/nofp/libg_nano.a(libc_a-errno.o)
 .debug_aranges
                0x00000278       0x20 /usr/lib/gcc/arm-none-eabi/13.2.1/../../../arm-none-eabi/lib/thumb/v7-m/nofp/libg_nano.a(libc_a-memcpy.o)
 .debug_aranges
                0x00000298       0x20 /usr/lib/gcc/arm-none-eabi/13.2.1/../../../arm-none-eabi/lib/thumb/v7-m/nofp/libg_nano.a(libc_a-malloc.o)
 .debug_aranges
                0x000002b8       0x20 /usr/lib/gcc/arm-none-eabi/13.2.1/../../../arm-none-eabi/lib/thumb/v7-m/nofp/libg_nano.a(libc_a-putc.o)
 .debug_aranges
                0x000002d8       0x20 /usr/lib/gcc/arm-none-eabi/13.2.1/../../../arm-none-eabi/lib/thumb/v7-m/nofp/libg_nano.a(libc_a-fprintf.o)
 .debug_aranges
                0x000002f8       0x20 /usr/lib/gcc/arm-none-eabi/13.2.1/../../../arm-none-eabi/lib/thumb/v7-m/nofp/libg_nano.a(libc_a-snprintf.o)
 .debug_aranges
                0x00000318       0x20 /usr/lib/gcc/arm-none-eabi/13.2.1/../../../arm-none-eabi/lib/thumb/v7-m/nofp/libg_nano.a(libc_a-nano-vfprintf.o)
 .debug_aranges
                0x00000338       0x20 /usr/lib/gcc/arm-none-eabi/13.2.1/../../../arm-none-eabi/lib/thumb/v7-m/nofp/libg_nano.a(libc_a-wbuf.o)
 .debug_aranges
                0x00000358       0x20 /usr/lib/gcc/arm-none-eabi/13.2.1/../../../arm-none-eabi/lib/thumb/v7-m/nofp/libg_nano.a(libc_a-nano-svfprintf.o)
 .debug_aranges
                0x00000378       0x20 /usr/lib/gcc/arm-none-eabi/13.2.1/../../../arm-none-eabi/lib/thumb/v7-m/nofp/libg_nano.a(libc_a-fvwrite.o)
 .debug_aranges
                0x00000398       0x20 /usr/lib/gcc/arm-none-eabi/13.2.1/../../../arm-none-eabi/lib/thumb/v7-m/nofp/libg_nano.a(libc_a-signal.o)
 .debug_aranges
                0x000003b8       0x20 /usr/lib/gcc/arm-none-eabi/13.2.1/../../../arm-none-eabi/lib/thumb/v7-m/nofp/libg_nano.a(libc_a-findfp.o)
 .debug_aranges
                0x000003d8       0x20 /usr/lib/gcc/arm-none-eabi/13.2.1/../../../arm-none-eabi/lib/thumb/v7-m/nofp/libg_nano.a(libc_a-fflush.o)
 .debug_aranges
                0x000003f8       0x20 /usr/lib/gcc/arm-none-eabi/13.2.1/../../../arm-none-eabi/lib/thumb/v7-m/nofp/libg_nano.a(libc_a-mallocr.o)
 .debug_aranges
                0x00000418       0x20 /usr/lib/gcc/arm-none-eabi/13.2.1/../../../arm-none-eabi/lib/thumb/v7-m/nofp/libg_nano.a(libc_a-freer.o)
 .debug_aranges
                0x00000438       0x20 /usr/lib/gcc/arm-none-eabi/13.2.1/../../../arm-none-eabi/lib/thumb/v7-m/nofp/libg_nano.a(libc_a-memmove.o)
 .debug_aranges
                0x00000458       0x20 /usr/lib/gcc/arm-none-eabi/13.2.1/../../../arm-none-eabi/lib/thumb/v7-m/nofp/libg_nano.a(libc_a-fwalk.o)
 .debug_aranges
                0x00000478       0x20 /usr/lib/gcc/arm-none-eabi/13.2.1/../../../arm-none-eabi/lib/thumb/v7-m/nofp/libg_nano.a(libc_a-wsetup.o)
 .debug_aranges
                0x00000498       0x20 /usr/lib/gcc/arm-none-eabi/13.2.1/../../../arm-none-eabi/lib/thumb/v7-m/nofp/libg_nano.a(libc_a-reallocr.o)
 .debug_aranges
                0x000004b8       0x20 /usr/lib/gcc/arm-none-eabi/13.2.1/../../../arm-none-eabi/lib/thumb/v7-m/nofp/libg_nano.a(libc_a-nano-vfprintf_i.o)
 .debug_aranges
                0x000004d8       0x20 /usr/lib/gcc/arm-none-eabi/13.2.1/../../../arm-none-eabi/lib/thumb/v7-m/nofp/libg_nano.a(libc_a-mlock.o)
 .debug_aranges
                0x000004f8       0x20 /usr/lib/gcc/arm-none-eabi/13.2.1/../../../arm-none-eabi/lib/thumb/v7-m/nofp/libg_nano.a(libc_a-makebuf.o)
 .debug_aranges
                0x00000518       0x20 /usr/lib/gcc/arm-none-eabi/13.2.1/../../../arm-none-eabi/lib/thumb/v7-m/nofp/libg_nano.a(libc_a-memchr-stub.o)
 .debug_aranges
                0x00000538       0x20 /usr/lib/gcc/arm-none-eabi/13.2.1/../../../arm-none-eabi/lib/thumb/v7-m/nofp/libg_nano.a(libc_a-isattyr.o)
 .debug_aranges
                0x00000558       0x20 /usr/lib/gcc/arm-none-eabi/13.2.1/../../../arm-none-eabi/lib/thumb/v7-m/nofp/libg_nano.a(libc_a-sbrkr.o)
 .debug_aranges
                0x00000578       0x20 /usr/lib/gcc/arm-none-eabi/13.2.1/../../../arm-none-eabi/lib/thumb/v7-m/nofp/libg_nano.a(libc_a-stdio.o)
 .debug_aranges
                0x00000598       0x20 /usr/lib/gcc/arm-none-eabi/13.2.1/../../../arm-none-eabi/lib/thumb/v7-m/nofp/libg_nano.a(libc_a-msizer.o)
 .debug_aranges
                0x000005b8       0x20 /usr/lib/gcc/arm-none-eabi/13.2.1/../../../arm-none-eabi/lib/thumb/v7-m/nofp/libg_nano.a(libc_a-signalr.o)
 .debug_aranges
                0x000005d8       0x20 /usr/lib/gcc/arm-none-eabi/13.2.1/../../../arm-none-eabi/lib/thumb/v7-m/nofp/libg_nano.a(libc_a-closer.o)
 .debug_aranges
                0x000005f8       0x20 /usr/lib/gcc/arm-none-eabi/13.2.1/../../../arm-none-eabi/lib/thumb/v7-m/nofp/libg_nano.a(libc_a-readr.o)
 .debug_aranges
                0x00000618       0x20 /usr/lib/gcc/arm-none-eabi/13.2.1/../../../arm-none-eabi/lib/thumb/v7-m/nofp/libg_nano.a(libc_a-reent.o)
 .debug_aranges
                0x00000638       0x20 /usr/lib/gcc/arm-none-eabi/13.2.1/../../../arm-none-eabi/lib/thumb/v7-m/nofp/libg_nano.a(libc_a-fstatr.o)
 .debug_aranges
                0x00000658       0x20 /usr/lib/gcc/arm-none-eabi/13.2.1/../../../arm-none-eabi/lib/thumb/v7-m/nofp/libg_nano.a(libc_a-lseekr.o)
 .debug_aranges
                0x00000678       0x20 /usr/lib/gcc/arm-none-eabi/13.2.1/../../../arm-none-eabi/lib/thumb/v7-m/nofp/libg_nano.a(libc_a-writer.o)

.debug_line     0x00000000     0xb4b4
 .debug_line    0x00000000       0xd6 CMakeFiles/RTOSDemo.dir/startup.c.obj
 .debug_line    0x000000d6      0x57d CMakeFiles/RTOSDemo.dir/main.c.obj
 .debug_line    0x00000653      0x3df CMakeFiles/RTOSDemo.dir/LocalDemoFiles/osram128x64x4.c.obj
 .debug_line    0x00000a32      0x1ac CMakeFiles/RTOSDemo.dir/syscalls.c.obj
 .debug_line    0x00000bde       0x6e CMakeFiles/RTOSDemo.dir/isr_weak.c.obj
 .debug_line    0x00000c4c      0x346 FreeRTOS_kernel/libfreertos_kernel.a(port.c.obj)
 .debug_line    0x00000f92      0xff1 FreeRTOS_kernel/libfreertos_kernel.a(queue.c.obj)
 .debug_line    0x00001f83     0x1821 FreeRTOS_kernel/libfreertos_kernel.a(tasks.c.obj)
 .debug_line    0x000037a4      0x6eb FreeRTOS_kernel/libfreertos_kernel.a(timers.c.obj)
 .debug_line    0x00003e8f      0x529 FreeRTOS_kernel/libfreertos_kernel.a(heap_4.c.obj)
 .debug_line    0x000043b8      0x21b FreeRTOS_kernel/libfreertos_kernel.a(list.c.obj)
 .debug_line    0x000045d3      0x287 /usr/lib/gcc/arm-none-eabi/13.2.1/../../../arm-none-eabi/lib/thumb/v7-m/nofp/libg_nano.a(libc_a-rand.o)
 .debug_line    0x0000485a      0x1b0 /usr/lib/gcc/arm-none-eabi/13.2.1/../../../arm-none-eabi/lib/thumb/v7-m/nofp/libg_nano.a(libc_a-assert.o)
 .debug_line    0x00004a0a       0xf4 /usr/lib/gcc/arm-none-eabi/13.2.1/../../../arm-none-eabi/lib/thumb/v7-m/nofp/libg_nano.a(libc_a-strlen-stub.o)
 .debug_line    0x00004afe       0xb9 /usr/lib/gcc/arm-none-eabi/13.2.1/../../../arm-none-eabi/lib/thumb/v7-m/nofp/libg_nano.a(libc_a-strcpy.o)
 .debug_line    0x00004bb7       0xe7 /usr/lib/gcc/arm-none-eabi/13.2.1/../../../arm-none-eabi/lib/thumb/v7-m/nofp/libg_nano.a(libc_a-impure.o)
 .debug_line    0x00004c9e      0x115 /usr/lib/gcc/arm-none-eabi/13.2.1/../../../arm-none-eabi/lib/thumb/v7-m/nofp/libg_nano.a(libc_a-abort.o)
 .debug_line    0x00004db3      0x1b1 /usr/lib/gcc/arm-none-eabi/13.2.1/../../../arm-none-eabi/lib/thumb/v7-m/nofp/libg_nano.a(libc_a-memset.o)
 .debug_line    0x00004f64      0x173 /usr/lib/gcc/arm-none-eabi/13.2.1/../../../arm-none-eabi/lib/thumb/v7-m/nofp/libg_nano.a(libc_a-putchar.o)
 .debug_line    0x000050d7      0x10c /usr/lib/gcc/arm-none-eabi/13.2.1/../../../arm-none-eabi/lib/thumb/v7-m/nofp/libg_nano.a(libc_a-errno.o)
 .debug_line    0x000051e3       0xbd /usr/lib/gcc/arm-none-eabi/13.2.1/../../../arm-none-eabi/lib/thumb/v7-m/nofp/libg_nano.a(libc_a-memcpy.o)
 .debug_line    0x000052a0      0x16b /usr/lib/gcc/arm-none-eabi/13.2.1/../../../arm-none-eabi/lib/thumb/v7-m/nofp/libg_nano.a(libc_a-malloc.o)
 .debug_line    0x0000540b      0x2a7 /usr/lib/gcc/arm-none-eabi/13.2.1/../../../arm-none-eabi/lib/thumb/v7-m/nofp/libg_nano.a(libc_a-putc.o)
 .debug_line    0x000056b2      0x1ac /usr/lib/gcc/arm-none-eabi/13.2.1/../../../arm-none-eabi/lib/thumb/v7-m/nofp/libg_nano.a(libc_a-fprintf.o)
 .debug_line    0x0000585e      0x356 /usr/lib/gcc/arm-none-eabi/13.2.1/../../../arm-none-eabi/lib/thumb/v7-m/nofp/libg_nano.a(libc_a-snprintf.o)
 .debug_line    0x00005bb4      0x6b7 /usr/lib/gcc/arm-none-eabi/13.2.1/../../../arm-none-eabi/lib/thumb/v7-m/nofp/libg_nano.a(libc_a-nano-vfprintf.o)
 .debug_line    0x0000626b      0x253 /usr/lib/gcc/arm-none-eabi/13.2.1/../../../arm-none-eabi/lib/thumb/v7-m/nofp/libg_nano.a(libc_a-wbuf.o)
 .debug_line    0x000064be      0x862 /usr/lib/gcc/arm-none-eabi/13.2.1/../../../arm-none-eabi/lib/thumb/v7-m/nofp/libg_nano.a(libc_a-nano-svfprintf.o)
 .debug_line    0x00006d20      0x5f5 /usr/lib/gcc/arm-none-eabi/13.2.1/../../../arm-none-eabi/lib/thumb/v7-m/nofp/libg_nano.a(libc_a-fvwrite.o)
 .debug_line    0x00007315      0x67e /usr/lib/gcc/arm-none-eabi/13.2.1/../../../arm-none-eabi/lib/thumb/v7-m/nofp/libg_nano.a(libc_a-signal.o)
 .debug_line    0x00007993      0x51f /usr/lib/gcc/arm-none-eabi/13.2.1/../../../arm-none-eabi/lib/thumb/v7-m/nofp/libg_nano.a(libc_a-findfp.o)
 .debug_line    0x00007eb2      0x456 /usr/lib/gcc/arm-none-eabi/13.2.1/../../../arm-none-eabi/lib/thumb/v7-m/nofp/libg_nano.a(libc_a-fflush.o)
 .debug_line    0x00008308      0x45c /usr/lib/gcc/arm-none-eabi/13.2.1/../../../arm-none-eabi/lib/thumb/v7-m/nofp/libg_nano.a(libc_a-mallocr.o)
 .debug_line    0x00008764      0x2c8 /usr/lib/gcc/arm-none-eabi/13.2.1/../../../arm-none-eabi/lib/thumb/v7-m/nofp/libg_nano.a(libc_a-freer.o)
 .debug_line    0x00008a2c      0x20d /usr/lib/gcc/arm-none-eabi/13.2.1/../../../arm-none-eabi/lib/thumb/v7-m/nofp/libg_nano.a(libc_a-memmove.o)
 .debug_line    0x00008c39      0x1c9 /usr/lib/gcc/arm-none-eabi/13.2.1/../../../arm-none-eabi/lib/thumb/v7-m/nofp/libg_nano.a(libc_a-fwalk.o)
 .debug_line    0x00008e02      0x2bd /usr/lib/gcc/arm-none-eabi/13.2.1/../../../arm-none-eabi/lib/thumb/v7-m/nofp/libg_nano.a(libc_a-wsetup.o)
 .debug_line    0x000090bf      0x1fa /usr/lib/gcc/arm-none-eabi/13.2.1/../../../arm-none-eabi/lib/thumb/v7-m/nofp/libg_nano.a(libc_a-reallocr.o)
 .debug_line    0x000092b9      0x770 /usr/lib/gcc/arm-none-eabi/13.2.1/../../../arm-none-eabi/lib/thumb/v7-m/nofp/libg_nano.a(libc_a-nano-vfprintf_i.o)
 .debug_line    0x00009a29      0x153 /usr/lib/gcc/arm-none-eabi/13.2.1/../../../arm-none-eabi/lib/thumb/v7-m/nofp/libg_nano.a(libc_a-mlock.o)
 .debug_line    0x00009b7c      0x3b0 /usr/lib/gcc/arm-none-eabi/13.2.1/../../../arm-none-eabi/lib/thumb/v7-m/nofp/libg_nano.a(libc_a-makebuf.o)
 .debug_line    0x00009f2c      0x200 /usr/lib/gcc/arm-none-eabi/13.2.1/../../../arm-none-eabi/lib/thumb/v7-m/nofp/libg_nano.a(libc_a-memchr-stub.o)
 .debug_line    0x0000a12c      0x197 /usr/lib/gcc/arm-none-eabi/13.2.1/../../../arm-none-eabi/lib/thumb/v7-m/nofp/libg_nano.a(libc_a-isattyr.o)
 .debug_line    0x0000a2c3      0x196 /usr/lib/gcc/arm-none-eabi/13.2.1/../../../arm-none-eabi/lib/thumb/v7-m/nofp/libg_nano.a(libc_a-sbrkr.o)
 .debug_line    0x0000a459      0x22b /usr/lib/gcc/arm-none-eabi/13.2.1/../../../arm-none-eabi/lib/thumb/v7-m/nofp/libg_nano.a(libc_a-stdio.o)
 .debug_line    0x0000a684      0x176 /usr/lib/gcc/arm-none-eabi/13.2.1/../../../arm-none-eabi/lib/thumb/v7-m/nofp/libg_nano.a(libc_a-msizer.o)
 .debug_line    0x0000a7fa      0x1be /usr/lib/gcc/arm-none-eabi/13.2.1/../../../arm-none-eabi/lib/thumb/v7-m/nofp/libg_nano.a(libc_a-signalr.o)
 .debug_line    0x0000a9b8      0x196 /usr/lib/gcc/arm-none-eabi/13.2.1/../../../arm-none-eabi/lib/thumb/v7-m/nofp/libg_nano.a(libc_a-closer.o)
 .debug_line    0x0000ab4e      0x19c /usr/lib/gcc/arm-none-eabi/13.2.1/../../../arm-none-eabi/lib/thumb/v7-m/nofp/libg_nano.a(libc_a-readr.o)
 .debug_line    0x0000acea      0x27b /usr/lib/gcc/arm-none-eabi/13.2.1/../../../arm-none-eabi/lib/thumb/v7-m/nofp/libg_nano.a(libc_a-reent.o)
 .debug_line    0x0000af65      0x215 /usr/lib/gcc/arm-none-eabi/13.2.1/../../../arm-none-eabi/lib/thumb/v7-m/nofp/libg_nano.a(libc_a-fstatr.o)
 .debug_line    0x0000b17a      0x19d /usr/lib/gcc/arm-none-eabi/13.2.1/../../../arm-none-eabi/lib/thumb/v7-m/nofp/libg_nano.a(libc_a-lseekr.o)
 .debug_line    0x0000b317      0x19d /usr/lib/gcc/arm-none-eabi/13.2.1/../../../arm-none-eabi/lib/thumb/v7-m/nofp/libg_nano.a(libc_a-writer.o)

.debug_str      0x00000000     0x45c7
 .debug_str     0x00000000     0x45c7 CMakeFiles/RTOSDemo.dir/startup.c.obj
                                0x1e0 (size before relaxing)
 .debug_str     0x000045c7      0x6eb CMakeFiles/RTOSDemo.dir/main.c.obj
 .debug_str     0x000045c7      0x3c7 CMakeFiles/RTOSDemo.dir/LocalDemoFiles/osram128x64x4.c.obj
 .debug_str     0x000045c7      0x324 CMakeFiles/RTOSDemo.dir/syscalls.c.obj
 .debug_str     0x000045c7      0x156 CMakeFiles/RTOSDemo.dir/isr_weak.c.obj
 .debug_str     0x000045c7      0x43c FreeRTOS_kernel/libfreertos_kernel.a(port.c.obj)
 .debug_str     0x000045c7      0xe50 FreeRTOS_kernel/libfreertos_kernel.a(queue.c.obj)
 .debug_str     0x000045c7     0x165f FreeRTOS_kernel/libfreertos_kernel.a(tasks.c.obj)
 .debug_str     0x000045c7      0xc4b FreeRTOS_kernel/libfreertos_kernel.a(timers.c.obj)
 .debug_str     0x000045c7      0x515 FreeRTOS_kernel/libfreertos_kernel.a(heap_4.c.obj)
 .debug_str     0x000045c7      0x2a2 FreeRTOS_kernel/libfreertos_kernel.a(list.c.obj)
 .debug_str     0x000045c7      0x4d8 /usr/lib/gcc/arm-none-eabi/13.2.1/../../../arm-none-eabi/lib/thumb/v7-m/nofp/libg_nano.a(libc_a-rand.o)
 .debug_str     0x000045c7      0x4ed /usr/lib/gcc/arm-none-eabi/13.2.1/../../../arm-none-eabi/lib/thumb/v7-m/nofp/libg_nano.a(libc_a-assert.o)
 .debug_str     0x000045c7      0x19b /usr/lib/gcc/arm-none-eabi/13.2.1/../../../arm-none-eabi/lib/thumb/v7-m/nofp/libg_nano.a(libc_a-strlen-stub.o)
 .debug_str     0x000045c7      0x18f /usr/lib/gcc/arm-none-eabi/13.2.1/../../../arm-none-eabi/lib/thumb/v7-m/nofp/libg_nano.a(libc_a-strcpy.o)
 .debug_str     0x000045c7      0x4b4 /usr/lib/gcc/arm-none-eabi/13.2.1/../../../arm-none-eabi/lib/thumb/v7-m/nofp/libg_nano.a(libc_a-impure.o)
 .debug_str     0x000045c7      0x194 /usr/lib/gcc/arm-none-eabi/13.2.1/../../../arm-none-eabi/lib/thumb/v7-m/nofp/libg_nano.a(libc_a-abort.o)
 .debug_str     0x000045c7      0x1a5 /usr/lib/gcc/arm-none-eabi/13.2.1/../../../arm-none-eabi/lib/thumb/v7-m/nofp/libg_nano.a(libc_a-memset.o)
 .debug_str     0x000045c7      0x4ce /usr/lib/gcc/arm-none-eabi/13.2.1/../../../arm-none-eabi/lib/thumb/v7-m/nofp/libg_nano.a(libc_a-putchar.o)
 .debug_str     0x000045c7      0x4ae /usr/lib/gcc/arm-none-eabi/13.2.1/../../../arm-none-eabi/lib/thumb/v7-m/nofp/libg_nano.a(libc_a-errno.o)
 .debug_str     0x000045c7       0xa8 /usr/lib/gcc/arm-none-eabi/13.2.1/../../../arm-none-eabi/lib/thumb/v7-m/nofp/libg_nano.a(libc_a-memcpy.o)
 .debug_str     0x000045c7      0x4d9 /usr/lib/gcc/arm-none-eabi/13.2.1/../../../arm-none-eabi/lib/thumb/v7-m/nofp/libg_nano.a(libc_a-malloc.o)
 .debug_str     0x000045c7      0x4f5 /usr/lib/gcc/arm-none-eabi/13.2.1/../../../arm-none-eabi/lib/thumb/v7-m/nofp/libg_nano.a(libc_a-putc.o)
 .debug_str     0x000045c7      0x4f2 /usr/lib/gcc/arm-none-eabi/13.2.1/../../../arm-none-eabi/lib/thumb/v7-m/nofp/libg_nano.a(libc_a-fprintf.o)
 .debug_str     0x000045c7      0x502 /usr/lib/gcc/arm-none-eabi/13.2.1/../../../arm-none-eabi/lib/thumb/v7-m/nofp/libg_nano.a(libc_a-snprintf.o)
 .debug_str     0x000045c7      0x821 /usr/lib/gcc/arm-none-eabi/13.2.1/../../../arm-none-eabi/lib/thumb/v7-m/nofp/libg_nano.a(libc_a-nano-vfprintf.o)
 .debug_str     0x000045c7      0x4ea /usr/lib/gcc/arm-none-eabi/13.2.1/../../../arm-none-eabi/lib/thumb/v7-m/nofp/libg_nano.a(libc_a-wbuf.o)
 .debug_str     0x000045c7      0x7fd /usr/lib/gcc/arm-none-eabi/13.2.1/../../../arm-none-eabi/lib/thumb/v7-m/nofp/libg_nano.a(libc_a-nano-svfprintf.o)
 .debug_str     0x000045c7      0x558 /usr/lib/gcc/arm-none-eabi/13.2.1/../../../arm-none-eabi/lib/thumb/v7-m/nofp/libg_nano.a(libc_a-fvwrite.o)
 .debug_str     0x000045c7      0x53b /usr/lib/gcc/arm-none-eabi/13.2.1/../../../arm-none-eabi/lib/thumb/v7-m/nofp/libg_nano.a(libc_a-signal.o)
 .debug_str     0x000045c7      0x6b7 /usr/lib/gcc/arm-none-eabi/13.2.1/../../../arm-none-eabi/lib/thumb/v7-m/nofp/libg_nano.a(libc_a-findfp.o)
 .debug_str     0x000045c7      0x53b /usr/lib/gcc/arm-none-eabi/13.2.1/../../../arm-none-eabi/lib/thumb/v7-m/nofp/libg_nano.a(libc_a-fflush.o)
 .debug_str     0x000045c7      0x595 /usr/lib/gcc/arm-none-eabi/13.2.1/../../../arm-none-eabi/lib/thumb/v7-m/nofp/libg_nano.a(libc_a-mallocr.o)
 .debug_str     0x000045c7      0x534 /usr/lib/gcc/arm-none-eabi/13.2.1/../../../arm-none-eabi/lib/thumb/v7-m/nofp/libg_nano.a(libc_a-freer.o)
 .debug_str     0x000045c7      0x1c4 /usr/lib/gcc/arm-none-eabi/13.2.1/../../../arm-none-eabi/lib/thumb/v7-m/nofp/libg_nano.a(libc_a-memmove.o)
 .debug_str     0x000045c7      0x4c4 /usr/lib/gcc/arm-none-eabi/13.2.1/../../../arm-none-eabi/lib/thumb/v7-m/nofp/libg_nano.a(libc_a-fwalk.o)
 .debug_str     0x000045c7      0x4e5 /usr/lib/gcc/arm-none-eabi/13.2.1/../../../arm-none-eabi/lib/thumb/v7-m/nofp/libg_nano.a(libc_a-wsetup.o)
 .debug_str     0x000045c7      0x52a /usr/lib/gcc/arm-none-eabi/13.2.1/../../../arm-none-eabi/lib/thumb/v7-m/nofp/libg_nano.a(libc_a-reallocr.o)
 .debug_str     0x000045c7      0x793 /usr/lib/gcc/arm-none-eabi/13.2.1/../../../arm-none-eabi/lib/thumb/v7-m/nofp/libg_nano.a(libc_a-nano-vfprintf_i.o)
 .debug_str     0x000045c7      0x4d2 /usr/lib/gcc/arm-none-eabi/13.2.1/../../../arm-none-eabi/lib/thumb/v7-m/nofp/libg_nano.a(libc_a-mlock.o)
 .debug_str     0x000045c7      0x647 /usr/lib/gcc/arm-none-eabi/13.2.1/../../../arm-none-eabi/lib/thumb/v7-m/nofp/libg_nano.a(libc_a-makebuf.o)
 .debug_str     0x000045c7      0x1b5 /usr/lib/gcc/arm-none-eabi/13.2.1/../../../arm-none-eabi/lib/thumb/v7-m/nofp/libg_nano.a(libc_a-memchr-stub.o)
 .debug_str     0x000045c7      0x4b4 /usr/lib/gcc/arm-none-eabi/13.2.1/../../../arm-none-eabi/lib/thumb/v7-m/nofp/libg_nano.a(libc_a-isattyr.o)
 .debug_str     0x000045c7      0x4bd /usr/lib/gcc/arm-none-eabi/13.2.1/../../../arm-none-eabi/lib/thumb/v7-m/nofp/libg_nano.a(libc_a-sbrkr.o)
 .debug_str     0x000045c7      0x521 /usr/lib/gcc/arm-none-eabi/13.2.1/../../../arm-none-eabi/lib/thumb/v7-m/nofp/libg_nano.a(libc_a-stdio.o)
 .debug_str     0x000045c7      0x4fd /usr/lib/gcc/arm-none-eabi/13.2.1/../../../arm-none-eabi/lib/thumb/v7-m/nofp/libg_nano.a(libc_a-msizer.o)
 .debug_str     0x000045c7      0x4d0 /usr/lib/gcc/arm-none-eabi/13.2.1/../../../arm-none-eabi/lib/thumb/v7-m/nofp/libg_nano.a(libc_a-signalr.o)
 .debug_str     0x000045c7      0x4aa /usr/lib/gcc/arm-none-eabi/13.2.1/../../../arm-none-eabi/lib/thumb/v7-m/nofp/libg_nano.a(libc_a-closer.o)
 .debug_str     0x000045c7      0x4b8 /usr/lib/gcc/arm-none-eabi/13.2.1/../../../arm-none-eabi/lib/thumb/v7-m/nofp/libg_nano.a(libc_a-readr.o)
 .debug_str     0x000045c7      0x4d3 /usr/lib/gcc/arm-none-eabi/13.2.1/../../../arm-none-eabi/lib/thumb/v7-m/nofp/libg_nano.a(libc_a-reent.o)
 .debug_str     0x000045c7      0x5fc /usr/lib/gcc/arm-none-eabi/13.2.1/../../../arm-none-eabi/lib/thumb/v7-m/nofp/libg_nano.a(libc_a-fstatr.o)
 .debug_str     0x000045c7      0x4b8 /usr/lib/gcc/arm-none-eabi/13.2.1/../../../arm-none-eabi/lib/thumb/v7-m/nofp/libg_nano.a(libc_a-lseekr.o)
 .debug_str     0x000045c7      0x4ba /usr/lib/gcc/arm-none-eabi/13.2.1/../../../arm-none-eabi/lib/thumb/v7-m/nofp/libg_nano.a(libc_a-writer.o)

.comment        0x00000000       0xae
 .comment       0x00000000       0x26 CMakeFiles/RTOSDemo.dir/startup.c.obj
                                 0x27 (size before relaxing)
 .comment       0x00000026       0x27 CMakeFiles/RTOSDemo.dir/main.c.obj
 .comment       0x00000026       0x27 CMakeFiles/RTOSDemo.dir/LocalDemoFiles/osram128x64x4.c.obj
 .comment       0x00000026       0x27 CMakeFiles/RTOSDemo.dir/syscalls.c.obj
 .comment       0x00000026       0x27 CMakeFiles/RTOSDemo.dir/isr_weak.c.obj
 .comment       0x00000026       0x27 FreeRTOS_kernel/libfreertos_kernel.a(port.c.obj)
 .comment       0x00000026       0x27 FreeRTOS_kernel/libfreertos_kernel.a(queue.c.obj)
 .comment       0x00000026       0x27 FreeRTOS_kernel/libfreertos_kernel.a(tasks.c.obj)
 .comment       0x00000026       0x27 FreeRTOS_kernel/libfreertos_kernel.a(timers.c.obj)
 .comment       0x00000026       0x27 FreeRTOS_kernel/libfreertos_kernel.a(heap_4.c.obj)
 .comment       0x00000026       0x27 FreeRTOS_kernel/libfreertos_kernel.a(list.c.obj)
 .comment       0x00000026       0x22 /home/caspar/embedded/CORTEX_LM3S6965_GCC_QEMU/driver/arm-none-eabi-gcc/libdriver.a(gpio.o)
 .comment       0x00000048       0x22 /home/caspar/embedded/CORTEX_LM3S6965_GCC_QEMU/driver/arm-none-eabi-gcc/libdriver.a(ssi.o)
 .comment       0x0000006a       0x22 /home/caspar/embedded/CORTEX_LM3S6965_GCC_QEMU/driver/arm-none-eabi-gcc/libdriver.a(sysctl.o)
 .comment       0x0000008c       0x22 /home/caspar/embedded/CORTEX_LM3S6965_GCC_QEMU/driver/arm-none-eabi-gcc/libdriver.a(uart.o)
 .comment       0x000000ae       0x27 /usr/lib/gcc/arm-none-eabi/13.2.1/../../../arm-none-eabi/lib/thumb/v7-m/nofp/libg_nano.a(libc_a-rand.o)
 .comment       0x000000ae       0x27 /usr/lib/gcc/arm-none-eabi/13.2.1/../../../arm-none-eabi/lib/thumb/v7-m/nofp/libg_nano.a(libc_a-assert.o)
 .comment       0x000000ae       0x27 /usr/lib/gcc/arm-none-eabi/13.2.1/../../../arm-none-eabi/lib/thumb/v7-m/nofp/libg_nano.a(libc_a-strlen-stub.o)
 .comment       0x000000ae       0x27 /usr/lib/gcc/arm-none-eabi/13.2.1/../../../arm-none-eabi/lib/thumb/v7-m/nofp/libg_nano.a(libc_a-strcpy.o)
 .comment       0x000000ae       0x27 /usr/lib/gcc/arm-none-eabi/13.2.1/../../../arm-none-eabi/lib/thumb/v7-m/nofp/libg_nano.a(libc_a-impure.o)
 .comment       0x000000ae       0x27 /usr/lib/gcc/arm-none-eabi/13.2.1/../../../arm-none-eabi/lib/thumb/v7-m/nofp/libg_nano.a(libc_a-abort.o)
 .comment       0x000000ae       0x27 /usr/lib/gcc/arm-none-eabi/13.2.1/../../../arm-none-eabi/lib/thumb/v7-m/nofp/libg_nano.a(libc_a-memset.o)
 .comment       0x000000ae       0x27 /usr/lib/gcc/arm-none-eabi/13.2.1/../../../arm-none-eabi/lib/thumb/v7-m/nofp/libg_nano.a(libc_a-putchar.o)
 .comment       0x000000ae       0x27 /usr/lib/gcc/arm-none-eabi/13.2.1/../../../arm-none-eabi/lib/thumb/v7-m/nofp/libg_nano.a(libc_a-errno.o)
 .comment       0x000000ae       0x27 /usr/lib/gcc/arm-none-eabi/13.2.1/../../../arm-none-eabi/lib/thumb/v7-m/nofp/libg_nano.a(libc_a-malloc.o)
 .comment       0x000000ae       0x27 /usr/lib/gcc/arm-none-eabi/13.2.1/../../../arm-none-eabi/lib/thumb/v7-m/nofp/libg_nano.a(libc_a-putc.o)
 .comment       0x000000ae       0x27 /usr/lib/gcc/arm-none-eabi/13.2.1/../../../arm-none-eabi/lib/thumb/v7-m/nofp/libg_nano.a(libc_a-fprintf.o)
 .comment       0x000000ae       0x27 /usr/lib/gcc/arm-none-eabi/13.2.1/../../../arm-none-eabi/lib/thumb/v7-m/nofp/libg_nano.a(libc_a-snprintf.o)
 .comment       0x000000ae       0x27 /usr/lib/gcc/arm-none-eabi/13.2.1/../../../arm-none-eabi/lib/thumb/v7-m/nofp/libg_nano.a(libc_a-nano-vfprintf.o)
 .comment       0x000000ae       0x27 /usr/lib/gcc/arm-none-eabi/13.2.1/../../../arm-none-eabi/lib/thumb/v7-m/nofp/libg_nano.a(libc_a-wbuf.o)
 .comment       0x000000ae       0x27 /usr/lib/gcc/arm-none-eabi/13.2.1/../../../arm-none-eabi/lib/thumb/v7-m/nofp/libg_nano.a(libc_a-nano-svfprintf.o)
 .comment       0x000000ae       0x27 /usr/lib/gcc/arm-none-eabi/13.2.1/../../../arm-none-eabi/lib/thumb/v7-m/nofp/libg_nano.a(libc_a-fvwrite.o)
 .comment       0x000000ae       0x27 /usr/lib/gcc/arm-none-eabi/13.2.1/../../../arm-none-eabi/lib/thumb/v7-m/nofp/libg_nano.a(libc_a-signal.o)
 .comment       0x000000ae       0x27 /usr/lib/gcc/arm-none-eabi/13.2.1/../../../arm-none-eabi/lib/thumb/v7-m/nofp/libg_nano.a(libc_a-findfp.o)
 .comment       0x000000ae       0x27 /usr/lib/gcc/arm-none-eabi/13.2.1/../../../arm-none-eabi/lib/thumb/v7-m/nofp/libg_nano.a(libc_a-fflush.o)
 .comment       0x000000ae       0x27 /usr/lib/gcc/arm-none-eabi/13.2.1/../../../arm-none-eabi/lib/thumb/v7-m/nofp/libg_nano.a(libc_a-mallocr.o)
 .comment       0x000000ae       0x27 /usr/lib/gcc/arm-none-eabi/13.2.1/../../../arm-none-eabi/lib/thumb/v7-m/nofp/libg_nano.a(libc_a-freer.o)
 .comment       0x000000ae       0x27 /usr/lib/gcc/arm-none-eabi/13.2.1/../../../arm-none-eabi/lib/thumb/v7-m/nofp/libg_nano.a(libc_a-memmove.o)
 .comment       0x000000ae       0x27 /usr/lib/gcc/arm-none-eabi/13.2.1/../../../arm-none-eabi/lib/thumb/v7-m/nofp/libg_nano.a(libc_a-fwalk.o)
 .comment       0x000000ae       0x27 /usr/lib/gcc/arm-none-eabi/13.2.1/../../../arm-none-eabi/lib/thumb/v7-m/nofp/libg_nano.a(libc_a-wsetup.o)
 .comment       0x000000ae       0x27 /usr/lib/gcc/arm-none-eabi/13.2.1/../../../arm-none-eabi/lib/thumb/v7-m/nofp/libg_nano.a(libc_a-reallocr.o)
 .comment       0x000000ae       0x27 /usr/lib/gcc/arm-none-eabi/13.2.1/../../../arm-none-eabi/lib/thumb/v7-m/nofp/libg_nano.a(libc_a-nano-vfprintf_i.o)
 .comment       0x000000ae       0x27 /usr/lib/gcc/arm-none-eabi/13.2.1/../../../arm-none-eabi/lib/thumb/v7-m/nofp/libg_nano.a(libc_a-mlock.o)
 .comment       0x000000ae       0x27 /usr/lib/gcc/arm-none-eabi/13.2.1/../../../arm-none-eabi/lib/thumb/v7-m/nofp/libg_nano.a(libc_a-makebuf.o)
 .comment       0x000000ae       0x27 /usr/lib/gcc/arm-none-eabi/13.2.1/../../../arm-none-eabi/lib/thumb/v7-m/nofp/libg_nano.a(libc_a-memchr-stub.o)
 .comment       0x000000ae       0x27 /usr/lib/gcc/arm-none-eabi/13.2.1/../../../arm-none-eabi/lib/thumb/v7-m/nofp/libg_nano.a(libc_a-isattyr.o)
 .comment       0x000000ae       0x27 /usr/lib/gcc/arm-none-eabi/13.2.1/../../../arm-none-eabi/lib/thumb/v7-m/nofp/libg_nano.a(libc_a-sbrkr.o)
 .comment       0x000000ae       0x27 /usr/lib/gcc/arm-none-eabi/13.2.1/../../../arm-none-eabi/lib/thumb/v7-m/nofp/libg_nano.a(libc_a-stdio.o)
 .comment       0x000000ae       0x27 /usr/lib/gcc/arm-none-eabi/13.2.1/../../../arm-none-eabi/lib/thumb/v7-m/nofp/libg_nano.a(libc_a-msizer.o)
 .comment       0x000000ae       0x27 /usr/lib/gcc/arm-none-eabi/13.2.1/../../../arm-none-eabi/lib/thumb/v7-m/nofp/libg_nano.a(libc_a-signalr.o)
 .comment       0x000000ae       0x27 /usr/lib/gcc/arm-none-eabi/13.2.1/../../../arm-none-eabi/lib/thumb/v7-m/nofp/libg_nano.a(libc_a-closer.o)
 .comment       0x000000ae       0x27 /usr/lib/gcc/arm-none-eabi/13.2.1/../../../arm-none-eabi/lib/thumb/v7-m/nofp/libg_nano.a(libc_a-readr.o)
 .comment       0x000000ae       0x27 /usr/lib/gcc/arm-none-eabi/13.2.1/../../../arm-none-eabi/lib/thumb/v7-m/nofp/libg_nano.a(libc_a-reent.o)
 .comment       0x000000ae       0x27 /usr/lib/gcc/arm-none-eabi/13.2.1/../../../arm-none-eabi/lib/thumb/v7-m/nofp/libg_nano.a(libc_a-fstatr.o)
 .comment       0x000000ae       0x27 /usr/lib/gcc/arm-none-eabi/13.2.1/../../../arm-none-eabi/lib/thumb/v7-m/nofp/libg_nano.a(libc_a-lseekr.o)
 .comment       0x000000ae       0x27 /usr/lib/gcc/arm-none-eabi/13.2.1/../../../arm-none-eabi/lib/thumb/v7-m/nofp/libg_nano.a(libc_a-writer.o)

.ARM.attributes
                0x00000000       0x2b
 .ARM.attributes
                0x00000000       0x2d CMakeFiles/RTOSDemo.dir/startup.c.obj
 .ARM.attributes
                0x0000002d       0x2d CMakeFiles/RTOSDemo.dir/main.c.obj
 .ARM.attributes
                0x0000005a       0x2d CMakeFiles/RTOSDemo.dir/LocalDemoFiles/osram128x64x4.c.obj
 .ARM.attributes
                0x00000087       0x2d CMakeFiles/RTOSDemo.dir/syscalls.c.obj
 .ARM.attributes
                0x000000b4       0x2d CMakeFiles/RTOSDemo.dir/isr_weak.c.obj
 .ARM.attributes
                0x000000e1       0x2d FreeRTOS_kernel/libfreertos_kernel.a(port.c.obj)
 .ARM.attributes
                0x0000010e       0x2d FreeRTOS_kernel/libfreertos_kernel.a(queue.c.obj)
 .ARM.attributes
                0x0000013b       0x2d FreeRTOS_kernel/libfreertos_kernel.a(tasks.c.obj)
 .ARM.attributes
                0x00000168       0x2d FreeRTOS_kernel/libfreertos_kernel.a(timers.c.obj)
 .ARM.attributes
                0x00000195       0x2d FreeRTOS_kernel/libfreertos_kernel.a(heap_4.c.obj)
 .ARM.attributes
                0x000001c2       0x2d FreeRTOS_kernel/libfreertos_kernel.a(list.c.obj)
 .ARM.attributes
                0x000001ef       0x31 /home/caspar/embedded/CORTEX_LM3S6965_GCC_QEMU/driver/arm-none-eabi-gcc/libdriver.a(gpio.o)
 .ARM.attributes
                0x00000220       0x31 /home/caspar/embedded/CORTEX_LM3S6965_GCC_QEMU/driver/arm-none-eabi-gcc/libdriver.a(ssi.o)
 .ARM.attributes
                0x00000251       0x31 /home/caspar/embedded/CORTEX_LM3S6965_GCC_QEMU/driver/arm-none-eabi-gcc/libdriver.a(sysctl.o)
 .ARM.attributes
                0x00000282       0x31 /home/caspar/embedded/CORTEX_LM3S6965_GCC_QEMU/driver/arm-none-eabi-gcc/libdriver.a(uart.o)
 .ARM.attributes
                0x000002b3       0x2d /usr/lib/gcc/arm-none-eabi/13.2.1/../../../arm-none-eabi/lib/thumb/v7-m/nofp/libg_nano.a(libc_a-rand.o)
 .ARM.attributes
                0x000002e0       0x2d /usr/lib/gcc/arm-none-eabi/13.2.1/../../../arm-none-eabi/lib/thumb/v7-m/nofp/libg_nano.a(libc_a-assert.o)
 .ARM.attributes
                0x0000030d       0x2d /usr/lib/gcc/arm-none-eabi/13.2.1/../../../arm-none-eabi/lib/thumb/v7-m/nofp/libg_nano.a(libc_a-strlen-stub.o)
 .ARM.attributes
                0x0000033a       0x2d /usr/lib/gcc/arm-none-eabi/13.2.1/../../../arm-none-eabi/lib/thumb/v7-m/nofp/libg_nano.a(libc_a-strcpy.o)
 .ARM.attributes
                0x00000367       0x2d /usr/lib/gcc/arm-none-eabi/13.2.1/../../../arm-none-eabi/lib/thumb/v7-m/nofp/libg_nano.a(libc_a-impure.o)
 .ARM.attributes
                0x00000394       0x2d /usr/lib/gcc/arm-none-eabi/13.2.1/../../../arm-none-eabi/lib/thumb/v7-m/nofp/libg_nano.a(libc_a-abort.o)
 .ARM.attributes
                0x000003c1       0x2d /usr/lib/gcc/arm-none-eabi/13.2.1/../../../arm-none-eabi/lib/thumb/v7-m/nofp/libg_nano.a(libc_a-memset.o)
 .ARM.attributes
                0x000003ee       0x2d /usr/lib/gcc/arm-none-eabi/13.2.1/../../../arm-none-eabi/lib/thumb/v7-m/nofp/libg_nano.a(libc_a-putchar.o)
 .ARM.attributes
                0x0000041b       0x2d /usr/lib/gcc/arm-none-eabi/13.2.1/../../../arm-none-eabi/lib/thumb/v7-m/nofp/libg_nano.a(libc_a-errno.o)
 .ARM.attributes
                0x00000448       0x1b /usr/lib/gcc/arm-none-eabi/13.2.1/../../../arm-none-eabi/lib/thumb/v7-m/nofp/libg_nano.a(libc_a-memcpy.o)
 .ARM.attributes
                0x00000463       0x2d /usr/lib/gcc/arm-none-eabi/13.2.1/../../../arm-none-eabi/lib/thumb/v7-m/nofp/libg_nano.a(libc_a-malloc.o)
 .ARM.attributes
                0x00000490       0x2d /usr/lib/gcc/arm-none-eabi/13.2.1/../../../arm-none-eabi/lib/thumb/v7-m/nofp/libg_nano.a(libc_a-putc.o)
 .ARM.attributes
                0x000004bd       0x2d /usr/lib/gcc/arm-none-eabi/13.2.1/../../../arm-none-eabi/lib/thumb/v7-m/nofp/libg_nano.a(libc_a-fprintf.o)
 .ARM.attributes
                0x000004ea       0x2d /usr/lib/gcc/arm-none-eabi/13.2.1/../../../arm-none-eabi/lib/thumb/v7-m/nofp/libg_nano.a(libc_a-snprintf.o)
 .ARM.attributes
                0x00000517       0x2d /usr/lib/gcc/arm-none-eabi/13.2.1/../../../arm-none-eabi/lib/thumb/v7-m/nofp/libg_nano.a(libc_a-nano-vfprintf.o)
 .ARM.attributes
                0x00000544       0x2d /usr/lib/gcc/arm-none-eabi/13.2.1/../../../arm-none-eabi/lib/thumb/v7-m/nofp/libg_nano.a(libc_a-wbuf.o)
 .ARM.attributes
                0x00000571       0x2d /usr/lib/gcc/arm-none-eabi/13.2.1/../../../arm-none-eabi/lib/thumb/v7-m/nofp/libg_nano.a(libc_a-nano-svfprintf.o)
 .ARM.attributes
                0x0000059e       0x2d /usr/lib/gcc/arm-none-eabi/13.2.1/../../../arm-none-eabi/lib/thumb/v7-m/nofp/libg_nano.a(libc_a-fvwrite.o)
 .ARM.attributes
                0x000005cb       0x2d /usr/lib/gcc/arm-none-eabi/13.2.1/../../../arm-none-eabi/lib/thumb/v7-m/nofp/libg_nano.a(libc_a-signal.o)
 .ARM.attributes
                0x000005f8       0x2d /usr/lib/gcc/arm-none-eabi/13.2.1/../../../arm-none-eabi/lib/thumb/v7-m/nofp/libg_nano.a(libc_a-findfp.o)
 .ARM.attributes
                0x00000625       0x2d /usr/lib/gcc/arm-none-eabi/13.2.1/../../../arm-none-eabi/lib/thumb/v7-m/nofp/libg_nano.a(libc_a-fflush.o)
 .ARM.attributes
                0x00000652       0x2d /usr/lib/gcc/arm-none-eabi/13.2.1/../../../arm-none-eabi/lib/thumb/v7-m/nofp/libg_nano.a(libc_a-mallocr.o)
 .ARM.attributes
                0x0000067f       0x2d /usr/lib/gcc/arm-none-eabi/13.2.1/../../../arm-none-eabi/lib/thumb/v7-m/nofp/libg_nano.a(libc_a-freer.o)
 .ARM.attributes
                0x000006ac       0x2d /usr/lib/gcc/arm-none-eabi/13.2.1/../../../arm-none-eabi/lib/thumb/v7-m/nofp/libg_nano.a(libc_a-memmove.o)
 .ARM.attributes
                0x000006d9       0x2d /usr/lib/gcc/arm-none-eabi/13.2.1/../../../arm-none-eabi/lib/thumb/v7-m/nofp/libg_nano.a(libc_a-fwalk.o)
 .ARM.attributes
                0x00000706       0x2d /usr/lib/gcc/arm-none-eabi/13.2.1/../../../arm-none-eabi/lib/thumb/v7-m/nofp/libg_nano.a(libc_a-wsetup.o)
 .ARM.attributes
                0x00000733       0x2d /usr/lib/gcc/arm-none-eabi/13.2.1/../../../arm-none-eabi/lib/thumb/v7-m/nofp/libg_nano.a(libc_a-reallocr.o)
 .ARM.attributes
                0x00000760       0x2d /usr/lib/gcc/arm-none-eabi/13.2.1/../../../arm-none-eabi/lib/thumb/v7-m/nofp/libg_nano.a(libc_a-nano-vfprintf_i.o)
 .ARM.attributes
                0x0000078d       0x2d /usr/lib/gcc/arm-none-eabi/13.2.1/../../../arm-none-eabi/lib/thumb/v7-m/nofp/libg_nano.a(libc_a-mlock.o)
 .ARM.attributes
                0x000007ba       0x2d /usr/lib/gcc/arm-none-eabi/13.2.1/../../../arm-none-eabi/lib/thumb/v7-m/nofp/libg_nano.a(libc_a-makebuf.o)
 .ARM.attributes
                0x000007e7       0x2d /usr/lib/gcc/arm-none-eabi/13.2.1/../../../arm-none-eabi/lib/thumb/v7-m/nofp/libg_nano.a(libc_a-memchr-stub.o)
 .ARM.attributes
                0x00000814       0x2d /usr/lib/gcc/arm-none-eabi/13.2.1/../../../arm-none-eabi/lib/thumb/v7-m/nofp/libg_nano.a(libc_a-isattyr.o)
 .ARM.attributes
                0x00000841       0x2d /usr/lib/gcc/arm-none-eabi/13.2.1/../../../arm-none-eabi/lib/thumb/v7-m/nofp/libg_nano.a(libc_a-sbrkr.o)
 .ARM.attributes
                0x0000086e       0x2d /usr/lib/gcc/arm-none-eabi/13.2.1/../../../arm-none-eabi/lib/thumb/v7-m/nofp/libg_nano.a(libc_a-stdio.o)
 .ARM.attributes
                0x0000089b       0x2d /usr/lib/gcc/arm-none-eabi/13.2.1/../../../arm-none-eabi/lib/thumb/v7-m/nofp/libg_nano.a(libc_a-msizer.o)
 .ARM.attributes
                0x000008c8       0x2d /usr/lib/gcc/arm-none-eabi/13.2.1/../../../arm-none-eabi/lib/thumb/v7-m/nofp/libg_nano.a(libc_a-signalr.o)
 .ARM.attributes
                0x000008f5       0x2d /usr/lib/gcc/arm-none-eabi/13.2.1/../../../arm-none-eabi/lib/thumb/v7-m/nofp/libg_nano.a(libc_a-closer.o)
 .ARM.attributes
                0x00000922       0x2d /usr/lib/gcc/arm-none-eabi/13.2.1/../../../arm-none-eabi/lib/thumb/v7-m/nofp/libg_nano.a(libc_a-readr.o)
 .ARM.attributes
                0x0000094f       0x2d /usr/lib/gcc/arm-none-eabi/13.2.1/../../../arm-none-eabi/lib/thumb/v7-m/nofp/libg_nano.a(libc_a-reent.o)
 .ARM.attributes
                0x0000097c       0x2d /usr/lib/gcc/arm-none-eabi/13.2.1/../../../arm-none-eabi/lib/thumb/v7-m/nofp/libg_nano.a(libc_a-fstatr.o)
 .ARM.attributes
                0x000009a9       0x2d /usr/lib/gcc/arm-none-eabi/13.2.1/../../../arm-none-eabi/lib/thumb/v7-m/nofp/libg_nano.a(libc_a-lseekr.o)
 .ARM.attributes
                0x000009d6       0x2d /usr/lib/gcc/arm-none-eabi/13.2.1/../../../arm-none-eabi/lib/thumb/v7-m/nofp/libg_nano.a(libc_a-writer.o)

.debug_frame    0x00000000     0x2d08
 .debug_frame   0x00000000       0xb8 CMakeFiles/RTOSDemo.dir/startup.c.obj
 .debug_frame   0x000000b8      0x1c4 CMakeFiles/RTOSDemo.dir/main.c.obj
 .debug_frame   0x0000027c      0x1a0 CMakeFiles/RTOSDemo.dir/LocalDemoFiles/osram128x64x4.c.obj
 .debug_frame   0x0000041c      0x180 CMakeFiles/RTOSDemo.dir/syscalls.c.obj
 .debug_frame   0x0000059c       0x28 CMakeFiles/RTOSDemo.dir/isr_weak.c.obj
 .debug_frame   0x000005c4      0x17c FreeRTOS_kernel/libfreertos_kernel.a(port.c.obj)
 .debug_frame   0x00000740      0x740 FreeRTOS_kernel/libfreertos_kernel.a(queue.c.obj)
 .debug_frame   0x00000e80      0xb10 FreeRTOS_kernel/libfreertos_kernel.a(tasks.c.obj)
 .debug_frame   0x00001990      0x48c FreeRTOS_kernel/libfreertos_kernel.a(timers.c.obj)
 .debug_frame   0x00001e1c      0x18c FreeRTOS_kernel/libfreertos_kernel.a(heap_4.c.obj)
 .debug_frame   0x00001fa8       0xd8 FreeRTOS_kernel/libfreertos_kernel.a(list.c.obj)
 .debug_frame   0x00002080       0x48 /usr/lib/gcc/arm-none-eabi/13.2.1/../../../arm-none-eabi/lib/thumb/v7-m/nofp/libg_nano.a(libc_a-rand.o)
 .debug_frame   0x000020c8       0x40 /usr/lib/gcc/arm-none-eabi/13.2.1/../../../arm-none-eabi/lib/thumb/v7-m/nofp/libg_nano.a(libc_a-assert.o)
 .debug_frame   0x00002108       0x20 /usr/lib/gcc/arm-none-eabi/13.2.1/../../../arm-none-eabi/lib/thumb/v7-m/nofp/libg_nano.a(libc_a-strlen-stub.o)
 .debug_frame   0x00002128       0x20 /usr/lib/gcc/arm-none-eabi/13.2.1/../../../arm-none-eabi/lib/thumb/v7-m/nofp/libg_nano.a(libc_a-strcpy.o)
 .debug_frame   0x00002148       0x28 /usr/lib/gcc/arm-none-eabi/13.2.1/../../../arm-none-eabi/lib/thumb/v7-m/nofp/libg_nano.a(libc_a-abort.o)
 .debug_frame   0x00002170       0x2c /usr/lib/gcc/arm-none-eabi/13.2.1/../../../arm-none-eabi/lib/thumb/v7-m/nofp/libg_nano.a(libc_a-memset.o)
 .debug_frame   0x0000219c       0x30 /usr/lib/gcc/arm-none-eabi/13.2.1/../../../arm-none-eabi/lib/thumb/v7-m/nofp/libg_nano.a(libc_a-putchar.o)
 .debug_frame   0x000021cc       0x20 /usr/lib/gcc/arm-none-eabi/13.2.1/../../../arm-none-eabi/lib/thumb/v7-m/nofp/libg_nano.a(libc_a-errno.o)
 .debug_frame   0x000021ec       0x30 /usr/lib/gcc/arm-none-eabi/13.2.1/../../../arm-none-eabi/lib/thumb/v7-m/nofp/libg_nano.a(libc_a-malloc.o)
 .debug_frame   0x0000221c       0x68 /usr/lib/gcc/arm-none-eabi/13.2.1/../../../arm-none-eabi/lib/thumb/v7-m/nofp/libg_nano.a(libc_a-putc.o)
 .debug_frame   0x00002284       0x6c /usr/lib/gcc/arm-none-eabi/13.2.1/../../../arm-none-eabi/lib/thumb/v7-m/nofp/libg_nano.a(libc_a-fprintf.o)
 .debug_frame   0x000022f0       0x94 /usr/lib/gcc/arm-none-eabi/13.2.1/../../../arm-none-eabi/lib/thumb/v7-m/nofp/libg_nano.a(libc_a-snprintf.o)
 .debug_frame   0x00002384       0xac /usr/lib/gcc/arm-none-eabi/13.2.1/../../../arm-none-eabi/lib/thumb/v7-m/nofp/libg_nano.a(libc_a-nano-vfprintf.o)
 .debug_frame   0x00002430       0x40 /usr/lib/gcc/arm-none-eabi/13.2.1/../../../arm-none-eabi/lib/thumb/v7-m/nofp/libg_nano.a(libc_a-wbuf.o)
 .debug_frame   0x00002470       0x98 /usr/lib/gcc/arm-none-eabi/13.2.1/../../../arm-none-eabi/lib/thumb/v7-m/nofp/libg_nano.a(libc_a-nano-svfprintf.o)
 .debug_frame   0x00002508       0x64 /usr/lib/gcc/arm-none-eabi/13.2.1/../../../arm-none-eabi/lib/thumb/v7-m/nofp/libg_nano.a(libc_a-fvwrite.o)
 .debug_frame   0x0000256c      0x118 /usr/lib/gcc/arm-none-eabi/13.2.1/../../../arm-none-eabi/lib/thumb/v7-m/nofp/libg_nano.a(libc_a-signal.o)
 .debug_frame   0x00002684       0xf4 /usr/lib/gcc/arm-none-eabi/13.2.1/../../../arm-none-eabi/lib/thumb/v7-m/nofp/libg_nano.a(libc_a-findfp.o)
 .debug_frame   0x00002778       0x8c /usr/lib/gcc/arm-none-eabi/13.2.1/../../../arm-none-eabi/lib/thumb/v7-m/nofp/libg_nano.a(libc_a-fflush.o)
 .debug_frame   0x00002804       0x50 /usr/lib/gcc/arm-none-eabi/13.2.1/../../../arm-none-eabi/lib/thumb/v7-m/nofp/libg_nano.a(libc_a-mallocr.o)
 .debug_frame   0x00002854       0x58 /usr/lib/gcc/arm-none-eabi/13.2.1/../../../arm-none-eabi/lib/thumb/v7-m/nofp/libg_nano.a(libc_a-freer.o)
 .debug_frame   0x000028ac       0x40 /usr/lib/gcc/arm-none-eabi/13.2.1/../../../arm-none-eabi/lib/thumb/v7-m/nofp/libg_nano.a(libc_a-memmove.o)
 .debug_frame   0x000028ec       0x34 /usr/lib/gcc/arm-none-eabi/13.2.1/../../../arm-none-eabi/lib/thumb/v7-m/nofp/libg_nano.a(libc_a-fwalk.o)
 .debug_frame   0x00002920       0x2c /usr/lib/gcc/arm-none-eabi/13.2.1/../../../arm-none-eabi/lib/thumb/v7-m/nofp/libg_nano.a(libc_a-wsetup.o)
 .debug_frame   0x0000294c       0x38 /usr/lib/gcc/arm-none-eabi/13.2.1/../../../arm-none-eabi/lib/thumb/v7-m/nofp/libg_nano.a(libc_a-reallocr.o)
 .debug_frame   0x00002984       0x6c /usr/lib/gcc/arm-none-eabi/13.2.1/../../../arm-none-eabi/lib/thumb/v7-m/nofp/libg_nano.a(libc_a-nano-vfprintf_i.o)
 .debug_frame   0x000029f0       0x30 /usr/lib/gcc/arm-none-eabi/13.2.1/../../../arm-none-eabi/lib/thumb/v7-m/nofp/libg_nano.a(libc_a-mlock.o)
 .debug_frame   0x00002a20       0x60 /usr/lib/gcc/arm-none-eabi/13.2.1/../../../arm-none-eabi/lib/thumb/v7-m/nofp/libg_nano.a(libc_a-makebuf.o)
 .debug_frame   0x00002a80       0x2c /usr/lib/gcc/arm-none-eabi/13.2.1/../../../arm-none-eabi/lib/thumb/v7-m/nofp/libg_nano.a(libc_a-memchr-stub.o)
 .debug_frame   0x00002aac       0x2c /usr/lib/gcc/arm-none-eabi/13.2.1/../../../arm-none-eabi/lib/thumb/v7-m/nofp/libg_nano.a(libc_a-isattyr.o)
 .debug_frame   0x00002ad8       0x2c /usr/lib/gcc/arm-none-eabi/13.2.1/../../../arm-none-eabi/lib/thumb/v7-m/nofp/libg_nano.a(libc_a-sbrkr.o)
 .debug_frame   0x00002b04       0x8c /usr/lib/gcc/arm-none-eabi/13.2.1/../../../arm-none-eabi/lib/thumb/v7-m/nofp/libg_nano.a(libc_a-stdio.o)
 .debug_frame   0x00002b90       0x20 /usr/lib/gcc/arm-none-eabi/13.2.1/../../../arm-none-eabi/lib/thumb/v7-m/nofp/libg_nano.a(libc_a-msizer.o)
 .debug_frame   0x00002bb0       0x3c /usr/lib/gcc/arm-none-eabi/13.2.1/../../../arm-none-eabi/lib/thumb/v7-m/nofp/libg_nano.a(libc_a-signalr.o)
 .debug_frame   0x00002bec       0x2c /usr/lib/gcc/arm-none-eabi/13.2.1/../../../arm-none-eabi/lib/thumb/v7-m/nofp/libg_nano.a(libc_a-closer.o)
 .debug_frame   0x00002c18       0x2c /usr/lib/gcc/arm-none-eabi/13.2.1/../../../arm-none-eabi/lib/thumb/v7-m/nofp/libg_nano.a(libc_a-readr.o)
 .debug_frame   0x00002c44       0x40 /usr/lib/gcc/arm-none-eabi/13.2.1/../../../arm-none-eabi/lib/thumb/v7-m/nofp/libg_nano.a(libc_a-reent.o)
 .debug_frame   0x00002c84       0x2c /usr/lib/gcc/arm-none-eabi/13.2.1/../../../arm-none-eabi/lib/thumb/v7-m/nofp/libg_nano.a(libc_a-fstatr.o)
 .debug_frame   0x00002cb0       0x2c /usr/lib/gcc/arm-none-eabi/13.2.1/../../../arm-none-eabi/lib/thumb/v7-m/nofp/libg_nano.a(libc_a-lseekr.o)
 .debug_frame   0x00002cdc       0x2c /usr/lib/gcc/arm-none-eabi/13.2.1/../../../arm-none-eabi/lib/thumb/v7-m/nofp/libg_nano.a(libc_a-writer.o)

.debug_rnglists
                0x00000000      0x363
 .debug_rnglists
                0x00000000       0x1c FreeRTOS_kernel/libfreertos_kernel.a(tasks.c.obj)
 .debug_rnglists
                0x0000001c       0x33 /usr/lib/gcc/arm-none-eabi/13.2.1/../../../arm-none-eabi/lib/thumb/v7-m/nofp/libg_nano.a(libc_a-rand.o)
 .debug_rnglists
                0x0000004f       0x13 /usr/lib/gcc/arm-none-eabi/13.2.1/../../../arm-none-eabi/lib/thumb/v7-m/nofp/libg_nano.a(libc_a-strlen-stub.o)
 .debug_rnglists
                0x00000062       0x14 /usr/lib/gcc/arm-none-eabi/13.2.1/../../../arm-none-eabi/lib/thumb/v7-m/nofp/libg_nano.a(libc_a-strcpy.o)
 .debug_rnglists
                0x00000076       0x3c /usr/lib/gcc/arm-none-eabi/13.2.1/../../../arm-none-eabi/lib/thumb/v7-m/nofp/libg_nano.a(libc_a-putc.o)
 .debug_rnglists
                0x000000b2       0x1a /usr/lib/gcc/arm-none-eabi/13.2.1/../../../arm-none-eabi/lib/thumb/v7-m/nofp/libg_nano.a(libc_a-nano-vfprintf.o)
 .debug_rnglists
                0x000000cc       0x1b /usr/lib/gcc/arm-none-eabi/13.2.1/../../../arm-none-eabi/lib/thumb/v7-m/nofp/libg_nano.a(libc_a-wbuf.o)
 .debug_rnglists
                0x000000e7       0x42 /usr/lib/gcc/arm-none-eabi/13.2.1/../../../arm-none-eabi/lib/thumb/v7-m/nofp/libg_nano.a(libc_a-nano-svfprintf.o)
 .debug_rnglists
                0x00000129       0x30 /usr/lib/gcc/arm-none-eabi/13.2.1/../../../arm-none-eabi/lib/thumb/v7-m/nofp/libg_nano.a(libc_a-fvwrite.o)
 .debug_rnglists
                0x00000159       0x65 /usr/lib/gcc/arm-none-eabi/13.2.1/../../../arm-none-eabi/lib/thumb/v7-m/nofp/libg_nano.a(libc_a-signal.o)
 .debug_rnglists
                0x000001be       0x7a /usr/lib/gcc/arm-none-eabi/13.2.1/../../../arm-none-eabi/lib/thumb/v7-m/nofp/libg_nano.a(libc_a-findfp.o)
 .debug_rnglists
                0x00000238       0x58 /usr/lib/gcc/arm-none-eabi/13.2.1/../../../arm-none-eabi/lib/thumb/v7-m/nofp/libg_nano.a(libc_a-fflush.o)
 .debug_rnglists
                0x00000290       0x1f /usr/lib/gcc/arm-none-eabi/13.2.1/../../../arm-none-eabi/lib/thumb/v7-m/nofp/libg_nano.a(libc_a-mallocr.o)
 .debug_rnglists
                0x000002af       0x13 /usr/lib/gcc/arm-none-eabi/13.2.1/../../../arm-none-eabi/lib/thumb/v7-m/nofp/libg_nano.a(libc_a-freer.o)
 .debug_rnglists