Archive member included to satisfy reference by file (symbol)

FreeRTOS_kernel/libfreertos_kernel.a(port.c.obj)
                              CMakeFiles/RTOSDemo.dir/startup.c.obj (vPortSVCHandler)
FreeRTOS_kernel/libfreertos_kernel.a(queue.c.obj)
                              CMakeFiles/RTOSDemo.dir/main.c.obj (xQueueGenericCreate)
FreeRTOS_kernel/libfreertos_kernel.a(tasks.c.obj)
                              FreeRTOS_kernel/libfreertos_kernel.a(port.c.obj) (pxCurrentTCB)
FreeRTOS_kernel/libfreertos_kernel.a(timers.c.obj)
                              FreeRTOS_kernel/libfreertos_kernel.a(tasks.c.obj) (xTimerCreateTimerTask)
FreeRTOS_kernel/libfreertos_kernel.a(heap_4.c.obj)
                              FreeRTOS_kernel/libfreertos_kernel.a(queue.c.obj) (pvPortMalloc)
FreeRTOS_kernel/libfreertos_kernel.a(list.c.obj)
                              FreeRTOS_kernel/libfreertos_kernel.a(queue.c.obj) (vListInitialise)
/home/caspar/embedded/CORTEX_LM3S6965_GCC_QEMU/driver/arm-none-eabi-gcc/libdriver.a(gpio.o)
                              CMakeFiles/RTOSDemo.dir/LocalDemoFiles/osram128x64x4.c.obj (GPIODirModeSet)
/home/caspar/embedded/CORTEX_LM3S6965_GCC_QEMU/driver/arm-none-eabi-gcc/libdriver.a(interrupt.o)
                              /home/caspar/embedded/CORTEX_LM3S6965_GCC_QEMU/driver/arm-none-eabi-gcc/libdriver.a(gpio.o) (IntRegister)
/home/caspar/embedded/CORTEX_LM3S6965_GCC_QEMU/driver/arm-none-eabi-gcc/libdriver.a(ssi.o)
                              CMakeFiles/RTOSDemo.dir/LocalDemoFiles/osram128x64x4.c.obj (SSIConfigSetExpClk)
/home/caspar/embedded/CORTEX_LM3S6965_GCC_QEMU/driver/arm-none-eabi-gcc/libdriver.a(sysctl.o)
                              CMakeFiles/RTOSDemo.dir/main.c.obj (SysCtlPeripheralEnable)
/home/caspar/embedded/CORTEX_LM3S6965_GCC_QEMU/driver/arm-none-eabi-gcc/libdriver.a(uart.o)
                              CMakeFiles/RTOSDemo.dir/main.c.obj (UARTEnable)
/home/caspar/embedded/CORTEX_LM3S6965_GCC_QEMU/driver/arm-none-eabi-gcc/libdriver.a(cpu.o)
                              /home/caspar/embedded/CORTEX_LM3S6965_GCC_QEMU/driver/arm-none-eabi-gcc/libdriver.a(interrupt.o) (CPUcpsid)
/usr/lib/gcc/arm-none-eabi/13.2.1/thumb/v7-m/nofp/libgcc.a(_aeabi_uldivmod.o)
                              CMakeFiles/RTOSDemo.dir/main.c.obj (__aeabi_uldivmod)
/usr/lib/gcc/arm-none-eabi/13.2.1/thumb/v7-m/nofp/libgcc.a(_udivmoddi4.o)
                              /usr/lib/gcc/arm-none-eabi/13.2.1/thumb/v7-m/nofp/libgcc.a(_aeabi_uldivmod.o) (__udivmoddi4)
/usr/lib/gcc/arm-none-eabi/13.2.1/thumb/v7-m/nofp/libgcc.a(_dvmd_tls.o)
                              /usr/lib/gcc/arm-none-eabi/13.2.1/thumb/v7-m/nofp/libgcc.a(_aeabi_uldivmod.o) (__aeabi_ldiv0)
/usr/lib/gcc/arm-none-eabi/13.2.1/../../../arm-none-eabi/lib/thumb/v7-m/nofp/libg_nano.a(libc_a-sprintf.o)
                              CMakeFiles/RTOSDemo.dir/main.c.obj (sprintf)
/usr/lib/gcc/arm-none-eabi/13.2.1/../../../arm-none-eabi/lib/thumb/v7-m/nofp/libg_nano.a(libc_a-rand.o)
                              CMakeFiles/RTOSDemo.dir/main.c.obj (rand)
/usr/lib/gcc/arm-none-eabi/13.2.1/../../../arm-none-eabi/lib/thumb/v7-m/nofp/libg_nano.a(libc_a-assert.o)
                              /usr/lib/gcc/arm-none-eabi/13.2.1/../../../arm-none-eabi/lib/thumb/v7-m/nofp/libg_nano.a(libc_a-rand.o) (__assert_func)
/usr/lib/gcc/arm-none-eabi/13.2.1/../../../arm-none-eabi/lib/thumb/v7-m/nofp/libg_nano.a(libc_a-strlen-stub.o)
                              FreeRTOS_kernel/libfreertos_kernel.a(tasks.c.obj) (strlen)
/usr/lib/gcc/arm-none-eabi/13.2.1/../../../arm-none-eabi/lib/thumb/v7-m/nofp/libg_nano.a(libc_a-strcpy.o)
                              FreeRTOS_kernel/libfreertos_kernel.a(tasks.c.obj) (strcpy)
/usr/lib/gcc/arm-none-eabi/13.2.1/../../../arm-none-eabi/lib/thumb/v7-m/nofp/libg_nano.a(libc_a-impure.o)
                              /usr/lib/gcc/arm-none-eabi/13.2.1/../../../arm-none-eabi/lib/thumb/v7-m/nofp/libg_nano.a(libc_a-sprintf.o) (_impure_ptr)
/usr/lib/gcc/arm-none-eabi/13.2.1/../../../arm-none-eabi/lib/thumb/v7-m/nofp/libg_nano.a(libc_a-nano-svfprintf.o)
                              /usr/lib/gcc/arm-none-eabi/13.2.1/../../../arm-none-eabi/lib/thumb/v7-m/nofp/libg_nano.a(libc_a-sprintf.o) (_svfprintf_r)
/usr/lib/gcc/arm-none-eabi/13.2.1/../../../arm-none-eabi/lib/thumb/v7-m/nofp/libg_nano.a(libc_a-abort.o)
                              /usr/lib/gcc/arm-none-eabi/13.2.1/../../../arm-none-eabi/lib/thumb/v7-m/nofp/libg_nano.a(libc_a-assert.o) (abort)
/usr/lib/gcc/arm-none-eabi/13.2.1/../../../arm-none-eabi/lib/thumb/v7-m/nofp/libg_nano.a(libc_a-memset.o)
                              FreeRTOS_kernel/libfreertos_kernel.a(tasks.c.obj) (memset)
/usr/lib/gcc/arm-none-eabi/13.2.1/../../../arm-none-eabi/lib/thumb/v7-m/nofp/libg_nano.a(libc_a-putchar.o)
                              CMakeFiles/RTOSDemo.dir/syscalls.c.obj (putchar)
/usr/lib/gcc/arm-none-eabi/13.2.1/../../../arm-none-eabi/lib/thumb/v7-m/nofp/libg_nano.a(libc_a-errno.o)
[...]
Memory Configuration

Name             Origin             Length             Attributes
FLASH            0x00000000         0x00040000         xr
SRAM             0x20000000         0x00010000         xrw
*default*        0x00000000         0xffffffff

Linker script and memory map

START GROUP
LOAD /usr/lib/gcc/arm-none-eabi/13.2.1/../../../arm-none-eabi/lib/thumb/v7-m/nofp/libc_nano.a
LOAD /usr/lib/gcc/arm-none-eabi/13.2.1/../../../arm-none-eabi/lib/thumb/v7-m/nofp/libm.a
END GROUP
LOAD CMakeFiles/RTOSDemo.dir/startup.c.obj
LOAD CMakeFiles/RTOSDemo.dir/main.c.obj
LOAD CMakeFiles/RTOSDemo.dir/LocalDemoFiles/osram128x64x4.c.obj
LOAD CMakeFiles/RTOSDemo.dir/driver/ustdlib.c.obj
LOAD CMakeFiles/RTOSDemo.dir/syscalls.c.obj
LOAD CMakeFiles/RTOSDemo.dir/isr_weak.c.obj
LOAD FreeRTOS_kernel/libfreertos_kernel.a
LOAD /home/caspar/embedded/CORTEX_LM3S6965_GCC_QEMU/driver/arm-none-eabi-gcc/libdriver.a
LOAD /home/caspar/embedded/CORTEX_LM3S6965_GCC_QEMU/driver/arm-none-eabi-gcc/libgr.a
START GROUP
LOAD /usr/lib/gcc/arm-none-eabi/13.2.1/thumb/v7-m/nofp/libgcc.a
LOAD /usr/lib/gcc/arm-none-eabi/13.2.1/../../../arm-none-eabi/lib/thumb/v7-m/nofp/libg_nano.a
LOAD /usr/lib/gcc/arm-none-eabi/13.2.1/../../../arm-none-eabi/lib/thumb/v7-m/nofp/libc_nano.a
END GROUP
START GROUP
LOAD /usr/lib/gcc/arm-none-eabi/13.2.1/thumb/v7-m/nofp/libgcc.a
LOAD /usr/lib/gcc/arm-none-eabi/13.2.1/../../../arm-none-eabi/lib/thumb/v7-m/nofp/libc_nano.a
END GROUP

.text           0x00000000     0xace1
 *(.isr_vector)
 .isr_vector    0x00000000       0xf0 CMakeFiles/RTOSDemo.dir/startup.c.obj
                0x00000000                g_pfnVectors
 *(.text*)
 .text          0x000000f0       0x9c CMakeFiles/RTOSDemo.dir/startup.c.obj
                0x000000f0                ResetISR
                0x00000178                uipprintf
 .text          0x0000018c      0xca0 CMakeFiles/RTOSDemo.dir/main.c.obj
                0x0000018c                saveHighScore
                0x000001a8                loadHighScore
                0x000001bc                spawnFood
                0x00000200                isFoodExpired
                0x0000020e                calculateScore
                0x00000236                calculateLevel
                0x00000258                updateGameTime
                0x00000290                processFoodEffect
                0x00000330                vKeyboardTask
                0x00000408                displayGameMenu
                0x00000488                displayGameStats
                0x00000570                vDrawTask
                0x00000828                vSnakeTask
                0x00000c9c                vRestart
                0x00000cb2                prvSetupHardware
                0x00000cd8                main
                0x00000d74                vAssertCalled
                0x00000d80                vApplicationTickHook
                0x00000d8c                vApplicationStackOverflowHook
                0x00000d98                vApplicationGetIdleTaskMemory
                0x00000dc8                vApplicationGetTimerTaskMemory
 .text          0x00000e2c      0x6a0 CMakeFiles/RTOSDemo.dir/LocalDemoFiles/osram128x64x4.c.obj
                0x00000eec                OSRAM128x64x4Clear
                0x00000f50                OSRAM128x64x4StringDraw
                0x000010b4                OSRAM128x64x4ImageDraw
                0x00001150                OSRAM128x64x4Enable
                0x000011c0                OSRAM128x64x4Disable
                0x0000121c                OSRAM128x64x4Init
                0x000012ec                OSRAM128x64x4DisplayOn
                0x00001338                OSRAM128x64x4DisplayOff
                0x0000134c                DefaultBlockDraw
 .text          0x000014cc      0x138 CMakeFiles/RTOSDemo.dir/syscalls.c.obj
                0x000014cc                _sbrk
                0x0000151c                _write
                0x00001554                _read
                0x0000156c                _close
                0x00001582                _fstat
                0x000015a0                _isatty
                0x000015b4                _lseek
                0x000015cc                _kill
                0x000015ec                _getpid
                0x000015fa                _exit
 .text          0x00001604        0x6 CMakeFiles/RTOSDemo.dir/isr_weak.c.obj
                0x00001604                Timer0IntHandler
                0x00001604                IntDefaultHandler
                0x00001604                vT3InterruptHandler
                0x00001604                vT2InterruptHandler
 *fill*         0x0000160a        0x2 
 .text          0x0000160c      0x41c FreeRTOS_kernel/libfreertos_kernel.a(port.c.obj)
                0x0000160c                pxPortInitialiseStack
                0x000016b0                vPortSVCHandler
                0x000016f6                xPortStartScheduler
                0x00001840                vPortEndScheduler
                0x00001864                vPortEnterCritical
                0x000018b8                vPortExitCritical
                0x00001900                xPortPendSVHandler
                0x00001946                xPortSysTickHandler
                0x0000198c                vPortSetupTimerInterrupt
                0x000019c0                vPortValidateInterruptPriority
 .text          0x00001a28     0x190c FreeRTOS_kernel/libfreertos_kernel.a(queue.c.obj)
                0x00001a28                xQueueGenericReset
                0x00001b34                xQueueGenericCreateStatic
                0x00001bd0                xQueueGenericGetStaticBuffers
                0x00001c38                xQueueGenericCreate
                0x00001d54                xQueueCreateMutex
                0x00001d84                xQueueCreateMutexStatic
                0x00001dba                xQueueGetMutexHolder
                0x00001e00                xQueueGetMutexHolderFromISR
                0x00001e3c                xQueueGiveMutexRecursive
                0x00001e9c                xQueueTakeMutexRecursive
                0x00001f24                xQueueCreateCountingSemaphoreStatic
                0x00001f80                xQueueCreateCountingSemaphore
                0x00001fd4                xQueueGenericSend
                0x000021dc                xQueueGenericSendFromISR
                0x00002344                xQueueGiveFromISR
                0x00002480                xQueueReceive
                0x00002620                xQueueSemaphoreTake
                0x000027fc                xQueuePeek
                0x000029a0                xQueueReceiveFromISR
                0x00002ab0                xQueuePeekFromISR
                0x00002b64                uxQueueMessagesWaiting
                0x00002b98                uxQueueSpacesAvailable
                0x00002bd8                uxQueueMessagesWaitingFromISR
                0x00002c08                vQueueDelete
                0x00002c48                uxQueueGetQueueNumber
                0x00002c5e                vQueueSetQueueNumber
                0x00002c78                ucQueueGetQueueType
                0x00002c90                uxQueueGetQueueItemSize
                0x00002ca6                uxQueueGetQueueLength
                0x00002ef4                xQueueIsQueueEmptyFromISR
                0x00002f60                xQueueIsQueueFullFromISR
                0x00002fa0                vQueueAddToRegistry
                0x00003030                pcQueueGetName
                0x0000308c                vQueueUnregisterQueue
                0x000030f0                vQueueWaitForMessageRestricted
                0x00003158                xQueueCreateSet
                0x00003176                xQueueCreateSetStatic
                0x0000319e                xQueueAddToSet
                0x000031e0                xQueueRemoveFromSet
                0x00003228                xQueueSelectFromSet
                0x0000324e                xQueueSelectFromSetFromISR
 .text          0x00003334     0x35e4 FreeRTOS_kernel/libfreertos_kernel.a(tasks.c.obj)
                0x000033d0                xTaskCreateStatic
                0x00003498                xTaskCreate
                0x0000374e                vTaskDelete
                0x00003898                xTaskDelayUntil
                0x00003974                vTaskDelay
                0x000039d4                eTaskGetState
                0x00003ad8                uxTaskPriorityGet
                0x00003b20                uxTaskPriorityGetFromISR
                0x00003b8c                uxTaskBasePriorityGet
                0x00003bd4                uxTaskBasePriorityGetFromISR
                0x00003c40                vTaskPrioritySet
                0x00003dfc                vTaskSuspend
                0x00003fc8                vTaskResume
                0x000040d0                xTaskResumeFromISR
                0x000042f0                vTaskStartScheduler
                0x00004370                vTaskEndScheduler
                0x000043d4                vTaskSuspendAll
                0x000043f0                xTaskResumeAll
                0x000045f8                xTaskGetTickCount
                0x00004614                xTaskGetTickCountFromISR
                0x00004638                uxTaskGetNumberOfTasks
                0x0000464c                pcTaskGetName
                0x00004728                xTaskGetHandle
                0x000047ec                xTaskGetStaticBuffers
                0x0000488c                uxTaskGetSystemState
                0x000049a8                xTaskGetIdleTaskHandle
                0x000049d0                xTaskGetIdleTaskHandleForCore
                0x00004a18                xTaskCatchUpTicks
                0x00004a68                xTaskIncrementTick
                0x00004ca0                vTaskSwitchContext
                0x00004dac                vTaskPlaceOnEventList
                0x00004dec                vTaskPlaceOnUnorderedEventList
                0x00004e84                vTaskPlaceOnEventListRestricted
                0x00004f08                xTaskRemoveFromEventList
                0x000050ac                vTaskRemoveFromUnorderedEventList
                0x00005218                vTaskSetTimeOutState
                0x0000525c                vTaskInternalSetTimeOutState
                0x00005288                xTaskCheckForTimeOut
                0x00005340                vTaskMissedYield
                0x00005358                uxTaskGetTaskNumber
                0x00005382                vTaskSetTaskNumber
                0x00005490                vTaskGetInfo
                0x00005652                uxTaskGetStackHighWaterMark
                0x00005728                xTaskGetCurrentTaskHandle
                0x00005744                xTaskGetCurrentTaskHandleForCore
                0x00005774                xTaskGetSchedulerState
                0x000057b0                xTaskPriorityInherit
                0x000058f0                xTaskPriorityDisinherit
                0x00005a28                vTaskPriorityDisinheritAfterTimeout
                0x00005bd2                vTaskListTasks
                0x00005d58                uxTaskResetEventItemValue
                0x00005d88                pvTaskIncrementMutexHeldCount
                0x00005db4                ulTaskGenericNotifyTake
                0x00005eb0                xTaskGenericNotifyWait
                0x00005fdc                xTaskGenericNotify
                0x000061f8                xTaskGenericNotifyFromISR
                0x00006488                vTaskGenericNotifyGiveFromISR
                0x00006678                xTaskGenericNotifyStateClear
                0x000066f4                ulTaskGenericNotifyValueClear
                0x00006878                vTaskResetState
 .text          0x00006918      0xadc FreeRTOS_kernel/libfreertos_kernel.a(timers.c.obj)
                0x00006918                xTimerCreateTimerTask
                0x000069a0                xTimerCreate
                0x000069e2                xTimerCreateStatic
                0x00006ab4                xTimerGenericCommandFromTask
                0x00006b38                xTimerGenericCommandFromISR
                0x00006ba0                xTimerGetTimerDaemonTaskHandle
                0x00006bc8                xTimerGetPeriod
                0x00006bf4                vTimerSetReloadMode
                0x00006c54                xTimerGetReloadMode
                0x00006ca0                uxTimerGetReloadMode
                0x00006cbc                xTimerGetExpiryTime
                0x00006cec                xTimerGetStaticBuffer
                0x00006d38                pcTimerGetName
                0x00007250                xTimerIsTimerActive
                0x0000729c                pvTimerGetTimerID
                0x000072d4                vTimerSetTimerID
                0x0000730c                xTimerPendFunctionCallFromISR
                0x0000734c                xTimerPendFunctionCall
                0x000073a4                uxTimerGetTimerNumber
                0x000073ba                vTimerSetTimerNumber
                0x000073d4                vTimerResetState
 .text          0x000073f4      0x62c FreeRTOS_kernel/libfreertos_kernel.a(heap_4.c.obj)
                0x000073f4                pvPortMalloc
                0x00007610                vPortFree
                0x000076d8                xPortGetFreeHeapSize
                0x000076ec                xPortGetMinimumEverFreeHeapSize
                0x00007700                xPortResetHeapMinimumEverFreeHeapSize
                0x0000771c                vPortInitialiseBlocks
                0x00007728                pvPortCalloc
                0x00007924                vPortGetHeapStats
                0x000079e0                vPortHeapResetState
 .text          0x00007a20      0x15e FreeRTOS_kernel/libfreertos_kernel.a(list.c.obj)
                0x00007a20                vListInitialise
                0x00007a5e                vListInitialiseItem
                0x00007a76                vListInsertEnd
                0x00007abc                vListInsert
                0x00007b2c                uxListRemove
 *fill*         0x00007b7e        0x2 
 .text.GPIODirModeSet
                0x00007b80       0x44 /home/caspar/embedded/CORTEX_LM3S6965_GCC_QEMU/driver/arm-none-eabi-gcc/libdriver.a(gpio.o)
                0x00007b80                GPIODirModeSet
 .text.GPIOPadConfigSet
                0x00007bc4      0x130 /home/caspar/embedded/CORTEX_LM3S6965_GCC_QEMU/driver/arm-none-eabi-gcc/libdriver.a(gpio.o)
                0x00007bc4                GPIOPadConfigSet
 .text.GPIOPinWrite
                0x00007cf4        0x8 /home/caspar/embedded/CORTEX_LM3S6965_GCC_QEMU/driver/arm-none-eabi-gcc/libdriver.a(gpio.o)
                0x00007cf4                GPIOPinWrite
 .text.GPIOPinTypeSSI
                0x00007cfc       0x1c /home/caspar/embedded/CORTEX_LM3S6965_GCC_QEMU/driver/arm-none-eabi-gcc/libdriver.a(gpio.o)
                0x00007cfc                GPIOPinTypeSSI
 .text.SSIConfigSetExpClk
                0x00007d18       0x48 /home/caspar/embedded/CORTEX_LM3S6965_GCC_QEMU/driver/arm-none-eabi-gcc/libdriver.a(ssi.o)
                0x00007d18                SSIConfigSetExpClk
 .text.SSIEnable
                0x00007d60        0xc /home/caspar/embedded/CORTEX_LM3S6965_GCC_QEMU/driver/arm-none-eabi-gcc/libdriver.a(ssi.o)
                0x00007d60                SSIEnable
 .text.SSIDisable
                0x00007d6c        0xc /home/caspar/embedded/CORTEX_LM3S6965_GCC_QEMU/driver/arm-none-eabi-gcc/libdriver.a(ssi.o)
                0x00007d6c                SSIDisable
 .text.SSIDataPut
                0x00007d78       0x10 /home/caspar/embedded/CORTEX_LM3S6965_GCC_QEMU/driver/arm-none-eabi-gcc/libdriver.a(ssi.o)
                0x00007d78                SSIDataPut
 .text.SSIDataGet
                0x00007d88       0x14 /home/caspar/embedded/CORTEX_LM3S6965_GCC_QEMU/driver/arm-none-eabi-gcc/libdriver.a(ssi.o)
                0x00007d88                SSIDataGet
 .text.SSIDataGetNonBlocking
                0x00007d9c       0x14 /home/caspar/embedded/CORTEX_LM3S6965_GCC_QEMU/driver/arm-none-eabi-gcc/libdriver.a(ssi.o)
                0x00007d9c                SSIDataGetNonBlocking
 .text.SysCtlPeripheralEnable
                0x00007db0       0x24 /home/caspar/embedded/CORTEX_LM3S6965_GCC_QEMU/driver/arm-none-eabi-gcc/libdriver.a(sysctl.o)
                0x00007db0                SysCtlPeripheralEnable
 .text.SysCtlDelay
                0x00007dd4        0x8 /home/caspar/embedded/CORTEX_LM3S6965_GCC_QEMU/driver/arm-none-eabi-gcc/libdriver.a(sysctl.o)
                0x00007dd4                SysCtlDelay
 .text.SysCtlClockSet
                0x00007ddc      0x168 /home/caspar/embedded/CORTEX_LM3S6965_GCC_QEMU/driver/arm-none-eabi-gcc/libdriver.a(sysctl.o)
                0x00007ddc                SysCtlClockSet
 .text.SysCtlClockGet
                0x00007f44      0x150 /home/caspar/embedded/CORTEX_LM3S6965_GCC_QEMU/driver/arm-none-eabi-gcc/libdriver.a(sysctl.o)
                0x00007f44                SysCtlClockGet
 .text.UARTEnable
                0x00008094       0x18 /home/caspar/embedded/CORTEX_LM3S6965_GCC_QEMU/driver/arm-none-eabi-gcc/libdriver.a(uart.o)
                0x00008094                UARTEnable
 .text.UARTCharsAvail
                0x000080ac       0x10 /home/caspar/embedded/CORTEX_LM3S6965_GCC_QEMU/driver/arm-none-eabi-gcc/libdriver.a(uart.o)
                0x000080ac                UARTCharsAvail
 .text.UARTCharGetNonBlocking
                0x000080bc       0x10 /home/caspar/embedded/CORTEX_LM3S6965_GCC_QEMU/driver/arm-none-eabi-gcc/libdriver.a(uart.o)
                0x000080bc                UARTCharGetNonBlocking
 .text.UARTCharPut
                0x000080cc       0x10 /home/caspar/embedded/CORTEX_LM3S6965_GCC_QEMU/driver/arm-none-eabi-gcc/libdriver.a(uart.o)
                0x000080cc                UARTCharPut
 .text          0x000080dc       0x30 /usr/lib/gcc/arm-none-eabi/13.2.1/thumb/v7-m/nofp/libgcc.a(_aeabi_uldivmod.o)
                0x000080dc                __aeabi_uldivmod
 .text          0x0000810c      0x2b4 /usr/lib/gcc/arm-none-eabi/13.2.1/thumb/v7-m/nofp/libgcc.a(_udivmoddi4.o)
                0x0000810c                __udivmoddi4
 .text          0x000083c0        0x4 /usr/lib/gcc/arm-none-eabi/13.2.1/thumb/v7-m/nofp/libgcc.a(_dvmd_tls.o)
                0x000083c0                __aeabi_ldiv0
                0x000083c0                __aeabi_idiv0
 .text          0x000083c4       0x80 /usr/lib/gcc/arm-none-eabi/13.2.1/../../../arm-none-eabi/lib/thumb/v7-m/nofp/libg_nano.a(libc_a-sprintf.o)
                0x000083c4                _siprintf_r
                0x000083c4                _sprintf_r
                0x00008400                sprintf
                0x00008400                siprintf
 .text          0x00008444       0xf0 /usr/lib/gcc/arm-none-eabi/13.2.1/../../../arm-none-eabi/lib/thumb/v7-m/nofp/libg_nano.a(libc_a-rand.o)
                0x00008444                srand
                0x000084a8                rand
 .text          0x00008534       0x4c /usr/lib/gcc/arm-none-eabi/13.2.1/../../../arm-none-eabi/lib/thumb/v7-m/nofp/libg_nano.a(libc_a-assert.o)
                0x00008534                __assert_func
                0x00008574                __assert
 .text          0x00008580       0x5c /usr/lib/gcc/arm-none-eabi/13.2.1/../../../arm-none-eabi/lib/thumb/v7-m/nofp/libg_nano.a(libc_a-strlen-stub.o)
                0x00008580                strlen
 .text          0x000085dc       0xbc /usr/lib/gcc/arm-none-eabi/13.2.1/../../../arm-none-eabi/lib/thumb/v7-m/nofp/libg_nano.a(libc_a-strcpy.o)
                0x000085dc                strcpy
 .text          0x00008698      0x400 /usr/lib/gcc/arm-none-eabi/13.2.1/../../../arm-none-eabi/lib/thumb/v7-m/nofp/libg_nano.a(libc_a-nano-svfprintf.o)
                0x00008698                __ssputs_r
                0x00008758                __ssprint_r
                0x00008868                _svfprintf_r
                0x00008868                _svfiprintf_r
 .text          0x00008a98       0x10 /usr/lib/gcc/arm-none-eabi/13.2.1/../../../arm-none-eabi/lib/thumb/v7-m/nofp/libg_nano.a(libc_a-abort.o)
                0x00008a98                abort
 .text          0x00008aa8       0xa0 /usr/lib/gcc/arm-none-eabi/13.2.1/../../../arm-none-eabi/lib/thumb/v7-m/nofp/libg_nano.a(libc_a-memset.o)
                0x00008aa8                memset
 .text          0x00008b48       0x18 /usr/lib/gcc/arm-none-eabi/13.2.1/../../../arm-none-eabi/lib/thumb/v7-m/nofp/libg_nano.a(libc_a-putchar.o)
                0x00008b48                _putchar_r
                0x00008b50                putchar
 .text          0x00008b60        0xc /usr/lib/gcc/arm-none-eabi/13.2.1/../../../arm-none-eabi/lib/thumb/v7-m/nofp/libg_nano.a(libc_a-errno.o)
                0x00008b60                __errno
 .text          0x00008b6c      0x14c /usr/lib/gcc/arm-none-eabi/13.2.1/../../../arm-none-eabi/lib/thumb/v7-m/nofp/libg_nano.a(libc_a-mallocr.o)
                0x00008bb8                _malloc_r
 .text          0x00008cb8       0xbc /usr/lib/gcc/arm-none-eabi/13.2.1/../../../arm-none-eabi/lib/thumb/v7-m/nofp/libg_nano.a(libc_a-freer.o)
                0x00008cb8                _free_r
 .text          0x00008d74       0xfc /usr/lib/gcc/arm-none-eabi/13.2.1/../../../arm-none-eabi/lib/thumb/v7-m/nofp/libg_nano.a(libc_a-memmove.o)
                0x00008d74                memmove
 .text          0x00008e70       0xec /usr/lib/gcc/arm-none-eabi/13.2.1/../../../arm-none-eabi/lib/thumb/v7-m/nofp/libg_nano.a(libc_a-memcpy.o)
                0x00008e70                memcpy
 .text          0x00008f5c       0x20 /usr/lib/gcc/arm-none-eabi/13.2.1/../../../arm-none-eabi/lib/thumb/v7-m/nofp/libg_nano.a(libc_a-malloc.o)
                0x00008f5c                malloc
                0x00008f6c                free
 .text          0x00008f7c       0xa4 /usr/lib/gcc/arm-none-eabi/13.2.1/../../../arm-none-eabi/lib/thumb/v7-m/nofp/libg_nano.a(libc_a-putc.o)
                0x00008f7c                _putc_r
                0x00008fc8                putc
 .text          0x00009020       0x44 /usr/lib/gcc/arm-none-eabi/13.2.1/../../../arm-none-eabi/lib/thumb/v7-m/nofp/libg_nano.a(libc_a-fprintf.o)
                0x00009020                _fprintf_r
                0x00009020                _fiprintf_r
                0x0000903c                fprintf
                0x0000903c                fiprintf
 .text          0x00009064       0x64 /usr/lib/gcc/arm-none-eabi/13.2.1/../../../arm-none-eabi/lib/thumb/v7-m/nofp/libg_nano.a(libc_a-reallocr.o)
                0x00009064                _realloc_r
 .text          0x000090c8      0x3a8 /usr/lib/gcc/arm-none-eabi/13.2.1/../../../arm-none-eabi/lib/thumb/v7-m/nofp/libg_nano.a(libc_a-nano-vfprintf_i.o)
                0x000090c8                _printf_common
                0x000091ec                _printf_i
 .text          0x00009470        0x8 /usr/lib/gcc/arm-none-eabi/13.2.1/../../../arm-none-eabi/lib/thumb/v7-m/nofp/libg_nano.a(libc_a-mlock.o)
                0x00009470                __malloc_lock
                0x00009474                __malloc_unlock
 .text          0x00009478       0x98 /usr/lib/gcc/arm-none-eabi/13.2.1/../../../arm-none-eabi/lib/thumb/v7-m/nofp/libg_nano.a(libc_a-memchr-stub.o)
                0x00009478                memchr
 .text          0x00009510      0x10c /usr/lib/gcc/arm-none-eabi/13.2.1/../../../arm-none-eabi/lib/thumb/v7-m/nofp/libg_nano.a(libc_a-snprintf.o)
                0x00009510                _sniprintf_r
                0x00009510                _snprintf_r
                0x00009590                snprintf
                0x00009590                sniprintf
 .text          0x0000961c      0x2ec /usr/lib/gcc/arm-none-eabi/13.2.1/../../../arm-none-eabi/lib/thumb/v7-m/nofp/libg_nano.a(libc_a-nano-vfprintf.o)
                0x00009644                __sfputs_r
                0x00009674                __sprint_r
                0x00009694                _vfiprintf_r
                0x00009694                _vfprintf_r
                0x000098ec                vfiprintf
                0x000098ec                vfprintf
 .text          0x00009908       0x9c /usr/lib/gcc/arm-none-eabi/13.2.1/../../../arm-none-eabi/lib/thumb/v7-m/nofp/libg_nano.a(libc_a-wbuf.o)
                0x00009908                __swbuf_r
                0x00009990                __swbuf
 .text          0x000099a4       0x24 /usr/lib/gcc/arm-none-eabi/13.2.1/../../../arm-none-eabi/lib/thumb/v7-m/nofp/libg_nano.a(libc_a-sbrkr.o)
                0x000099a4                _sbrk_r
 .text          0x000099c8       0x10 /usr/lib/gcc/arm-none-eabi/13.2.1/../../../arm-none-eabi/lib/thumb/v7-m/nofp/libg_nano.a(libc_a-msizer.o)
                0x000099c8                _malloc_usable_size_r
 .text          0x000099d8      0x2ec /usr/lib/gcc/arm-none-eabi/13.2.1/../../../arm-none-eabi/lib/thumb/v7-m/nofp/libg_nano.a(libc_a-fvwrite.o)
                0x000099d8                __sfvwrite_r
 .text          0x00009cc4      0x264 /usr/lib/gcc/arm-none-eabi/13.2.1/../../../arm-none-eabi/lib/thumb/v7-m/nofp/libg_nano.a(libc_a-signal.o)
                0x00009cc4                _init_signal_r
                0x00009cf0                _signal_r
                0x00009d3c                _raise_r
                0x00009d8c                __sigtramp_r
                0x00009df0                raise
                0x00009e44                signal
                0x00009e90                _init_signal
                0x00009ec4                __sigtramp
 .text          0x00009f28      0x224 /usr/lib/gcc/arm-none-eabi/13.2.1/../../../arm-none-eabi/lib/thumb/v7-m/nofp/libg_nano.a(libc_a-findfp.o)
                0x0000a058                __sfp
                0x0000a0fc                __sinit
                0x0000a11c                __sfp_lock_acquire
                0x0000a120                __sfp_lock_release
                0x0000a124                __fp_lock_all
                0x0000a138                __fp_unlock_all
 .text          0x0000a14c      0x198 /usr/lib/gcc/arm-none-eabi/13.2.1/../../../arm-none-eabi/lib/thumb/v7-m/nofp/libg_nano.a(libc_a-fflush.o)
                0x0000a14c                __sflush_r
                0x0000a260                _fflush_r
                0x0000a298                fflush
 .text          0x0000a2e4       0x44 /usr/lib/gcc/arm-none-eabi/13.2.1/../../../arm-none-eabi/lib/thumb/v7-m/nofp/libg_nano.a(libc_a-fwalk.o)
                0x0000a2e4                _fwalk_sglue
 .text          0x0000a328       0xc4 /usr/lib/gcc/arm-none-eabi/13.2.1/../../../arm-none-eabi/lib/thumb/v7-m/nofp/libg_nano.a(libc_a-wsetup.o)
                0x0000a328                __swsetup_r
 .text          0x0000a3ec      0x110 /usr/lib/gcc/arm-none-eabi/13.2.1/../../../arm-none-eabi/lib/thumb/v7-m/nofp/libg_nano.a(libc_a-makebuf.o)
                0x0000a3ec                __smakebuf_r
                0x0000a4b0                __swhatbuf_r
 .text          0x0000a4fc       0x24 /usr/lib/gcc/arm-none-eabi/13.2.1/../../../arm-none-eabi/lib/thumb/v7-m/nofp/libg_nano.a(libc_a-isattyr.o)
                0x0000a4fc                _isatty_r
 .text          0x0000a520       0x94 /usr/lib/gcc/arm-none-eabi/13.2.1/../../../arm-none-eabi/lib/thumb/v7-m/nofp/libg_nano.a(libc_a-stdio.o)
                0x0000a520                __sread
                0x0000a544                __seofread
                0x0000a548                __swrite
                0x0000a588                __sseek
                0x0000a5ac                __sclose
 .text          0x0000a5b4       0x2c /usr/lib/gcc/arm-none-eabi/13.2.1/../../../arm-none-eabi/lib/thumb/v7-m/nofp/libg_nano.a(libc_a-signalr.o)
                0x0000a5b4                _kill_r
                0x0000a5dc                _getpid_r
 .text          0x0000a5e0       0x24 /usr/lib/gcc/arm-none-eabi/13.2.1/../../../arm-none-eabi/lib/thumb/v7-m/nofp/libg_nano.a(libc_a-closer.o)
                0x0000a5e0                _close_r
 .text          0x0000a604       0x2c /usr/lib/gcc/arm-none-eabi/13.2.1/../../../arm-none-eabi/lib/thumb/v7-m/nofp/libg_nano.a(libc_a-readr.o)
                0x0000a604                _read_r
 .text          0x0000a630       0x28 /usr/lib/gcc/arm-none-eabi/13.2.1/../../../arm-none-eabi/lib/thumb/v7-m/nofp/libg_nano.a(libc_a-fstatr.o)
                0x0000a630                _fstat_r
 .text          0x0000a658       0x2c /usr/lib/gcc/arm-none-eabi/13.2.1/../../../arm-none-eabi/lib/thumb/v7-m/nofp/libg_nano.a(libc_a-lseekr.o)
                0x0000a658                _lseek_r
 .text          0x0000a684       0x2c /usr/lib/gcc/arm-none-eabi/13.2.1/../../../arm-none-eabi/lib/thumb/v7-m/nofp/libg_nano.a(libc_a-writer.o)
                0x0000a684                _write_r
 *(.rodata*)
 .rodata        0x0000a6b0       0x39 CMakeFiles/RTOSDemo.dir/startup.c.obj
 *fill*         0x0000a6e9        0x3 
 .rodata        0x0000a6ec       0xf1 CMakeFiles/RTOSDemo.dir/main.c.obj
 *fill*         0x0000a7dd        0x3 
 .rodata        0x0000a7e0      0x243 CMakeFiles/RTOSDemo.dir/LocalDemoFiles/osram128x64x4.c.obj
 *fill*         0x0000aa23        0x1 
 .rodata        0x0000aa24       0x56 FreeRTOS_kernel/libfreertos_kernel.a(port.c.obj)
 *fill*         0x0000aa7a        0x2 
 .rodata        0x0000aa7c       0x3e FreeRTOS_kernel/libfreertos_kernel.a(queue.c.obj)
 *fill*         0x0000aaba        0x2 
 .rodata        0x0000aabc       0x5b FreeRTOS_kernel/libfreertos_kernel.a(tasks.c.obj)
 *fill*         0x0000ab17        0x1 
 .rodata        0x0000ab18       0x4d FreeRTOS_kernel/libfreertos_kernel.a(timers.c.obj)
 *fill*         0x0000ab65        0x3 
 .rodata        0x0000ab68       0x54 FreeRTOS_kernel/libfreertos_kernel.a(heap_4.c.obj)
 .rodata.g_pulXtals
                0x0000abbc       0x5c /home/caspar/embedded/CORTEX_LM3S6965_GCC_QEMU/driver/arm-none-eabi-gcc/libdriver.a(sysctl.o)
 .rodata.g_pulRCGCRegs
                0x0000ac18        0xc /home/caspar/embedded/CORTEX_LM3S6965_GCC_QEMU/driver/arm-none-eabi-gcc/libdriver.a(sysctl.o)
 .rodata.str1.4
                0x0000ac24       0xbd /usr/lib/gcc/arm-none-eabi/13.2.1/../../../arm-none-eabi/lib/thumb/v7-m/nofp/libg_nano.a(libc_a-rand.o)
                                 0x44 (size before relaxing)
 .rodata.str1.4
                0x0000ace1       0x43 /usr/lib/gcc/arm-none-eabi/13.2.1/../../../arm-none-eabi/lib/thumb/v7-m/nofp/libg_nano.a(libc_a-assert.o)
 .rodata.str1.4
                0x0000ace1       0x13 /usr/lib/gcc/arm-none-eabi/13.2.1/../../../arm-none-eabi/lib/thumb/v7-m/nofp/libg_nano.a(libc_a-nano-svfprintf.o)
 .rodata.str1.4
                0x0000ace1       0x25 /usr/lib/gcc/arm-none-eabi/13.2.1/../../../arm-none-eabi/lib/thumb/v7-m/nofp/libg_nano.a(libc_a-nano-vfprintf_i.o)
 .rodata.str1.4
                0x0000ace1       0x13 /usr/lib/gcc/arm-none-eabi/13.2.1/../../../arm-none-eabi/lib/thumb/v7-m/nofp/libg_nano.a(libc_a-nano-vfprintf.o)
                0x0000ace1                        _etext = .

.glue_7         0x0000ace4        0x0
 .glue_7        0x0000ace4        0x0 linker stubs

.glue_7t        0x0000ace4        0x0
 .glue_7t       0x0000ace4        0x0 linker stubs

.vfp11_veneer   0x0000ace4        0x0
 .vfp11_veneer  0x0000ace4        0x0 linker stubs

.v4_bx          0x0000ace4        0x0
 .v4_bx         0x0000ace4        0x0 linker stubs

.iplt           0x0000ace4        0x0
 .iplt          0x0000ace4        0x0 CMakeFiles/RTOSDemo.dir/startup.c.obj

.rel.dyn        0x0000ace4        0x0
 .rel.iplt      0x0000ace4        0x0 CMakeFiles/RTOSDemo.dir/startup.c.obj

.data           0x20000000       0x78 load address 0x0000ace1
                0x20000000                        _data = .
 *(vtable)
 *(.data*)
 .data          0x20000000       0x14 CMakeFiles/RTOSDemo.dir/main.c.obj
                0x20000010                vOLEDStringDraw
 .data          0x20000014        0x4 CMakeFiles/RTOSDemo.dir/syscalls.c.obj
 .data          0x20000018        0x4 FreeRTOS_kernel/libfreertos_kernel.a(port.c.obj)
 .data          0x2000001c       0x50 /usr/lib/gcc/arm-none-eabi/13.2.1/../../../arm-none-eabi/lib/thumb/v7-m/nofp/libg_nano.a(libc_a-impure.o)
                0x2000001c                _impure_ptr
                0x20000020                _impure_data
 .data          0x2000006c        0xc /usr/lib/gcc/arm-none-eabi/13.2.1/../../../arm-none-eabi/lib/thumb/v7-m/nofp/libg_nano.a(libc_a-findfp.o)
                0x2000006c                __sglue
                0x20000078                        _edata = .

.igot.plt       0x20000078        0x0 load address 0x0000ad5c
 .igot.plt      0x20000078        0x0 CMakeFiles/RTOSDemo.dir/startup.c.obj

.bss            0x20000078     0xea60 load address 0x0000ad5c
                0x20000078                        _bss = .
 *(.bss*)
 .bss           0x20000078      0x1e0 CMakeFiles/RTOSDemo.dir/startup.c.obj
 .bss           0x20000258      0xbc0 CMakeFiles/RTOSDemo.dir/main.c.obj
                0x20000258                xKeyQueue
                0x2000025c                xGameStateMutex
 .bss           0x20000e18       0x1c CMakeFiles/RTOSDemo.dir/LocalDemoFiles/osram128x64x4.c.obj
 .bss           0x20000e34     0x1000 CMakeFiles/RTOSDemo.dir/syscalls.c.obj
 .bss           0x20001e34        0x8 FreeRTOS_kernel/libfreertos_kernel.a(port.c.obj)
 .bss           0x20001e3c       0x50 FreeRTOS_kernel/libfreertos_kernel.a(queue.c.obj)
                0x20001e3c                xQueueRegistry
 .bss           0x20001e8c      0x118 FreeRTOS_kernel/libfreertos_kernel.a(tasks.c.obj)
                0x20001e8c                pxCurrentTCB
 .bss           0x20001fa4      0x1d0 FreeRTOS_kernel/libfreertos_kernel.a(timers.c.obj)
 .bss           0x20002174     0xc81c FreeRTOS_kernel/libfreertos_kernel.a(heap_4.c.obj)
 .bss           0x2000e990        0x8 /usr/lib/gcc/arm-none-eabi/13.2.1/../../../arm-none-eabi/lib/thumb/v7-m/nofp/libg_nano.a(libc_a-mallocr.o)
                0x2000e990                __malloc_sbrk_start
                0x2000e994                __malloc_free_list
 .bss           0x2000e998      0x13c /usr/lib/gcc/arm-none-eabi/13.2.1/../../../arm-none-eabi/lib/thumb/v7-m/nofp/libg_nano.a(libc_a-findfp.o)
                0x2000e998                __sf
                0x2000ead0                __stdio_exit_handler
 .bss           0x2000ead4        0x4 /usr/lib/gcc/arm-none-eabi/13.2.1/../../../arm-none-eabi/lib/thumb/v7-m/nofp/libg_nano.a(libc_a-reent.o)
                0x2000ead4                errno
 *(COMMON)
                0x2000ead8                        _ebss = .

/DISCARD/
 *(.ARM.exidx)
OUTPUT(RTOSDemo.elf elf32-littlearm)
LOAD linker stubs

.debug_info     0x00000000    0x1d7e1
 .debug_info    0x00000000      0x1aa CMakeFiles/RTOSDemo.dir/startup.c.obj
 .debug_info    0x000001aa      0xc20 CMakeFiles/RTOSDemo.dir/main.c.obj
 .debug_info    0x00000dca      0x5c6 CMakeFiles/RTOSDemo.dir/LocalDemoFiles/osram128x64x4.c.obj
 .debug_info    0x00001390      0x4f7 CMakeFiles/RTOSDemo.dir/syscalls.c.obj
 .debug_info    0x00001887       0x7f CMakeFiles/RTOSDemo.dir/isr_weak.c.obj
 .debug_info    0x00001906      0x41a FreeRTOS_kernel/libfreertos_kernel.a(port.c.obj)
 .debug_info    0x00001d20     0x1a26 FreeRTOS_kernel/libfreertos_kernel.a(queue.c.obj)
 .debug_info    0x00003746     0x2926 FreeRTOS_kernel/libfreertos_kernel.a(tasks.c.obj)
 .debug_info    0x0000606c     0x13ac FreeRTOS_kernel/libfreertos_kernel.a(timers.c.obj)
 .debug_info    0x00007418      0x4d1 FreeRTOS_kernel/libfreertos_kernel.a(heap_4.c.obj)
 .debug_info    0x000078e9      0x29a FreeRTOS_kernel/libfreertos_kernel.a(list.c.obj)
 .debug_info    0x00007b83       0x24 /usr/lib/gcc/arm-none-eabi/13.2.1/thumb/v7-m/nofp/libgcc.a(_aeabi_uldivmod.o)
 .debug_info    0x00007ba7      0x6f5 /usr/lib/gcc/arm-none-eabi/13.2.1/thumb/v7-m/nofp/libgcc.a(_udivmoddi4.o)
 .debug_info    0x0000829c       0x3c /usr/lib/gcc/arm-none-eabi/13.2.1/thumb/v7-m/nofp/libgcc.a(_dvmd_tls.o)
 .debug_info    0x000082d8      0x87b /usr/lib/gcc/arm-none-eabi/13.2.1/../../../arm-none-eabi/lib/thumb/v7-m/nofp/libg_nano.a(libc_a-sprintf.o)
 .debug_info    0x00008b53      0x851 /usr/lib/gcc/arm-none-eabi/13.2.1/../../../arm-none-eabi/lib/thumb/v7-m/nofp/libg_nano.a(libc_a-rand.o)
 .debug_info    0x000093a4      0x825 /usr/lib/gcc/arm-none-eabi/13.2.1/../../../arm-none-eabi/lib/thumb/v7-m/nofp/libg_nano.a(libc_a-assert.o)
 .debug_info    0x00009bc9       0xbd /usr/lib/gcc/arm-none-eabi/13.2.1/../../../arm-none-eabi/lib/thumb/v7-m/nofp/libg_nano.a(libc_a-strlen-stub.o)
 .debug_info    0x00009c86       0xc3 /usr/lib/gcc/arm-none-eabi/13.2.1/../../../arm-none-eabi/lib/thumb/v7-m/nofp/libg_nano.a(libc_a-strcpy.o)
 .debug_info    0x00009d49      0x70b /usr/lib/gcc/arm-none-eabi/13.2.1/../../../arm-none-eabi/lib/thumb/v7-m/nofp/libg_nano.a(libc_a-impure.o)
 .debug_info    0x0000a454     0x1094 /usr/lib/gcc/arm-none-eabi/13.2.1/../../../arm-none-eabi/lib/thumb/v7-m/nofp/libg_nano.a(libc_a-nano-svfprintf.o)
 .debug_info    0x0000b4e8       0xd8 /usr/lib/gcc/arm-none-eabi/13.2.1/../../../arm-none-eabi/lib/thumb/v7-m/nofp/libg_nano.a(libc_a-abort.o)
 .debug_info    0x0000b5c0      0x135 /usr/lib/gcc/arm-none-eabi/13.2.1/../../../arm-none-eabi/lib/thumb/v7-m/nofp/libg_nano.a(libc_a-memset.o)
 .debug_info    0x0000b6f5      0x7bf /usr/lib/gcc/arm-none-eabi/13.2.1/../../../arm-none-eabi/lib/thumb/v7-m/nofp/libg_nano.a(libc_a-putchar.o)
 .debug_info    0x0000beb4      0x6f1 /usr/lib/gcc/arm-none-eabi/13.2.1/../../../arm-none-eabi/lib/thumb/v7-m/nofp/libg_nano.a(libc_a-errno.o)
 .debug_info    0x0000c5a5      0x9b6 /usr/lib/gcc/arm-none-eabi/13.2.1/../../../arm-none-eabi/lib/thumb/v7-m/nofp/libg_nano.a(libc_a-mallocr.o)
 .debug_info    0x0000cf5b      0x87f /usr/lib/gcc/arm-none-eabi/13.2.1/../../../arm-none-eabi/lib/thumb/v7-m/nofp/libg_nano.a(libc_a-freer.o)
 .debug_info    0x0000d7da      0x148 /usr/lib/gcc/arm-none-eabi/13.2.1/../../../arm-none-eabi/lib/thumb/v7-m/nofp/libg_nano.a(libc_a-memmove.o)
 .debug_info    0x0000d922       0x33 /usr/lib/gcc/arm-none-eabi/13.2.1/../../../arm-none-eabi/lib/thumb/v7-m/nofp/libg_nano.a(libc_a-memcpy.o)
 .debug_info    0x0000d955      0x796 /usr/lib/gcc/arm-none-eabi/13.2.1/../../../arm-none-eabi/lib/thumb/v7-m/nofp/libg_nano.a(libc_a-malloc.o)
 .debug_info    0x0000e0eb      0x908 /usr/lib/gcc/arm-none-eabi/13.2.1/../../../arm-none-eabi/lib/thumb/v7-m/nofp/libg_nano.a(libc_a-putc.o)
 .debug_info    0x0000e9f3      0x85d /usr/lib/gcc/arm-none-eabi/13.2.1/../../../arm-none-eabi/lib/thumb/v7-m/nofp/libg_nano.a(libc_a-fprintf.o)
 .debug_info    0x0000f250      0x8cd /usr/lib/gcc/arm-none-eabi/13.2.1/../../../arm-none-eabi/lib/thumb/v7-m/nofp/libg_nano.a(libc_a-reallocr.o)
 .debug_info    0x0000fb1d      0xdd7 /usr/lib/gcc/arm-none-eabi/13.2.1/../../../arm-none-eabi/lib/thumb/v7-m/nofp/libg_nano.a(libc_a-nano-vfprintf_i.o)
 .debug_info    0x000108f4      0x71c /usr/lib/gcc/arm-none-eabi/13.2.1/../../../arm-none-eabi/lib/thumb/v7-m/nofp/libg_nano.a(libc_a-mlock.o)
 .debug_info    0x00011010      0x14a /usr/lib/gcc/arm-none-eabi/13.2.1/../../../arm-none-eabi/lib/thumb/v7-m/nofp/libg_nano.a(libc_a-memchr-stub.o)
 .debug_info    0x0001115a      0x8ff /usr/lib/gcc/arm-none-eabi/13.2.1/../../../arm-none-eabi/lib/thumb/v7-m/nofp/libg_nano.a(libc_a-snprintf.o)
 .debug_info    0x00011a59     0x108a /usr/lib/gcc/arm-none-eabi/13.2.1/../../../arm-none-eabi/lib/thumb/v7-m/nofp/libg_nano.a(libc_a-nano-vfprintf.o)
 .debug_info    0x00012ae3      0x863 /usr/lib/gcc/arm-none-eabi/13.2.1/../../../arm-none-eabi/lib/thumb/v7-m/nofp/libg_nano.a(libc_a-wbuf.o)
 .debug_info    0x00013346      0x778 /usr/lib/gcc/arm-none-eabi/13.2.1/../../../arm-none-eabi/lib/thumb/v7-m/nofp/libg_nano.a(libc_a-sbrkr.o)
 .debug_info    0x00013abe      0x78a /usr/lib/gcc/arm-none-eabi/13.2.1/../../../arm-none-eabi/lib/thumb/v7-m/nofp/libg_nano.a(libc_a-msizer.o)
 .debug_info    0x00014248      0xb1e /usr/lib/gcc/arm-none-eabi/13.2.1/../../../arm-none-eabi/lib/thumb/v7-m/nofp/libg_nano.a(libc_a-fvwrite.o)
 .debug_info    0x00014d66      0xc39 /usr/lib/gcc/arm-none-eabi/13.2.1/../../../arm-none-eabi/lib/thumb/v7-m/nofp/libg_nano.a(libc_a-signal.o)
 .debug_info    0x0001599f      0xe8c /usr/lib/gcc/arm-none-eabi/13.2.1/../../../arm-none-eabi/lib/thumb/v7-m/nofp/libg_nano.a(libc_a-findfp.o)
 .debug_info    0x0001682b      0xa30 /usr/lib/gcc/arm-none-eabi/13.2.1/../../../arm-none-eabi/lib/thumb/v7-m/nofp/libg_nano.a(libc_a-fflush.o)
 .debug_info    0x0001725b      0x7c8 /usr/lib/gcc/arm-none-eabi/13.2.1/../../../arm-none-eabi/lib/thumb/v7-m/nofp/libg_nano.a(libc_a-fwalk.o)
 .debug_info    0x00017a23      0x7b1 /usr/lib/gcc/arm-none-eabi/13.2.1/../../../arm-none-eabi/lib/thumb/v7-m/nofp/libg_nano.a(libc_a-wsetup.o)
 .debug_info    0x000181d4      0x89f /usr/lib/gcc/arm-none-eabi/13.2.1/../../../arm-none-eabi/lib/thumb/v7-m/nofp/libg_nano.a(libc_a-reent.o)
 .debug_info    0x00018a73      0xbe6 /usr/lib/gcc/arm-none-eabi/13.2.1/../../../arm-none-eabi/lib/thumb/v7-m/nofp/libg_nano.a(libc_a-makebuf.o)
 .debug_info    0x00019659      0x752 /usr/lib/gcc/arm-none-eabi/13.2.1/../../../arm-none-eabi/lib/thumb/v7-m/nofp/libg_nano.a(libc_a-isattyr.o)
 .debug_info    0x00019dab      0xa80 /usr/lib/gcc/arm-none-eabi/13.2.1/../../../arm-none-eabi/lib/thumb/v7-m/nofp/libg_nano.a(libc_a-stdio.o)
 .debug_info    0x0001a82b      0x7df /usr/lib/gcc/arm-none-eabi/13.2.1/../../../arm-none-eabi/lib/thumb/v7-m/nofp/libg_nano.a(libc_a-signalr.o)
 .debug_info    0x0001b00a      0x752 /usr/lib/gcc/arm-none-eabi/13.2.1/../../../arm-none-eabi/lib/thumb/v7-m/nofp/libg_nano.a(libc_a-closer.o)
 .debug_info    0x0001b75c      0x7b5 /usr/lib/gcc/arm-none-eabi/13.2.1/../../../arm-none-eabi/lib/thumb/v7-m/nofp/libg_nano.a(libc_a-readr.o)
 .debug_info    0x0001bf11      0x977 /usr/lib/gcc/arm-none-eabi/13.2.1/../../../arm-none-eabi/lib/thumb/v7-m/nofp/libg_nano.a(libc_a-fstatr.o)
 .debug_info    0x0001c888      0x79e /usr/lib/gcc/arm-none-eabi/13.2.1/../../../arm-none-eabi/lib/thumb/v7-m/nofp/libg_nano.a(libc_a-lseekr.o)
 .debug_info    0x0001d026      0x7bb /usr/lib/gcc/arm-none-eabi/13.2.1/../../../arm-none-eabi/lib/thumb/v7-m/nofp/libg_nano.a(libc_a-writer.o)

.debug_abbrev   0x00000000     0x6a53
 .debug_abbrev  0x00000000      0x13b CMakeFiles/RTOSDemo.dir/startup.c.obj
 .debug_abbrev  0x0000013b      0x3da CMakeFiles/RTOSDemo.dir/main.c.obj
 .debug_abbrev  0x00000515      0x178 CMakeFiles/RTOSDemo.dir/LocalDemoFiles/osram128x64x4.c.obj
 .debug_abbrev  0x0000068d      0x196 CMakeFiles/RTOSDemo.dir/syscalls.c.obj
 .debug_abbrev  0x00000823       0x41 CMakeFiles/RTOSDemo.dir/isr_weak.c.obj
 .debug_abbrev  0x00000864      0x252 FreeRTOS_kernel/libfreertos_kernel.a(port.c.obj)
 .debug_abbrev  0x00000ab6      0x372 FreeRTOS_kernel/libfreertos_kernel.a(queue.c.obj)
 .debug_abbrev  0x00000e28      0x3d5 FreeRTOS_kernel/libfreertos_kernel.a(tasks.c.obj)
 .debug_abbrev  0x000011fd      0x332 FreeRTOS_kernel/libfreertos_kernel.a(timers.c.obj)
 .debug_abbrev  0x0000152f      0x21f FreeRTOS_kernel/libfreertos_kernel.a(heap_4.c.obj)
 .debug_abbrev  0x0000174e       0xec FreeRTOS_kernel/libfreertos_kernel.a(list.c.obj)
 .debug_abbrev  0x0000183a       0x14 /usr/lib/gcc/arm-none-eabi/13.2.1/thumb/v7-m/nofp/libgcc.a(_aeabi_uldivmod.o)
 .debug_abbrev  0x0000184e      0x16a /usr/lib/gcc/arm-none-eabi/13.2.1/thumb/v7-m/nofp/libgcc.a(_udivmoddi4.o)
 .debug_abbrev  0x000019b8       0x26 /usr/lib/gcc/arm-none-eabi/13.2.1/thumb/v7-m/nofp/libgcc.a(_dvmd_tls.o)
 .debug_abbrev  0x000019de      0x21c /usr/lib/gcc/arm-none-eabi/13.2.1/../../../arm-none-eabi/lib/thumb/v7-m/nofp/libg_nano.a(libc_a-sprintf.o)
 .debug_abbrev  0x00001bfa      0x220 /usr/lib/gcc/arm-none-eabi/13.2.1/../../../arm-none-eabi/lib/thumb/v7-m/nofp/libg_nano.a(libc_a-rand.o)
 .debug_abbrev  0x00001e1a      0x1ea /usr/lib/gcc/arm-none-eabi/13.2.1/../../../arm-none-eabi/lib/thumb/v7-m/nofp/libg_nano.a(libc_a-assert.o)
 .debug_abbrev  0x00002004       0x78 /usr/lib/gcc/arm-none-eabi/13.2.1/../../../arm-none-eabi/lib/thumb/v7-m/nofp/libg_nano.a(libc_a-strlen-stub.o)
 .debug_abbrev  0x0000207c       0x7b /usr/lib/gcc/arm-none-eabi/13.2.1/../../../arm-none-eabi/lib/thumb/v7-m/nofp/libg_nano.a(libc_a-strcpy.o)
 .debug_abbrev  0x000020f7      0x149 /usr/lib/gcc/arm-none-eabi/13.2.1/../../../arm-none-eabi/lib/thumb/v7-m/nofp/libg_nano.a(libc_a-impure.o)
 .debug_abbrev  0x00002240      0x32f /usr/lib/gcc/arm-none-eabi/13.2.1/../../../arm-none-eabi/lib/thumb/v7-m/nofp/libg_nano.a(libc_a-nano-svfprintf.o)
 .debug_abbrev  0x0000256f       0x99 /usr/lib/gcc/arm-none-eabi/13.2.1/../../../arm-none-eabi/lib/thumb/v7-m/nofp/libg_nano.a(libc_a-abort.o)
 .debug_abbrev  0x00002608       0xb7 /usr/lib/gcc/arm-none-eabi/13.2.1/../../../arm-none-eabi/lib/thumb/v7-m/nofp/libg_nano.a(libc_a-memset.o)
 .debug_abbrev  0x000026bf      0x1d0 /usr/lib/gcc/arm-none-eabi/13.2.1/../../../arm-none-eabi/lib/thumb/v7-m/nofp/libg_nano.a(libc_a-putchar.o)
 .debug_abbrev  0x0000288f      0x15e /usr/lib/gcc/arm-none-eabi/13.2.1/../../../arm-none-eabi/lib/thumb/v7-m/nofp/libg_nano.a(libc_a-errno.o)
 .debug_abbrev  0x000029ed      0x24a /usr/lib/gcc/arm-none-eabi/13.2.1/../../../arm-none-eabi/lib/thumb/v7-m/nofp/libg_nano.a(libc_a-mallocr.o)
 .debug_abbrev  0x00002c37      0x249 /usr/lib/gcc/arm-none-eabi/13.2.1/../../../arm-none-eabi/lib/thumb/v7-m/nofp/libg_nano.a(libc_a-freer.o)
 .debug_abbrev  0x00002e80       0xc3 /usr/lib/gcc/arm-none-eabi/13.2.1/../../../arm-none-eabi/lib/thumb/v7-m/nofp/libg_nano.a(libc_a-memmove.o)
 .debug_abbrev  0x00002f43       0x28 /usr/lib/gcc/arm-none-eabi/13.2.1/../../../arm-none-eabi/lib/thumb/v7-m/nofp/libg_nano.a(libc_a-memcpy.o)
 .debug_abbrev  0x00002f6b      0x1cf /usr/lib/gcc/arm-none-eabi/13.2.1/../../../arm-none-eabi/lib/thumb/v7-m/nofp/libg_nano.a(libc_a-malloc.o)
 .debug_abbrev  0x0000313a      0x26a /usr/lib/gcc/arm-none-eabi/13.2.1/../../../arm-none-eabi/lib/thumb/v7-m/nofp/libg_nano.a(libc_a-putc.o)
 .debug_abbrev  0x000033a4      0x21d /usr/lib/gcc/arm-none-eabi/13.2.1/../../../arm-none-eabi/lib/thumb/v7-m/nofp/libg_nano.a(libc_a-fprintf.o)
 .debug_abbrev  0x000035c1      0x20c /usr/lib/gcc/arm-none-eabi/13.2.1/../../../arm-none-eabi/lib/thumb/v7-m/nofp/libg_nano.a(libc_a-reallocr.o)
 .debug_abbrev  0x000037cd      0x284 /usr/lib/gcc/arm-none-eabi/13.2.1/../../../arm-none-eabi/lib/thumb/v7-m/nofp/libg_nano.a(libc_a-nano-vfprintf_i.o)
 .debug_abbrev  0x00003a51      0x192 /usr/lib/gcc/arm-none-eabi/13.2.1/../../../arm-none-eabi/lib/thumb/v7-m/nofp/libg_nano.a(libc_a-mlock.o)
 .debug_abbrev  0x00003be3       0xc7 /usr/lib/gcc/arm-none-eabi/13.2.1/../../../arm-none-eabi/lib/thumb/v7-m/nofp/libg_nano.a(libc_a-memchr-stub.o)
 .debug_abbrev  0x00003caa      0x23c /usr/lib/gcc/arm-none-eabi/13.2.1/../../../arm-none-eabi/lib/thumb/v7-m/nofp/libg_nano.a(libc_a-snprintf.o)
 .debug_abbrev  0x00003ee6      0x36e /usr/lib/gcc/arm-none-eabi/13.2.1/../../../arm-none-eabi/lib/thumb/v7-m/nofp/libg_nano.a(libc_a-nano-vfprintf.o)
 .debug_abbrev  0x00004254      0x236 /usr/lib/gcc/arm-none-eabi/13.2.1/../../../arm-none-eabi/lib/thumb/v7-m/nofp/libg_nano.a(libc_a-wbuf.o)
 .debug_abbrev  0x0000448a      0x1da /usr/lib/gcc/arm-none-eabi/13.2.1/../../../arm-none-eabi/lib/thumb/v7-m/nofp/libg_nano.a(libc_a-sbrkr.o)
 .debug_abbrev  0x00004664      0x196 /usr/lib/gcc/arm-none-eabi/13.2.1/../../../arm-none-eabi/lib/thumb/v7-m/nofp/libg_nano.a(libc_a-msizer.o)
 .debug_abbrev  0x000047fa      0x224 /usr/lib/gcc/arm-none-eabi/13.2.1/../../../arm-none-eabi/lib/thumb/v7-m/nofp/libg_nano.a(libc_a-fvwrite.o)
 .debug_abbrev  0x00004a1e      0x2d7 /usr/lib/gcc/arm-none-eabi/13.2.1/../../../arm-none-eabi/lib/thumb/v7-m/nofp/libg_nano.a(libc_a-signal.o)
 .debug_abbrev  0x00004cf5      0x408 /usr/lib/gcc/arm-none-eabi/13.2.1/../../../arm-none-eabi/lib/thumb/v7-m/nofp/libg_nano.a(libc_a-findfp.o)
 .debug_abbrev  0x000050fd      0x2e1 /usr/lib/gcc/arm-none-eabi/13.2.1/../../../arm-none-eabi/lib/thumb/v7-m/nofp/libg_nano.a(libc_a-fflush.o)
 .debug_abbrev  0x000053de      0x19b /usr/lib/gcc/arm-none-eabi/13.2.1/../../../arm-none-eabi/lib/thumb/v7-m/nofp/libg_nano.a(libc_a-fwalk.o)
 .debug_abbrev  0x00005579      0x1e2 /usr/lib/gcc/arm-none-eabi/13.2.1/../../../arm-none-eabi/lib/thumb/v7-m/nofp/libg_nano.a(libc_a-wsetup.o)
 .debug_abbrev  0x0000575b      0x1ee /usr/lib/gcc/arm-none-eabi/13.2.1/../../../arm-none-eabi/lib/thumb/v7-m/nofp/libg_nano.a(libc_a-reent.o)
 .debug_abbrev  0x00005949      0x29d /usr/lib/gcc/arm-none-eabi/13.2.1/../../../arm-none-eabi/lib/thumb/v7-m/nofp/libg_nano.a(libc_a-makebuf.o)
 .debug_abbrev  0x00005be6      0x1b0 /usr/lib/gcc/arm-none-eabi/13.2.1/../../../arm-none-eabi/lib/thumb/v7-m/nofp/libg_nano.a(libc_a-isattyr.o)
 .debug_abbrev  0x00005d96      0x224 /usr/lib/gcc/arm-none-eabi/13.2.1/../../../arm-none-eabi/lib/thumb/v7-m/nofp/libg_nano.a(libc_a-stdio.o)
 .debug_abbrev  0x00005fba      0x1fd /usr/lib/gcc/arm-none-eabi/13.2.1/../../../arm-none-eabi/lib/thumb/v7-m/nofp/libg_nano.a(libc_a-signalr.o)
 .debug_abbrev  0x000061b7      0x1b0 /usr/lib/gcc/arm-none-eabi/13.2.1/../../../arm-none-eabi/lib/thumb/v7-m/nofp/libg_nano.a(libc_a-closer.o)
 .debug_abbrev  0x00006367      0x1b0 /usr/lib/gcc/arm-none-eabi/13.2.1/../../../arm-none-eabi/lib/thumb/v7-m/nofp/libg_nano.a(libc_a-readr.o)
 .debug_abbrev  0x00006517      0x1c3 /usr/lib/gcc/arm-none-eabi/13.2.1/../../../arm-none-eabi/lib/thumb/v7-m/nofp/libg_nano.a(libc_a-fstatr.o)
 .debug_abbrev  0x000066da      0x1c4 /usr/lib/gcc/arm-none-eabi/13.2.1/../../../arm-none-eabi/lib/thumb/v7-m/nofp/libg_nano.a(libc_a-lseekr.o)
 .debug_abbrev  0x0000689e      0x1b5 /usr/lib/gcc/arm-none-eabi/13.2.1/../../../arm-none-eabi/lib/thumb/v7-m/nofp/libg_nano.a(libc_a-writer.o)

.debug_aranges  0x00000000      0x718
 .debug_aranges
                0x00000000       0x20 CMakeFiles/RTOSDemo.dir/startup.c.obj
 .debug_aranges
                0x00000020       0x20 CMakeFiles/RTOSDemo.dir/main.c.obj
 .debug_aranges
                0x00000040       0x20 CMakeFiles/RTOSDemo.dir/LocalDemoFiles/osram128x64x4.c.obj
 .debug_aranges
                0x00000060       0x20 CMakeFiles/RTOSDemo.dir/syscalls.c.obj
 .debug_aranges
                0x00000080       0x20 CMakeFiles/RTOSDemo.dir/isr_weak.c.obj
 .debug_aranges
                0x000000a0       0x20 FreeRTOS_kernel/libfreertos_kernel.a(port.c.obj)
 .debug_aranges
                0x000000c0       0x20 FreeRTOS_kernel/libfreertos_kernel.a(queue.c.obj)
 .debug_aranges
                0x000000e0       0x20 FreeRTOS_kernel/libfreertos_kernel.a(tasks.c.obj)
 .debug_aranges
                0x00000100       0x20 FreeRTOS_kernel/libfreertos_kernel.a(timers.c.obj)
 .debug_aranges
                0x00000120       0x20 FreeRTOS_kernel/libfreertos_kernel.a(heap_4.c.obj)
 .debug_aranges
                0x00000140       0x20 FreeRTOS_kernel/libfreertos_kernel.a(list.c.obj)
 .debug_aranges
                0x00000160       0x20 /usr/lib/gcc/arm-none-eabi/13.2.1/thumb/v7-m/nofp/libgcc.a(_aeabi_uldivmod.o)
 .debug_aranges
                0x00000180       0x20 /usr/lib/gcc/arm-none-eabi/13.2.1/thumb/v7-m/nofp/libgcc.a(_udivmoddi4.o)
 .debug_aranges
                0x000001a0       0x20 /usr/lib/gcc/arm-none-eabi/13.2.1/thumb/v7-m/nofp/libgcc.a(_dvmd_tls.o)
 .debug_aranges
                0x000001c0       0x20 /usr/lib/gcc/arm-none-eabi/13.2.1/../../../arm-none-eabi/lib/thumb/v7-m/nofp/libg_nano.a(libc_a-sprintf.o)
 .debug_aranges
                0x000001e0       0x20 /usr/lib/gcc/arm-none-eabi/13.2.1/../../../arm-none-eabi/lib/thumb/v7-m/nofp/libg_nano.a(libc_a-rand.o)
 .debug_aranges
                0x00000200       0x20 /usr/lib/gcc/arm-none-eabi/13.2.1/../../../arm-none-eabi/lib/thumb/v7-m/nofp/libg_nano.a(libc_a-assert.o)
 .debug_aranges
                0x00000220       0x20 /usr/lib/gcc/arm-none-eabi/13.2.1/../../../arm-none-eabi/lib/thumb/v7-m/nofp/libg_nano.a(libc_a-strlen-stub.o)
 .debug_aranges
                0x00000240       0x20 /usr/lib/gcc/arm-none-eabi/13.2.1/../../../arm-none-eabi/lib/thumb/v7-m/nofp/libg_nano.a(libc_a-strcpy.o)
 .debug_aranges
                0x00000260       0x18 /usr/lib/gcc/arm-none-eabi/13.2.1/../../../arm-none-eabi/lib/thumb/v7-m/nofp/libg_nano.a(libc_a-impure.o)
 .debug_aranges
                0x00000278       0x20 /usr/lib/gcc/arm-none-eabi/13.2.1/../../../arm-none-eabi/lib/thumb/v7-m/nofp/libg_nano.a(libc_a-nano-svfprintf.o)
 .debug_aranges
                0x00000298       0x20 /usr/lib/gcc/arm-none-eabi/13.2.1/../../../arm-none-eabi/lib/thumb/v7-m/nofp/libg_nano.a(libc_a-abort.o)
 .debug_aranges
                0x000002b8       0x20 /usr/lib/gcc/arm-none-eabi/13.2.1/../../../arm-none-eabi/lib/thumb/v7-m/nofp/libg_nano.a(libc_a-memset.o)
 .debug_aranges
                0x000002d8       0x20 /usr/lib/gcc/arm-none-eabi/13.2.1/../../../arm-none-eabi/lib/thumb/v7-m/nofp/libg_nano.a(libc_a-putchar.o)
 .debug_aranges
                0x000002f8       0x20 /usr/lib/gcc/arm-none-eabi/13.2.1/../../../arm-none-eabi/lib/thumb/v7-m/nofp/libg_nano.a(libc_a-errno.o)
 .debug_aranges
                0x00000318       0x20 /usr/lib/gcc/arm-none-eabi/13.2.1/../../../arm-none-eabi/lib/thumb/v7-m/nofp/libg_nano.a(libc_a-mallocr.o)
 .debug_aranges
                0x00000338       0x20 /usr/lib/gcc/arm-none-eabi/13.2.1/../../../arm-none-eabi/lib/thumb/v7-m/nofp/libg_nano.a(libc_a-freer.o)
 .debug_aranges
                0x00000358       0x20 /usr/lib/gcc/arm-none-eabi/13.2.1/../../../arm-none-eabi/lib/thumb/v7-m/nofp/libg_nano.a(libc_a-memmove.o)
 .debug_aranges
                0x00000378       0x20 /usr/lib/gcc/arm-none-eabi/13.2.1/../../../arm-none-eabi/lib/thumb/v7-m/nofp/libg_nano.a(libc_a-memcpy.o)
 .debug_aranges
                0x00000398       0x20 /usr/lib/gcc/arm-none-eabi/13.2.1/../../../arm-none-eabi/lib/thumb/v7-m/nofp/libg_nano.a(libc_a-malloc.o)
 .debug_aranges
                0x000003b8       0x20 /usr/lib/gcc/arm-none-eabi/13.2.1/../../../arm-none-eabi/lib/thumb/v7-m/nofp/libg_nano.a(libc_a-putc.o)
 .debug_aranges
                0x000003d8       0x20 /usr/lib/gcc/arm-none-eabi/13.2.1/../../../arm-none-eabi/lib/thumb/v7-m/nofp/libg_nano.a(libc_a-fprintf.o)
 .debug_aranges
                0x000003f8       0x20 /usr/lib/gcc/arm-none-eabi/13.2.1/../../../arm-none-eabi/lib/thumb/v7-m/nofp/libg_nano.a(libc_a-reallocr.o)
 .debug_aranges
                0x00000418       0x20 /usr/lib/gcc/arm-none-eabi/13.2.1/../../../arm-none-eabi/lib/thumb/v7-m/nofp/libg_nano.a(libc_a-nano-vfprintf_i.o)
 .debug_aranges
                0x00000438       0x20 /usr/lib/gcc/arm-none-eabi/13.2.1/../../../arm-none-eabi/lib/thumb/v7-m/nofp/libg_nano.a(libc_a-mlock.o)
 .debug_aranges
                0x00000458       0x20 /usr/lib/gcc/arm-none-eabi/13.2.1/../../../arm-none-eabi/lib/thumb/v7-m/nofp/libg_nano.a(libc_a-memchr-stub.o)
 .debug_aranges
                0x00000478       0x20 /usr/lib/gcc/arm-none-eabi/13.2.1/../../../arm-none-eabi/lib/thumb/v7-m/nofp/libg_nano.a(libc_a-snprintf.o)
 .debug_aranges
                0x00000498       0x20 /usr/lib/gcc/arm-none-eabi/13.2.1/../../../arm-none-eabi/lib/thumb/v7-m/nofp/libg_nano.a(libc_a-nano-vfprintf.o)
 .debug_aranges
                0x000004b8       0x20 /usr/lib/gcc/arm-none-eabi/13.2.1/../../../arm-none-eabi/lib/thumb/v7-m/nofp/libg_nano.a(libc_a-wbuf.o)
 .debug_aranges
                0x000004d8       0x20 /usr/lib/gcc/arm-none-eabi/13.2.1/../../../arm-none-eabi/lib/thumb/v7-m/nofp/libg_nano.a(libc_a-sbrkr.o)
 .debug_aranges
                0x000004f8       0x20 /usr/lib/gcc/arm-none-eabi/13.2.1/../../../arm-none-eabi/lib/thumb/v7-m/nofp/libg_nano.a(libc_a-msizer.o)
 .debug_aranges
                0x00000518       0x20 /usr/lib/gcc/arm-none-eabi/13.2.1/../../../arm-none-eabi/lib/thumb/v7-m/nofp/libg_nano.a(libc_a-fvwrite.o)
 .debug_aranges
                0x00000538       0x20 /usr/lib/gcc/arm-none-eabi/13.2.1/../../../arm-none-eabi/lib/thumb/v7-m/nofp/libg_nano.a(libc_a-signal.o)
 .debug_aranges
                0x00000558       0x20 /usr/lib/gcc/arm-none-eabi/13.2.1/../../../arm-none-eabi/lib/thumb/v7-m/nofp/libg_nano.a(libc_a-findfp.o)
 .debug_aranges
                0x00000578       0x20 /usr/lib/gcc/arm-none-eabi/13.2.1/../../../arm-none-eabi/lib/thumb/v7-m/nofp/libg_nano.a(libc_a-fflush.o)
 .debug_aranges
                0x00000598       0x20 /usr/lib/gcc/arm-none-eabi/13.2.1/../../../arm-none-eabi/lib/thumb/v7-m/nofp/libg_nano.a(libc_a-fwalk.o)
 .debug_aranges
                0x000005b8       0x20 /usr/lib/gcc/arm-none-eabi/13.2.1/../../../arm-none-eabi/lib/thumb/v7-m/nofp/libg_nano.a(libc_a-wsetup.o)
 .debug_aranges
                0x000005d8       0x20 /usr/lib/gcc/arm-none-eabi/13.2.1/../../../arm-none-eabi/lib/thumb/v7-m/nofp/libg_nano.a(libc_a-reent.o)
 .debug_aranges
                0x000005f8       0x20 /usr/lib/gcc/arm-none-eabi/13.2.1/../../../arm-none-eabi/lib/thumb/v7-m/nofp/libg_nano.a(libc_a-makebuf.o)
 .debug_aranges
                0x00000618       0x20 /usr/lib/gcc/arm-none-eabi/13.2.1/../../../arm-none-eabi/lib/thumb/v7-m/nofp/libg_nano.a(libc_a-isattyr.o)
 .debug_aranges
                0x00000638       0x20 /usr/lib/gcc/arm-none-eabi/13.2.1/../../../arm-none-eabi/lib/thumb/v7-m/nofp/libg_nano.a(libc_a-stdio.o)
 .debug_aranges
                0x00000658       0x20 /usr/lib/gcc/arm-none-eabi/13.2.1/../../../arm-none-eabi/lib/thumb/v7-m/nofp/libg_nano.a(libc_a-signalr.o)
 .debug_aranges
                0x00000678       0x20 /usr/lib/gcc/arm-none-eabi/13.2.1/../../../arm-none-eabi/lib/thumb/v7-m/nofp/libg_nano.a(libc_a-closer.o)
 .debug_aranges
                0x00000698       0x20 /usr/lib/gcc/arm-none-eabi/13.2.1/../../../arm-none-eabi/lib/thumb/v7-m/nofp/libg_nano.a(libc_a-readr.o)
 .debug_aranges
                0x000006b8       0x20 /usr/lib/gcc/arm-none-eabi/13.2.1/../../../arm-none-eabi/lib/thumb/v7-m/nofp/libg_nano.a(libc_a-fstatr.o)
 .debug_aranges
                0x000006d8       0x20 /usr/lib/gcc/arm-none-eabi/13.2.1/../../../arm-none-eabi/lib/thumb/v7-m/nofp/libg_nano.a(libc_a-lseekr.o)
 .debug_aranges
                0x000006f8       0x20 /usr/lib/gcc/arm-none-eabi/13.2.1/../../../arm-none-eabi/lib/thumb/v7-m/nofp/libg_nano.a(libc_a-writer.o)

.debug_line     0x00000000     0xbf0f
 .debug_line    0x00000000       0xd6 CMakeFiles/RTOSDemo.dir/startup.c.obj
 .debug_line    0x000000d6      0x79c CMakeFiles/RTOSDemo.dir/main.c.obj
 .debug_line    0x00000872      0x3df CMakeFiles/RTOSDemo.dir/LocalDemoFiles/osram128x64x4.c.obj
 .debug_line    0x00000c51      0x1ac CMakeFiles/RTOSDemo.dir/syscalls.c.obj
 .debug_line    0x00000dfd       0x6e CMakeFiles/RTOSDemo.dir/isr_weak.c.obj
 .debug_line    0x00000e6b      0x346 FreeRTOS_kernel/libfreertos_kernel.a(port.c.obj)
 .debug_line    0x000011b1      0xff1 FreeRTOS_kernel/libfreertos_kernel.a(queue.c.obj)
 .debug_line    0x000021a2     0x1821 FreeRTOS_kernel/libfreertos_kernel.a(tasks.c.obj)
 .debug_line    0x000039c3      0x6eb FreeRTOS_kernel/libfreertos_kernel.a(timers.c.obj)
 .debug_line    0x000040ae      0x529 FreeRTOS_kernel/libfreertos_kernel.a(heap_4.c.obj)
 .debug_line    0x000045d7      0x21b FreeRTOS_kernel/libfreertos_kernel.a(list.c.obj)
 .debug_line    0x000047f2       0x4e /usr/lib/gcc/arm-none-eabi/13.2.1/thumb/v7-m/nofp/libgcc.a(_aeabi_uldivmod.o)
 .debug_line    0x00004840      0x570 /usr/lib/gcc/arm-none-eabi/13.2.1/thumb/v7-m/nofp/libgcc.a(_udivmoddi4.o)
 .debug_line    0x00004db0       0x4a /usr/lib/gcc/arm-none-eabi/13.2.1/thumb/v7-m/nofp/libgcc.a(_dvmd_tls.o)
 .debug_line    0x00004dfa      0x234 /usr/lib/gcc/arm-none-eabi/13.2.1/../../../arm-none-eabi/lib/thumb/v7-m/nofp/libg_nano.a(libc_a-sprintf.o)
 .debug_line    0x0000502e      0x287 /usr/lib/gcc/arm-none-eabi/13.2.1/../../../arm-none-eabi/lib/thumb/v7-m/nofp/libg_nano.a(libc_a-rand.o)
 .debug_line    0x000052b5      0x1b0 /usr/lib/gcc/arm-none-eabi/13.2.1/../../../arm-none-eabi/lib/thumb/v7-m/nofp/libg_nano.a(libc_a-assert.o)
 .debug_line    0x00005465       0xf4 /usr/lib/gcc/arm-none-eabi/13.2.1/../../../arm-none-eabi/lib/thumb/v7-m/nofp/libg_nano.a(libc_a-strlen-stub.o)
 .debug_line    0x00005559       0xb9 /usr/lib/gcc/arm-none-eabi/13.2.1/../../../arm-none-eabi/lib/thumb/v7-m/nofp/libg_nano.a(libc_a-strcpy.o)
 .debug_line    0x00005612       0xe7 /usr/lib/gcc/arm-none-eabi/13.2.1/../../../arm-none-eabi/lib/thumb/v7-m/nofp/libg_nano.a(libc_a-impure.o)
 .debug_line    0x000056f9      0x862 /usr/lib/gcc/arm-none-eabi/13.2.1/../../../arm-none-eabi/lib/thumb/v7-m/nofp/libg_nano.a(libc_a-nano-svfprintf.o)
 .debug_line    0x00005f5b      0x115 /usr/lib/gcc/arm-none-eabi/13.2.1/../../../arm-none-eabi/lib/thumb/v7-m/nofp/libg_nano.a(libc_a-abort.o)
 .debug_line    0x00006070      0x1b1 /usr/lib/gcc/arm-none-eabi/13.2.1/../../../arm-none-eabi/lib/thumb/v7-m/nofp/libg_nano.a(libc_a-memset.o)
 .debug_line    0x00006221      0x173 /usr/lib/gcc/arm-none-eabi/13.2.1/../../../arm-none-eabi/lib/thumb/v7-m/nofp/libg_nano.a(libc_a-putchar.o)
 .debug_line    0x00006394      0x10c /usr/lib/gcc/arm-none-eabi/13.2.1/../../../arm-none-eabi/lib/thumb/v7-m/nofp/libg_nano.a(libc_a-errno.o)
 .debug_line    0x000064a0      0x45c /usr/lib/gcc/arm-none-eabi/13.2.1/../../../arm-none-eabi/lib/thumb/v7-m/nofp/libg_nano.a(libc_a-mallocr.o)
 .debug_line    0x000068fc      0x2c8 /usr/lib/gcc/arm-none-eabi/13.2.1/../../../arm-none-eabi/lib/thumb/v7-m/nofp/libg_nano.a(libc_a-freer.o)
 .debug_line    0x00006bc4      0x20d /usr/lib/gcc/arm-none-eabi/13.2.1/../../../arm-none-eabi/lib/thumb/v7-m/nofp/libg_nano.a(libc_a-memmove.o)
 .debug_line    0x00006dd1       0xbd /usr/lib/gcc/arm-none-eabi/13.2.1/../../../arm-none-eabi/lib/thumb/v7-m/nofp/libg_nano.a(libc_a-memcpy.o)
 .debug_line    0x00006e8e      0x16b /usr/lib/gcc/arm-none-eabi/13.2.1/../../../arm-none-eabi/lib/thumb/v7-m/nofp/libg_nano.a(libc_a-malloc.o)
 .debug_line    0x00006ff9      0x2a7 /usr/lib/gcc/arm-none-eabi/13.2.1/../../../arm-none-eabi/lib/thumb/v7-m/nofp/libg_nano.a(libc_a-putc.o)
 .debug_line    0x000072a0      0x1ac /usr/lib/gcc/arm-none-eabi/13.2.1/../../../arm-none-eabi/lib/thumb/v7-m/nofp/libg_nano.a(libc_a-fprintf.o)
 .debug_line    0x0000744c      0x1fa /usr/lib/gcc/arm-none-eabi/13.2.1/../../../arm-none-eabi/lib/thumb/v7-m/nofp/libg_nano.a(libc_a-reallocr.o)
 .debug_line    0x00007646      0x770 /usr/lib/gcc/arm-none-eabi/13.2.1/../../../arm-none-eabi/lib/thumb/v7-m/nofp/libg_nano.a(libc_a-nano-vfprintf_i.o)
 .debug_line    0x00007db6      0x153 /usr/lib/gcc/arm-none-eabi/13.2.1/../../../arm-none-eabi/lib/thumb/v7-m/nofp/libg_nano.a(libc_a-mlock.o)
 .debug_line    0x00007f09      0x200 /usr/lib/gcc/arm-none-eabi/13.2.1/../../../arm-none-eabi/lib/thumb/v7-m/nofp/libg_nano.a(libc_a-memchr-stub.o)
 .debug_line    0x00008109      0x356 /usr/lib/gcc/arm-none-eabi/13.2.1/../../../arm-none-eabi/lib/thumb/v7-m/nofp/libg_nano.a(libc_a-snprintf.o)
 .debug_line    0x0000845f      0x6b7 /usr/lib/gcc/arm-none-eabi/13.2.1/../../../arm-none-eabi/lib/thumb/v7-m/nofp/libg_nano.a(libc_a-nano-vfprintf.o)
 .debug_line    0x00008b16      0x253 /usr/lib/gcc/arm-none-eabi/13.2.1/../../../arm-none-eabi/lib/thumb/v7-m/nofp/libg_nano.a(libc_a-wbuf.o)
 .debug_line    0x00008d69      0x196 /usr/lib/gcc/arm-none-eabi/13.2.1/../../../arm-none-eabi/lib/thumb/v7-m/nofp/libg_nano.a(libc_a-sbrkr.o)
 .debug_line    0x00008eff      0x176 /usr/lib/gcc/arm-none-eabi/13.2.1/../../../arm-none-eabi/lib/thumb/v7-m/nofp/libg_nano.a(libc_a-msizer.o)
 .debug_line    0x00009075      0x5f5 /usr/lib/gcc/arm-none-eabi/13.2.1/../../../arm-none-eabi/lib/thumb/v7-m/nofp/libg_nano.a(libc_a-fvwrite.o)
 .debug_line    0x0000966a      0x67e /usr/lib/gcc/arm-none-eabi/13.2.1/../../../arm-none-eabi/lib/thumb/v7-m/nofp/libg_nano.a(libc_a-signal.o)
 .debug_line    0x00009ce8      0x51f /usr/lib/gcc/arm-none-eabi/13.2.1/../../../arm-none-eabi/lib/thumb/v7-m/nofp/libg_nano.a(libc_a-findfp.o)
 .debug_line    0x0000a207      0x456 /usr/lib/gcc/arm-none-eabi/13.2.1/../../../arm-none-eabi/lib/thumb/v7-m/nofp/libg_nano.a(libc_a-fflush.o)
 .debug_line    0x0000a65d      0x1c9 /usr/lib/gcc/arm-none-eabi/13.2.1/../../../arm-none-eabi/lib/thumb/v7-m/nofp/libg_nano.a(libc_a-fwalk.o)
 .debug_line    0x0000a826      0x2bd /usr/lib/gcc/arm-none-eabi/13.2.1/../../../arm-none-eabi/lib/thumb/v7-m/nofp/libg_nano.a(libc_a-wsetup.o)
 .debug_line    0x0000aae3      0x27b /usr/lib/gcc/arm-none-eabi/13.2.1/../../../arm-none-eabi/lib/thumb/v7-m/nofp/libg_nano.a(libc_a-reent.o)
 .debug_line    0x0000ad5e      0x3b0 /usr/lib/gcc/arm-none-eabi/13.2.1/../../../arm-none-eabi/lib/thumb/v7-m/nofp/libg_nano.a(libc_a-makebuf.o)
 .debug_line    0x0000b10e      0x197 /usr/lib/gcc/arm-none-eabi/13.2.1/../../../arm-none-eabi/lib/thumb/v7-m/nofp/libg_nano.a(libc_a-isattyr.o)
 .debug_line    0x0000b2a5      0x22b /usr/lib/gcc/arm-none-eabi/13.2.1/../../../arm-none-eabi/lib/thumb/v7-m/nofp/libg_nano.a(libc_a-stdio.o)
 .debug_line    0x0000b4d0      0x1be /usr/lib/gcc/arm-none-eabi/13.2.1/../../../arm-none-eabi/lib/thumb/v7-m/nofp/libg_nano.a(libc_a-signalr.o)
 .debug_line    0x0000b68e      0x196 /usr/lib/gcc/arm-none-eabi/13.2.1/../../../arm-none-eabi/lib/thumb/v7-m/nofp/libg_nano.a(libc_a-closer.o)
 .debug_line    0x0000b824      0x19c /usr/lib/gcc/arm-none-eabi/13.2.1/../../../arm-none-eabi/lib/thumb/v7-m/nofp/libg_nano.a(libc_a-readr.o)
 .debug_line    0x0000b9c0      0x215 /usr/lib/gcc/arm-none-eabi/13.2.1/../../../arm-none-eabi/lib/thumb/v7-m/nofp/libg_nano.a(libc_a-fstatr.o)
 .debug_line    0x0000bbd5      0x19d /usr/lib/gcc/arm-none-eabi/13.2.1/../../../arm-none-eabi/lib/thumb/v7-m/nofp/libg_nano.a(libc_a-lseekr.o)
 .debug_line    0x0000bd72      0x19d /usr/lib/gcc/arm-none-eabi/13.2.1/../../../arm-none-eabi/lib/thumb/v7-m/nofp/libg_nano.a(libc_a-writer.o)

.debug_str      0x00000000     0x4df9
 .debug_str     0x00000000     0x4df9 CMakeFiles/RTOSDemo.dir/startup.c.obj
                                0x1e0 (size before relaxing)
 .debug_str     0x00004df9      0x883 CMakeFiles/RTOSDemo.dir/main.c.obj
 .debug_str     0x00004df9      0x3c7 CMakeFiles/RTOSDemo.dir/LocalDemoFiles/osram128x64x4.c.obj
 .debug_str     0x00004df9      0x324 CMakeFiles/RTOSDemo.dir/syscalls.c.obj
 .debug_str     0x00004df9      0x156 CMakeFiles/RTOSDemo.dir/isr_weak.c.obj
 .debug_str     0x00004df9      0x43c FreeRTOS_kernel/libfreertos_kernel.a(port.c.obj)
 .debug_str     0x00004df9      0xe50 FreeRTOS_kernel/libfreertos_kernel.a(queue.c.obj)
 .debug_str     0x00004df9     0x165f FreeRTOS_kernel/libfreertos_kernel.a(tasks.c.obj)
 .debug_str     0x00004df9      0xc4b FreeRTOS_kernel/libfreertos_kernel.a(timers.c.obj)
 .debug_str     0x00004df9      0x515 FreeRTOS_kernel/libfreertos_kernel.a(heap_4.c.obj)
 .debug_str     0x00004df9      0x2a2 FreeRTOS_kernel/libfreertos_kernel.a(list.c.obj)
 .debug_str     0x00004df9       0x9f /usr/lib/gcc/arm-none-eabi/13.2.1/thumb/v7-m/nofp/libgcc.a(_aeabi_uldivmod.o)
 .debug_str     0x00004df9      0x67d /usr/lib/gcc/arm-none-eabi/13.2.1/thumb/v7-m/nofp/libgcc.a(_udivmoddi4.o)
 .debug_str     0x00004df9       0xbf /usr/lib/gcc/arm-none-eabi/13.2.1/thumb/v7-m/nofp/libgcc.a(_dvmd_tls.o)
 .debug_str     0x00004df9      0x4f3 /usr/lib/gcc/arm-none-eabi/13.2.1/../../../arm-none-eabi/lib/thumb/v7-m/nofp/libg_nano.a(libc_a-sprintf.o)
 .debug_str     0x00004df9      0x4d8 /usr/lib/gcc/arm-none-eabi/13.2.1/../../../arm-none-eabi/lib/thumb/v7-m/nofp/libg_nano.a(libc_a-rand.o)
 .debug_str     0x00004df9      0x4ed /usr/lib/gcc/arm-none-eabi/13.2.1/../../../arm-none-eabi/lib/thumb/v7-m/nofp/libg_nano.a(libc_a-assert.o)
 .debug_str     0x00004df9      0x19b /usr/lib/gcc/arm-none-eabi/13.2.1/../../../arm-none-eabi/lib/thumb/v7-m/nofp/libg_nano.a(libc_a-strlen-stub.o)
 .debug_str     0x00004df9      0x18f /usr/lib/gcc/arm-none-eabi/13.2.1/../../../arm-none-eabi/lib/thumb/v7-m/nofp/libg_nano.a(libc_a-strcpy.o)
 .debug_str     0x00004df9      0x4b4 /usr/lib/gcc/arm-none-eabi/13.2.1/../../../arm-none-eabi/lib/thumb/v7-m/nofp/libg_nano.a(libc_a-impure.o)
 .debug_str     0x00004df9      0x7fd /usr/lib/gcc/arm-none-eabi/13.2.1/../../../arm-none-eabi/lib/thumb/v7-m/nofp/libg_nano.a(libc_a-nano-svfprintf.o)
 .debug_str     0x00004df9      0x194 /usr/lib/gcc/arm-none-eabi/13.2.1/../../../arm-none-eabi/lib/thumb/v7-m/nofp/libg_nano.a(libc_a-abort.o)
 .debug_str     0x00004df9      0x1a5 /usr/lib/gcc/arm-none-eabi/13.2.1/../../../arm-none-eabi/lib/thumb/v7-m/nofp/libg_nano.a(libc_a-memset.o)
 .debug_str     0x00004df9      0x4ce /usr/lib/gcc/arm-none-eabi/13.2.1/../../../arm-none-eabi/lib/thumb/v7-m/nofp/libg_nano.a(libc_a-putchar.o)
 .debug_str     0x00004df9      0x4ae /usr/lib/gcc/arm-none-eabi/13.2.1/../../../arm-none-eabi/lib/thumb/v7-m/nofp/libg_nano.a(libc_a-errno.o)
 .debug_str     0x00004df9      0x595 /usr/lib/gcc/arm-none-eabi/13.2.1/../../../arm-none-eabi/lib/thumb/v7-m/nofp/libg_nano.a(libc_a-mallocr.o)
 .debug_str     0x00004df9      0x534 /usr/lib/gcc/arm-none-eabi/13.2.1/../../../arm-none-eabi/lib/thumb/v7-m/nofp/libg_nano.a(libc_a-freer.o)
 .debug_str     0x00004df9      0x1c4 /usr/lib/gcc/arm-none-eabi/13.2.1/../../../arm-none-eabi/lib/thumb/v7-m/nofp/libg_nano.a(libc_a-memmove.o)
 .debug_str     0x00004df9       0xa8 /usr/lib/gcc/arm-none-eabi/13.2.1/../../../arm-none-eabi/lib/thumb/v7-m/nofp/libg_nano.a(libc_a-memcpy.o)
 .debug_str     0x00004df9      0x4d9 /usr/lib/gcc/arm-none-eabi/13.2.1/../../../arm-none-eabi/lib/thumb/v7-m/nofp/libg_nano.a(libc_a-malloc.o)
 .debug_str     0x00004df9      0x4f5 /usr/lib/gcc/arm-none-eabi/13.2.1/../../../arm-none-eabi/lib/thumb/v7-m/nofp/libg_nano.a(libc_a-putc.o)
 .debug_str     0x00004df9      0x4f2 /usr/lib/gcc/arm-none-eabi/13.2.1/../../../arm-none-eabi/lib/thumb/v7-m/nofp/libg_nano.a(libc_a-fprintf.o)
 .debug_str     0x00004df9      0x52a /usr/lib/gcc/arm-none-eabi/13.2.1/../../../arm-none-eabi/lib/thumb/v7-m/nofp/libg_nano.a(libc_a-reallocr.o)
 .debug_str     0x00004df9      0x793 /usr/lib/gcc/arm-none-eabi/13.2.1/../../../arm-none-eabi/lib/thumb/v7-m/nofp/libg_nano.a(libc_a-nano-vfprintf_i.o)
 .debug_str     0x00004df9      0x4d2 /usr/lib/gcc/arm-none-eabi/13.2.1/../../../arm-none-eabi/lib/thumb/v7-m/nofp/libg_nano.a(libc_a-mlock.o)
 .debug_str     0x00004df9      0x1b5 /usr/lib/gcc/arm-none-eabi/13.2.1/../../../arm-none-eabi/lib/thumb/v7-m/nofp/libg_nano.a(libc_a-memchr-stub.o)
 .debug_str     0x00004df9      0x502 /usr/lib/gcc/arm-none-eabi/13.2.1/../../../arm-none-eabi/lib/thumb/v7-m/nofp/libg_nano.a(libc_a-snprintf.o)
 .debug_str     0x00004df9      0x821 /usr/lib/gcc/arm-none-eabi/13.2.1/../../../arm-none-eabi/lib/thumb/v7-m/nofp/libg_nano.a(libc_a-nano-vfprintf.o)
 .debug_str     0x00004df9      0x4ea /usr/lib/gcc/arm-none-eabi/13.2.1/../../../arm-none-eabi/lib/thumb/v7-m/nofp/libg_nano.a(libc_a-wbuf.o)
 .debug_str     0x00004df9      0x4bd /usr/lib/gcc/arm-none-eabi/13.2.1/../../../arm-none-eabi/lib/thumb/v7-m/nofp/libg_nano.a(libc_a-sbrkr.o)
 .debug_str     0x00004df9      0x4fd /usr/lib/gcc/arm-none-eabi/13.2.1/../../../arm-none-eabi/lib/thumb/v7-m/nofp/libg_nano.a(libc_a-msizer.o)
 .debug_str     0x00004df9      0x558 /usr/lib/gcc/arm-none-eabi/13.2.1/../../../arm-none-eabi/lib/thumb/v7-m/nofp/libg_nano.a(libc_a-fvwrite.o)
 .debug_str     0x00004df9      0x53b /usr/lib/gcc/arm-none-eabi/13.2.1/../../../arm-none-eabi/lib/thumb/v7-m/nofp/libg_nano.a(libc_a-signal.o)
 .debug_str     0x00004df9      0x6b7 /usr/lib/gcc/arm-none-eabi/13.2.1/../../../arm-none-eabi/lib/thumb/v7-m/nofp/libg_nano.a(libc_a-findfp.o)
 .debug_str     0x00004df9      0x53b /usr/lib/gcc/arm-none-eabi/13.2.1/../../../arm-none-eabi/lib/thumb/v7-m/nofp/libg_nano.a(libc_a-fflush.o)
 .debug_str     0x00004df9      0x4c4 /usr/lib/gcc/arm-none-eabi/13.2.1/../../../arm-none-eabi/lib/thumb/v7-m/nofp/libg_nano.a(libc_a-fwalk.o)
 .debug_str     0x00004df9      0x4e5 /usr/lib/gcc/arm-none-eabi/13.2.1/../../../arm-none-eabi/lib/thumb/v7-m/nofp/libg_nano.a(libc_a-wsetup.o)
 .debug_str     0x00004df9      0x4d3 /usr/lib/gcc/arm-none-eabi/13.2.1/../../../arm-none-eabi/lib/thumb/v7-m/nofp/libg_nano.a(libc_a-reent.o)
 .debug_str     0x00004df9      0x647 /usr/lib/gcc/arm-none-eabi/13.2.1/../../../arm-none-eabi/lib/thumb/v7-m/nofp/libg_nano.a(libc_a-makebuf.o)
 .debug_str     0x00004df9      0x4b4 /usr/lib/gcc/arm-none-eabi/13.2.1/../../../arm-none-eabi/lib/thumb/v7-m/nofp/libg_nano.a(libc_a-isattyr.o)
 .debug_str     0x00004df9      0x521 /usr/lib/gcc/arm-none-eabi/13.2.1/../../../arm-none-eabi/lib/thumb/v7-m/nofp/libg_nano.a(libc_a-stdio.o)
 .debug_str     0x00004df9      0x4d0 /usr/lib/gcc/arm-none-eabi/13.2.1/../../../arm-none-eabi/lib/thumb/v7-m/nofp/libg_nano.a(libc_a-signalr.o)
 .debug_str     0x00004df9      0x4aa /usr/lib/gcc/arm-none-eabi/13.2.1/../../../arm-none-eabi/lib/thumb/v7-m/nofp/libg_nano.a(libc_a-closer.o)
 .debug_str     0x00004df9      0x4b8 /usr/lib/gcc/arm-none-eabi/13.2.1/../../../arm-none-eabi/lib/thumb/v7-m/nofp/libg_nano.a(libc_a-readr.o)
 .debug_str     0x00004df9      0x5fc /usr/lib/gcc/arm-none-eabi/13.2.1/../../../arm-none-eabi/lib/thumb/v7-m/nofp/libg_nano.a(libc_a-fstatr.o)
 .debug_str     0x00004df9      0x4b8 /usr/lib/gcc/arm-none-eabi/13.2.1/../../../arm-none-eabi/lib/thumb/v7-m/nofp/libg_nano.a(libc_a-lseekr.o)
 .debug_str     0x00004df9      0x4ba /usr/lib/gcc/arm-none-eabi/13.2.1/../../../arm-none-eabi/lib/thumb/v7-m/nofp/libg_nano.a(libc_a-writer.o)

.comment        0x00000000       0xae
 .comment       0x00000000       0x26 CMakeFiles/RTOSDemo.dir/startup.c.obj
                                 0x27 (size before relaxing)
 .comment       0x00000026       0x27 CMakeFiles/RTOSDemo.dir/main.c.obj
 .comment       0x00000026       0x27 CMakeFiles/RTOSDemo.dir/LocalDemoFiles/osram128x64x4.c.obj
 .comment       0x00000026       0x27 CMakeFiles/RTOSDemo.dir/syscalls.c.obj
 .comment       0x00000026       0x27 CMakeFiles/RTOSDemo.dir/isr_weak.c.obj
 .comment       0x00000026       0x27 FreeRTOS_kernel/libfreertos_kernel.a(port.c.obj)
 .comment       0x00000026       0x27 FreeRTOS_kernel/libfreertos_kernel.a(queue.c.obj)
 .comment       0x00000026       0x27 FreeRTOS_kernel/libfreertos_kernel.a(tasks.c.obj)
 .comment       0x00000026       0x27 FreeRTOS_kernel/libfreertos_kernel.a(timers.c.obj)
 .comment       0x00000026       0x27 FreeRTOS_kernel/libfreertos_kernel.a(heap_4.c.obj)
 .comment       0x00000026       0x27 FreeRTOS_kernel/libfreertos_kernel.a(list.c.obj)
 .comment       0x00000026       0x22 /home/caspar/embedded/CORTEX_LM3S6965_GCC_QEMU/driver/arm-none-eabi-gcc/libdriver.a(gpio.o)
 .comment       0x00000048       0x22 /home/caspar/embedded/CORTEX_LM3S6965_GCC_QEMU/driver/arm-none-eabi-gcc/libdriver.a(ssi.o)
 .comment       0x0000006a       0x22 /home/caspar/embedded/CORTEX_LM3S6965_GCC_QEMU/driver/arm-none-eabi-gcc/libdriver.a(sysctl.o)
 .comment       0x0000008c       0x22 /home/caspar/embedded/CORTEX_LM3S6965_GCC_QEMU/driver/arm-none-eabi-gcc/libdriver.a(uart.o)
 .comment       0x000000ae       0x27 /usr/lib/gcc/arm-none-eabi/13.2.1/thumb/v7-m/nofp/libgcc.a(_udivmoddi4.o)
 .comment       0x000000ae       0x27 /usr/lib/gcc/arm-none-eabi/13.2.1/../../../arm-none-eabi/lib/thumb/v7-m/nofp/libg_nano.a(libc_a-sprintf.o)
 .comment       0x000000ae       0x27 /usr/lib/gcc/arm-none-eabi/13.2.1/../../../arm-none-eabi/lib/thumb/v7-m/nofp/libg_nano.a(libc_a-rand.o)
 .comment       0x000000ae       0x27 /usr/lib/gcc/arm-none-eabi/13.2.1/../../../arm-none-eabi/lib/thumb/v7-m/nofp/libg_nano.a(libc_a-assert.o)
 .comment       0x000000ae       0x27 /usr/lib/gcc/arm-none-eabi/13.2.1/../../../arm-none-eabi/lib/thumb/v7-m/nofp/libg_nano.a(libc_a-strlen-stub.o)
 .comment       0x000000ae       0x27 /usr/lib/gcc/arm-none-eabi/13.2.1/../../../arm-none-eabi/lib/thumb/v7-m/nofp/libg_nano.a(libc_a-strcpy.o)
 .comment       0x000000ae       0x27 /usr/lib/gcc/arm-none-eabi/13.2.1/../../../arm-none-eabi/lib/thumb/v7-m/nofp/libg_nano.a(libc_a-impure.o)
 .comment       0x000000ae       0x27 /usr/lib/gcc/arm-none-eabi/13.2.1/../../../arm-none-eabi/lib/thumb/v7-m/nofp/libg_nano.a(libc_a-nano-svfprintf.o)
 .comment       0x000000ae       0x27 /usr/lib/gcc/arm-none-eabi/13.2.1/../../../arm-none-eabi/lib/thumb/v7-m/nofp/libg_nano.a(libc_a-abort.o)
 .comment       0x000000ae       0x27 /usr/lib/gcc/arm-none-eabi/13.2.1/../../../arm-none-eabi/lib/thumb/v7-m/nofp/libg_nano.a(libc_a-memset.o)
 .comment       0x000000ae       0x27 /usr/lib/gcc/arm-none-eabi/13.2.1/../../../arm-none-eabi/lib/thumb/v7-m/nofp/libg_nano.a(libc_a-putchar.o)
 .comment       0x000000ae       0x27 /usr/lib/gcc/arm-none-eabi/13.2.1/../../../arm-none-eabi/lib/thumb/v7-m/nofp/libg_nano.a(libc_a-errno.o)
 .comment       0x000000ae       0x27 /usr/lib/gcc/arm-none-eabi/13.2.1/../../../arm-none-eabi/lib/thumb/v7-m/nofp/libg_nano.a(libc_a-mallocr.o)
 .comment       0x000000ae       0x27 /usr/lib/gcc/arm-none-eabi/13.2.1/../../../arm-none-eabi/lib/thumb/v7-m/nofp/libg_nano.a(libc_a-freer.o)
 .comment       0x000000ae       0x27 /usr/lib/gcc/arm-none-eabi/13.2.1/../../../arm-none-eabi/lib/thumb/v7-m/nofp/libg_nano.a(libc_a-memmove.o)
 .comment       0x000000ae       0x27 /usr/lib/gcc/arm-none-eabi/13.2.1/../../../arm-none-eabi/lib/thumb/v7-m/nofp/libg_nano.a(libc_a-malloc.o)
 .comment       0x000000ae       0x27 /usr/lib/gcc/arm-none-eabi/13.2.1/../../../arm-none-eabi/lib/thumb/v7-m/nofp/libg_nano.a(libc_a-putc.o)
 .comment       0x000000ae       0x27 /usr/lib/gcc/arm-none-eabi/13.2.1/../../../arm-none-eabi/lib/thumb/v7-m/nofp/libg_nano.a(libc_a-fprintf.o)
 .comment       0x000000ae       0x27 /usr/lib/gcc/arm-none-eabi/13.2.1/../../../arm-none-eabi/lib/thumb/v7-m/nofp/libg_nano.a(libc_a-reallocr.o)
 .comment       0x000000ae       0x27 /usr/lib/gcc/arm-none-eabi/13.2.1/../../../arm-none-eabi/lib/thumb/v7-m/nofp/libg_nano.a(libc_a-nano-vfprintf_i.o)
 .comment       0x000000ae       0x27 /usr/lib/gcc/arm-none-eabi/13.2.1/../../../arm-none-eabi/lib/thumb/v7-m/nofp/libg_nano.a(libc_a-mlock.o)
 .comment       0x000000ae       0x27 /usr/lib/gcc/arm-none-eabi/13.2.1/../../../arm-none-eabi/lib/thumb/v7-m/nofp/libg_nano.a(libc_a-memchr-stub.o)
 .comment       0x000000ae       0x27 /usr/lib/gcc/arm-none-eabi/13.2.1/../../../arm-none-eabi/lib/thumb/v7-m/nofp/libg_nano.a(libc_a-snprintf.o)
 .comment       0x000000ae       0x27 /usr/lib/gcc/arm-none-eabi/13.2.1/../../../arm-none-eabi/lib/thumb/v7-m/nofp/libg_nano.a(libc_a-nano-vfprintf.o)
 .comment       0x000000ae       0x27 /usr/lib/gcc/arm-none-eabi/13.2.1/../../../arm-none-eabi/lib/thumb/v7-m/nofp/libg_nano.a(libc_a-wbuf.o)
 .comment       0x000000ae       0x27 /usr/lib/gcc/arm-none-eabi/13.2.1/../../../arm-none-eabi/lib/thumb/v7-m/nofp/libg_nano.a(libc_a-sbrkr.o)
 .comment       0x000000ae       0x27 /usr/lib/gcc/arm-none-eabi/13.2.1/../../../arm-none-eabi/lib/thumb/v7-m/nofp/libg_nano.a(libc_a-msizer.o)
 .comment       0x000000ae       0x27 /usr/lib/gcc/arm-none-eabi/13.2.1/../../../arm-none-eabi/lib/thumb/v7-m/nofp/libg_nano.a(libc_a-fvwrite.o)
 .comment       0x000000ae       0x27 /usr/lib/gcc/arm-none-eabi/13.2.1/../../../arm-none-eabi/lib/thumb/v7-m/nofp/libg_nano.a(libc_a-signal.o)
 .comment       0x000000ae       0x27 /usr/lib/gcc/arm-none-eabi/13.2.1/../../../arm-none-eabi/lib/thumb/v7-m/nofp/libg_nano.a(libc_a-findfp.o)
 .comment       0x000000ae       0x27 /usr/lib/gcc/arm-none-eabi/13.2.1/../../../arm-none-eabi/lib/thumb/v7-m/nofp/libg_nano.a(libc_a-fflush.o)
 .comment       0x000000ae       0x27 /usr/lib/gcc/arm-none-eabi/13.2.1/../../../arm-none-eabi/lib/thumb/v7-m/nofp/libg_nano.a(libc_a-fwalk.o)
 .comment       0x000000ae       0x27 /usr/lib/gcc/arm-none-eabi/13.2.1/../../../arm-none-eabi/lib/thumb/v7-m/nofp/libg_nano.a(libc_a-wsetup.o)
 .comment       0x000000ae       0x27 /usr/lib/gcc/arm-none-eabi/13.2.1/../../../arm-none-eabi/lib/thumb/v7-m/nofp/libg_nano.a(libc_a-reent.o)
 .comment       0x000000ae       0x27 /usr/lib/gcc/arm-none-eabi/13.2.1/../../../arm-none-eabi/lib/thumb/v7-m/nofp/libg_nano.a(libc_a-makebuf.o)
 .comment       0x000000ae       0x27 /usr/lib/gcc/arm-none-eabi/13.2.1/../../../arm-none-eabi/lib/thumb/v7-m/nofp/libg_nano.a(libc_a-isattyr.o)
 .comment       0x000000ae       0x27 /usr/lib/gcc/arm-none-eabi/13.2.1/../../../arm-none-eabi/lib/thumb/v7-m/nofp/libg_nano.a(libc_a-stdio.o)
 .comment       0x000000ae       0x27 /usr/lib/gcc/arm-none-eabi/13.2.1/../../../arm-none-eabi/lib/thumb/v7-m/nofp/libg_nano.a(libc_a-signalr.o)
 .comment       0x000000ae       0x27 /usr/lib/gcc/arm-none-eabi/13.2.1/../../../arm-none-eabi/lib/thumb/v7-m/nofp/libg_nano.a(libc_a-closer.o)
 .comment       0x000000ae       0x27 /usr/lib/gcc/arm-none-eabi/13.2.1/../../../arm-none-eabi/lib/thumb/v7-m/nofp/libg_nano.a(libc_a-readr.o)
 .comment       0x000000ae       0x27 /usr/lib/gcc/arm-none-eabi/13.2.1/../../../arm-none-eabi/lib/thumb/v7-m/nofp/libg_nano.a(libc_a-fstatr.o)
 .comment       0x000000ae       0x27 /usr/lib/gcc/arm-none-eabi/13.2.1/../../../arm-none-eabi/lib/thumb/v7-m/nofp/libg_nano.a(libc_a-lseekr.o)
 .comment       0x000000ae       0x27 /usr/lib/gcc/arm-none-eabi/13.2.1/../../../arm-none-eabi/lib/thumb/v7-m/nofp/libg_nano.a(libc_a-writer.o)

.ARM.attributes
                0x00000000       0x2b
 .ARM.attributes
                0x00000000       0x2d CMakeFiles/RTOSDemo.dir/startup.c.obj
 .ARM.attributes
                0x0000002d       0x2d CMakeFiles/RTOSDemo.dir/main.c.obj
 .ARM.attributes
                0x0000005a       0x2d CMakeFiles/RTOSDemo.dir/LocalDemoFiles/osram128x64x4.c.obj
 .ARM.attributes
                0x00000087       0x2d CMakeFiles/RTOSDemo.dir/syscalls.c.obj
 .ARM.attributes
                0x000000b4       0x2d CMakeFiles/RTOSDemo.dir/isr_weak.c.obj
 .ARM.attributes
                0x000000e1       0x2d FreeRTOS_kernel/libfreertos_kernel.a(port.c.obj)
 .ARM.attributes
                0x0000010e       0x2d FreeRTOS_kernel/libfreertos_kernel.a(queue.c.obj)
 .ARM.attributes
                0x0000013b       0x2d FreeRTOS_kernel/libfreertos_kernel.a(tasks.c.obj)
 .ARM.attributes
                0x00000168       0x2d FreeRTOS_kernel/libfreertos_kernel.a(timers.c.obj)
 .ARM.attributes
                0x00000195       0x2d FreeRTOS_kernel/libfreertos_kernel.a(heap_4.c.obj)
 .ARM.attributes
                0x000001c2       0x2d FreeRTOS_kernel/libfreertos_kernel.a(list.c.obj)
 .ARM.attributes
                0x000001ef       0x31 /home/caspar/embedded/CORTEX_LM3S6965_GCC_QEMU/driver/arm-none-eabi-gcc/libdriver.a(gpio.o)
 .ARM.attributes
                0x00000220       0x31 /home/caspar/embedded/CORTEX_LM3S6965_GCC_QEMU/driver/arm-none-eabi-gcc/libdriver.a(ssi.o)
 .ARM.attributes
                0x00000251       0x31 /home/caspar/embedded/CORTEX_LM3S6965_GCC_QEMU/driver/arm-none-eabi-gcc/libdriver.a(sysctl.o)
 .ARM.attributes
                0x00000282       0x31 /home/caspar/embedded/CORTEX_LM3S6965_GCC_QEMU/driver/arm-none-eabi-gcc/libdriver.a(uart.o)
 .ARM.attributes
                0x000002b3       0x1d /usr/lib/gcc/arm-none-eabi/13.2.1/thumb/v7-m/nofp/libgcc.a(_aeabi_uldivmod.o)
 .ARM.attributes
                0x000002d0       0x2d /usr/lib/gcc/arm-none-eabi/13.2.1/thumb/v7-m/nofp/libgcc.a(_udivmoddi4.o)
 .ARM.attributes
                0x000002fd       0x1d /usr/lib/gcc/arm-none-eabi/13.2.1/thumb/v7-m/nofp/libgcc.a(_dvmd_tls.o)
 .ARM.attributes
                0x0000031a       0x2d /usr/lib/gcc/arm-none-eabi/13.2.1/../../../arm-none-eabi/lib/thumb/v7-m/nofp/libg_nano.a(libc_a-sprintf.o)
 .ARM.attributes
                0x00000347       0x2d /usr/lib/gcc/arm-none-eabi/13.2.1/../../../arm-none-eabi/lib/thumb/v7-m/nofp/libg_nano.a(libc_a-rand.o)
 .ARM.attributes
                0x00000374       0x2d /usr/lib/gcc/arm-none-eabi/13.2.1/../../../arm-none-eabi/lib/thumb/v7-m/nofp/libg_nano.a(libc_a-assert.o)
 .ARM.attributes
                0x000003a1       0x2d /usr/lib/gcc/arm-none-eabi/13.2.1/../../../arm-none-eabi/lib/thumb/v7-m/nofp/libg_nano.a(libc_a-strlen-stub.o)
 .ARM.attributes
                0x000003ce       0x2d /usr/lib/gcc/arm-none-eabi/13.2.1/../../../arm-none-eabi/lib/thumb/v7-m/nofp/libg_nano.a(libc_a-strcpy.o)
 .ARM.attributes
                0x000003fb       0x2d /usr/lib/gcc/arm-none-eabi/13.2.1/../../../arm-none-eabi/lib/thumb/v7-m/nofp/libg_nano.a(libc_a-impure.o)
 .ARM.attributes
                0x00000428       0x2d /usr/lib/gcc/arm-none-eabi/13.2.1/../../../arm-none-eabi/lib/thumb/v7-m/nofp/libg_nano.a(libc_a-nano-svfprintf.o)
 .ARM.attributes
                0x00000455       0x2d /usr/lib/gcc/arm-none-eabi/13.2.1/../../../arm-none-eabi/lib/thumb/v7-m/nofp/libg_nano.a(libc_a-abort.o)
 .ARM.attributes
                0x00000482       0x2d /usr/lib/gcc/arm-none-eabi/13.2.1/../../../arm-none-eabi/lib/thumb/v7-m/nofp/libg_nano.a(libc_a-memset.o)
 .ARM.attributes
                0x000004af       0x2d /usr/lib/gcc/arm-none-eabi/13.2.1/../../../arm-none-eabi/lib/thumb/v7-m/nofp/libg_nano.a(libc_a-putchar.o)
 .ARM.attributes
                0x000004dc       0x2d /usr/lib/gcc/arm-none-eabi/13.2.1/../../../arm-none-eabi/lib/thumb/v7-m/nofp/libg_nano.a(libc_a-errno.o)
 .ARM.attributes
                0x00000509       0x2d /usr/lib/gcc/arm-none-eabi/13.2.1/../../../arm-none-eabi/lib/thumb/v7-m/nofp/libg_nano.a(libc_a-mallocr.o)
 .ARM.attributes
                0x00000536       0x2d /usr/lib/gcc/arm-none-eabi/13.2.1/../../../arm-none-eabi/lib/thumb/v7-m/nofp/libg_nano.a(libc_a-freer.o)
 .ARM.attributes
                0x00000563       0x2d /usr/lib/gcc/arm-none-eabi/13.2.1/../../../arm-none-eabi/lib/thumb/v7-m/nofp/libg_nano.a(libc_a-memmove.o)
 .ARM.attributes
                0x00000590       0x1b /usr/lib/gcc/arm-none-eabi/13.2.1/../../../arm-none-eabi/lib/thumb/v7-m/nofp/libg_nano.a(libc_a-memcpy.o)
 .ARM.attributes
                0x000005ab       0x2d /usr/lib/gcc/arm-none-eabi/13.2.1/../../../arm-none-eabi/lib/thumb/v7-m/nofp/libg_nano.a(libc_a-malloc.o)
 .ARM.attributes
                0x000005d8       0x2d /usr/lib/gcc/arm-none-eabi/13.2.1/../../../arm-none-eabi/lib/thumb/v7-m/nofp/libg_nano.a(libc_a-putc.o)
 .ARM.attributes
                0x00000605       0x2d /usr/lib/gcc/arm-none-eabi/13.2.1/../../../arm-none-eabi/lib/thumb/v7-m/nofp/libg_nano.a(libc_a-fprintf.o)
 .ARM.attributes
                0x00000632       0x2d /usr/lib/gcc/arm-none-eabi/13.2.1/../../../arm-none-eabi/lib/thumb/v7-m/nofp/libg_nano.a(libc_a-reallocr.o)
 .ARM.attributes
                0x0000065f       0x2d /usr/lib/gcc/arm-none-eabi/13.2.1/../../../arm-none-eabi/lib/thumb/v7-m/nofp/libg_nano.a(libc_a-nano-vfprintf_i.o)
 .ARM.attributes
                0x0000068c       0x2d /usr/lib/gcc/arm-none-eabi/13.2.1/../../../arm-none-eabi/lib/thumb/v7-m/nofp/libg_nano.a(libc_a-mlock.o)
 .ARM.attributes
                0x000006b9       0x2d /usr/lib/gcc/arm-none-eabi/13.2.1/../../../arm-none-eabi/lib/thumb/v7-m/nofp/libg_nano.a(libc_a-memchr-stub.o)
 .ARM.attributes
                0x000006e6       0x2d /usr/lib/gcc/arm-none-eabi/13.2.1/../../../arm-none-eabi/lib/thumb/v7-m/nofp/libg_nano.a(libc_a-snprintf.o)
 .ARM.attributes
                0x00000713       0x2d /usr/lib/gcc/arm-none-eabi/13.2.1/../../../arm-none-eabi/lib/thumb/v7-m/nofp/libg_nano.a(libc_a-nano-vfprintf.o)
 .ARM.attributes
                0x00000740       0x2d /usr/lib/gcc/arm-none-eabi/13.2.1/../../../arm-none-eabi/lib/thumb/v7-m/nofp/libg_nano.a(libc_a-wbuf.o)
 .ARM.attributes
                0x0000076d       0x2d /usr/lib/gcc/arm-none-eabi/13.2.1/../../../arm-none-eabi/lib/thumb/v7-m/nofp/libg_nano.a(libc_a-sbrkr.o)
 .ARM.attributes
                0x0000079a       0x2d /usr/lib/gcc/arm-none-eabi/13.2.1/../../../arm-none-eabi/lib/thumb/v7-m/nofp/libg_nano.a(libc_a-msizer.o)
 .ARM.attributes
                0x000007c7       0x2d /usr/lib/gcc/arm-none-eabi/13.2.1/../../../arm-none-eabi/lib/thumb/v7-m/nofp/libg_nano.a(libc_a-fvwrite.o)
 .ARM.attributes
                0x000007f4       0x2d /usr/lib/gcc/arm-none-eabi/13.2.1/../../../arm-none-eabi/lib/thumb/v7-m/nofp/libg_nano.a(libc_a-signal.o)
 .ARM.attributes
                0x00000821       0x2d /usr/lib/gcc/arm-none-eabi/13.2.1/../../../arm-none-eabi/lib/thumb/v7-m/nofp/libg_nano.a(libc_a-findfp.o)
 .ARM.attributes
                0x0000084e       0x2d /usr/lib/gcc/arm-none-eabi/13.2.1/../../../arm-none-eabi/lib/thumb/v7-m/nofp/libg_nano.a(libc_a-fflush.o)
 .ARM.attributes
                0x0000087b       0x2d /usr/lib/gcc/arm-none-eabi/13.2.1/../../../arm-none-eabi/lib/thumb/v7-m/nofp/libg_nano.a(libc_a-fwalk.o)
 .ARM.attributes
                0x000008a8       0x2d /usr/lib/gcc/arm-none-eabi/13.2.1/../../../arm-none-eabi/lib/thumb/v7-m/nofp/libg_nano.a(libc_a-wsetup.o)
 .ARM.attributes
                0x000008d5       0x2d /usr/lib/gcc/arm-none-eabi/13.2.1/../../../arm-none-eabi/lib/thumb/v7-m/nofp/libg_nano.a(libc_a-reent.o)
 .ARM.attributes
                0x00000902       0x2d /usr/lib/gcc/arm-none-eabi/13.2.1/../../../arm-none-eabi/lib/thumb/v7-m/nofp/libg_nano.a(libc_a-makebuf.o)
 .ARM.attributes
                0x0000092f       0x2d /usr/lib/gcc/arm-none-eabi/13.2.1/../../../arm-none-eabi/lib/thumb/v7-m/nofp/libg_nano.a(libc_a-isattyr.o)
 .ARM.attributes
                0x0000095c       0x2d /usr/lib/gcc/arm-none-eabi/13.2.1/../../../arm-none-eabi/lib/thumb/v7-m/nofp/libg_nano.a(libc_a-stdio.o)
 .ARM.attributes
                0x00000989       0x2d /usr/lib/gcc/arm-none-eabi/13.2.1/../../../arm-none-eabi/lib/thumb/v7-m/nofp/libg_nano.a(libc_a-signalr.o)
 .ARM.attributes
                0x000009b6       0x2d /usr/lib/gcc/arm-none-eabi/13.2.1/../../../arm-none-eabi/lib/thumb/v7-m/nofp/libg_nano.a(libc_a-closer.o)
 .ARM.attributes
                0x000009e3       0x2d /usr/lib/gcc/arm-none-eabi/13.2.1/../../../arm-none-eabi/lib/thumb/v7-m/nofp/libg_nano.a(libc_a-readr.o)
 .ARM.attributes
                0x00000a10       0x2d /usr/lib/gcc/arm-none-eabi/13.2.1/../../../arm-none-eabi/lib/thumb/v7-m/nofp/libg_nano.a(libc_a-fstatr.o)
 .ARM.attributes
                0x00000a3d       0x2d /usr/lib/gcc/arm-none-eabi/13.2.1/../../../arm-none-eabi/lib/thumb/v7-m/nofp/libg_nano.a(libc_a-lseekr.o)
 .ARM.attributes
                0x00000a6a       0x2d /usr/lib/gcc/arm-none-eabi/13.2.1/../../../arm-none-eabi/lib/thumb/v7-m/nofp/libg_nano.a(libc_a-writer.o)

.debug_frame    0x00000000     0x2f30
 .debug_frame   0x00000000       0xb8 CMakeFiles/RTOSDemo.dir/startup.c.obj
 .debug_frame   0x000000b8      0x30c CMakeFiles/RTOSDemo.dir/main.c.obj
 .debug_frame   0x000003c4      0x1a0 CMakeFiles/RTOSDemo.dir/LocalDemoFiles/osram128x64x4.c.obj
 .debug_frame   0x00000564      0x180 CMakeFiles/RTOSDemo.dir/syscalls.c.obj
 .debug_frame   0x000006e4       0x28 CMakeFiles/RTOSDemo.dir/isr_weak.c.obj
 .debug_frame   0x0000070c      0x17c FreeRTOS_kernel/libfreertos_kernel.a(port.c.obj)
 .debug_frame   0x00000888      0x740 FreeRTOS_kernel/libfreertos_kernel.a(queue.c.obj)
 .debug_frame   0x00000fc8      0xb10 FreeRTOS_kernel/libfreertos_kernel.a(tasks.c.obj)
 .debug_frame   0x00001ad8      0x48c FreeRTOS_kernel/libfreertos_kernel.a(timers.c.obj)
 .debug_frame   0x00001f64      0x18c FreeRTOS_kernel/libfreertos_kernel.a(heap_4.c.obj)
 .debug_frame   0x000020f0       0xd8 FreeRTOS_kernel/libfreertos_kernel.a(list.c.obj)
 .debug_frame   0x000021c8       0x2c /usr/lib/gcc/arm-none-eabi/13.2.1/thumb/v7-m/nofp/libgcc.a(_aeabi_uldivmod.o)
 .debug_frame   0x000021f4       0x34 /usr/lib/gcc/arm-none-eabi/13.2.1/thumb/v7-m/nofp/libgcc.a(_udivmoddi4.o)
 .debug_frame   0x00002228       0x80 /usr/lib/gcc/arm-none-eabi/13.2.1/../../../arm-none-eabi/lib/thumb/v7-m/nofp/libg_nano.a(libc_a-sprintf.o)
 .debug_frame   0x000022a8       0x48 /usr/lib/gcc/arm-none-eabi/13.2.1/../../../arm-none-eabi/lib/thumb/v7-m/nofp/libg_nano.a(libc_a-rand.o)
 .debug_frame   0x000022f0       0x40 /usr/lib/gcc/arm-none-eabi/13.2.1/../../../arm-none-eabi/lib/thumb/v7-m/nofp/libg_nano.a(libc_a-assert.o)
 .debug_frame   0x00002330       0x20 /usr/lib/gcc/arm-none-eabi/13.2.1/../../../arm-none-eabi/lib/thumb/v7-m/nofp/libg_nano.a(libc_a-strlen-stub.o)
 .debug_frame   0x00002350       0x20 /usr/lib/gcc/arm-none-eabi/13.2.1/../../../arm-none-eabi/lib/thumb/v7-m/nofp/libg_nano.a(libc_a-strcpy.o)
 .debug_frame   0x00002370       0x98 /usr/lib/gcc/arm-none-eabi/13.2.1/../../../arm-none-eabi/lib/thumb/v7-m/nofp/libg_nano.a(libc_a-nano-svfprintf.o)
 .debug_frame   0x00002408       0x28 /usr/lib/gcc/arm-none-eabi/13.2.1/../../../arm-none-eabi/lib/thumb/v7-m/nofp/libg_nano.a(libc_a-abort.o)
 .debug_frame   0x00002430       0x2c /usr/lib/gcc/arm-none-eabi/13.2.1/../../../arm-none-eabi/lib/thumb/v7-m/nofp/libg_nano.a(libc_a-memset.o)
 .debug_frame   0x0000245c       0x30 /usr/lib/gcc/arm-none-eabi/13.2.1/../../../arm-none-eabi/lib/thumb/v7-m/nofp/libg_nano.a(libc_a-putchar.o)
 .debug_frame   0x0000248c       0x20 /usr/lib/gcc/arm-none-eabi/13.2.1/../../../arm-none-eabi/lib/thumb/v7-m/nofp/libg_nano.a(libc_a-errno.o)
 .debug_frame   0x000024ac       0x50 /usr/lib/gcc/arm-none-eabi/13.2.1/../../../arm-none-eabi/lib/thumb/v7-m/nofp/libg_nano.a(libc_a-mallocr.o)
 .debug_frame   0x000024fc       0x58 /usr/lib/gcc/arm-none-eabi/13.2.1/../../../arm-none-eabi/lib/thumb/v7-m/nofp/libg_nano.a(libc_a-freer.o)
 .debug_frame   0x00002554       0x40 /usr/lib/gcc/arm-none-eabi/13.2.1/../../../arm-none-eabi/lib/thumb/v7-m/nofp/libg_nano.a(libc_a-memmove.o)
 .debug_frame   0x00002594       0x30 /usr/lib/gcc/arm-none-eabi/13.2.1/../../../arm-none-eabi/lib/thumb/v7-m/nofp/libg_nano.a(libc_a-malloc.o)
 .debug_frame   0x000025c4       0x68 /usr/lib/gcc/arm-none-eabi/13.2.1/../../../arm-none-eabi/lib/thumb/v7-m/nofp/libg_nano.a(libc_a-putc.o)
 .debug_frame   0x0000262c       0x6c /usr/lib/gcc/arm-none-eabi/13.2.1/../../../arm-none-eabi/lib/thumb/v7-m/nofp/libg_nano.a(libc_a-fprintf.o)
 .debug_frame   0x00002698       0x38 /usr/lib/gcc/arm-none-eabi/13.2.1/../../../arm-none-eabi/lib/thumb/v7-m/nofp/libg_nano.a(libc_a-reallocr.o)
 .debug_frame   0x000026d0       0x6c /usr/lib/gcc/arm-none-eabi/13.2.1/../../../arm-none-eabi/lib/thumb/v7-m/nofp/libg_nano.a(libc_a-nano-vfprintf_i.o)
 .debug_frame   0x0000273c       0x30 /usr/lib/gcc/arm-none-eabi/13.2.1/../../../arm-none-eabi/lib/thumb/v7-m/nofp/libg_nano.a(libc_a-mlock.o)
 .debug_frame   0x0000276c       0x2c /usr/lib/gcc/arm-none-eabi/13.2.1/../../../arm-none-eabi/lib/thumb/v7-m/nofp/libg_nano.a(libc_a-memchr-stub.o)
 .debug_frame   0x00002798       0x94 /usr/lib/gcc/arm-none-eabi/13.2.1/../../../arm-none-eabi/lib/thumb/v7-m/nofp/libg_nano.a(libc_a-snprintf.o)